Component: ARM Compiler 5.05 update 1 (build 106) Tool: armlink [4d0efa]

==============================================================================

Section Cross References

    main.o(i.LCD_showDateTime) refers to ssd1289.o(i.LCD_Clear_P) for LCD_Clear_P
    main.o(i.LCD_showDateTime) refers to ssd1289.o(i.LCD_CharSize) for LCD_CharSize
    main.o(i.LCD_showDateTime) refers to printfa.o(i.__0sprintf) for __2sprintf
    main.o(i.LCD_showDateTime) refers to ssd1289.o(i.LCD_StringLine) for LCD_StringLine
    main.o(i.LCD_showDateTime) refers to main.o(.data) for time
    main.o(i.LCD_showDateTime) refers to main.o(.bss) for sbuff
    main.o(i.LCD_showUpdate) refers to ssd1289.o(i.LCD_Clear_P) for LCD_Clear_P
    main.o(i.LCD_showUpdate) refers to ssd1289.o(i.LCD_CharSize) for LCD_CharSize
    main.o(i.LCD_showUpdate) refers to ssd1289.o(i.LCD_SetTextColor) for LCD_SetTextColor
    main.o(i.LCD_showUpdate) refers to printfa.o(i.__0sprintf) for __2sprintf
    main.o(i.LCD_showUpdate) refers to ssd1289.o(i.LCD_StringLine) for LCD_StringLine
    main.o(i.LCD_showUpdate) refers to f2d.o(.text) for __aeabi_f2d
    main.o(i.LCD_showUpdate) refers to main.o(i.showDefaultLCD) for showDefaultLCD
    main.o(i.LCD_showUpdate) refers to main.o(.bss) for WthFor
    main.o(i.initMain) refers to system_stm32f4xx_1.o(i.SystemInit) for SystemInit
    main.o(i.initMain) refers to tm_stm32f4_disco.o(i.TM_DISCO_LedInit) for TM_DISCO_LedInit
    main.o(i.initMain) refers to tm_stm32f4_delay.o(i.TM_DELAY_Init) for TM_DELAY_Init
    main.o(i.initMain) refers to ssd1289.o(i.LCD_Init) for LCD_Init
    main.o(i.initMain) refers to nrf24l01.o(i.setRF) for setRF
    main.o(i.initMain) refers to fuzzy.o(i.fuzzy_init_lwf) for fuzzy_init_lwf
    main.o(i.initMain) refers to ssd1289.o(i.LCD_Clear) for LCD_Clear
    main.o(i.initMain) refers to main.o(i.resetLcd) for resetLcd
    main.o(i.initMain) refers to main.o(i.showDefaultLCD) for showDefaultLCD
    main.o(i.initMain) refers to memcpya.o(.text) for __aeabi_memcpy4
    main.o(i.initMain) refers to main.o(i.ResetWeather) for ResetWeather
    main.o(i.initMain) refers to tm_stm32f4_ds1307.o(i.TM_DS1307_Init) for TM_DS1307_Init
    main.o(i.initMain) refers to main.o(.bss) for fuzzy_system_lwf
    main.o(i.initTask) refers to tasks.o(i.xTaskGenericCreate) for xTaskGenericCreate
    main.o(i.initTask) refers to main.o(.data) for ptr_readRf
    main.o(i.initTask) refers to main.o(i.vDA2_readRf) for vDA2_readRf
    main.o(i.initTask) refers to main.o(i.vDA2_Fuzzy) for vDA2_Fuzzy
    main.o(i.initTask) refers to main.o(i.vDA2_readRTC) for vDA2_readRTC
    main.o(i.main) refers to main.o(i.initMain) for initMain
    main.o(i.main) refers to main.o(i.initTask) for initTask
    main.o(i.main) refers to tasks.o(i.vTaskStartScheduler) for vTaskStartScheduler
    main.o(i.pushPresDownArray) refers to main.o(.bss) for PresDownArray
    main.o(i.resetLcd) refers to tm_stm32f4_ds1307.o(i.TM_DS1307_GetDateTime) for TM_DS1307_GetDateTime
    main.o(i.resetLcd) refers to ssd1289.o(i.LCD_CharSize) for LCD_CharSize
    main.o(i.resetLcd) refers to ssd1289.o(i.LCD_SetTextColor) for LCD_SetTextColor
    main.o(i.resetLcd) refers to printfa.o(i.__0sprintf) for __2sprintf
    main.o(i.resetLcd) refers to ssd1289.o(i.LCD_StringLine) for LCD_StringLine
    main.o(i.resetLcd) refers to f2d.o(.text) for __aeabi_f2d
    main.o(i.resetLcd) refers to main.o(.data) for time
    main.o(i.resetLcd) refers to main.o(.bss) for sbuff
    main.o(i.showDefaultLCD) refers to ssd1289.o(i.LCD_SetBackColor) for LCD_SetBackColor
    main.o(i.showDefaultLCD) refers to ssd1289.o(i.LCD_SetTextColor) for LCD_SetTextColor
    main.o(i.showDefaultLCD) refers to ssd1289.o(i.LCD_CharSize) for LCD_CharSize
    main.o(i.showDefaultLCD) refers to ssd1289.o(i.LCD_StringLine) for LCD_StringLine
    main.o(i.vDA2_Fuzzy) refers to tasks.o(i.vTaskDelay) for vTaskDelay
    main.o(i.vDA2_Fuzzy) refers to fuzzy.o(i.percentMonth) for percentMonth
    main.o(i.vDA2_Fuzzy) refers to fuzzy.o(i.percentDay) for percentDay
    main.o(i.vDA2_Fuzzy) refers to cdcmple.o(.text) for __aeabi_cdcmpeq
    main.o(i.vDA2_Fuzzy) refers to dflti.o(.text) for __aeabi_i2d
    main.o(i.vDA2_Fuzzy) refers to dadd.o(.text) for __aeabi_dsub
    main.o(i.vDA2_Fuzzy) refers to ddiv.o(.text) for __aeabi_ddiv
    main.o(i.vDA2_Fuzzy) refers to dmul.o(.text) for __aeabi_dmul
    main.o(i.vDA2_Fuzzy) refers to d2f.o(.text) for __aeabi_d2f
    main.o(i.vDA2_Fuzzy) refers to main.o(i.pushPresDownArray) for pushPresDownArray
    main.o(i.vDA2_Fuzzy) refers to f2d.o(.text) for __aeabi_f2d
    main.o(i.vDA2_Fuzzy) refers to fuzzy.o(i.fuzzy_control_lwf) for fuzzy_control_lwf
    main.o(i.vDA2_Fuzzy) refers to tasks.o(i.vTaskResume) for vTaskResume
    main.o(i.vDA2_Fuzzy) refers to tasks.o(i.vTaskSuspend) for vTaskSuspend
    main.o(i.vDA2_Fuzzy) refers to main.o(.data) for time
    main.o(i.vDA2_Fuzzy) refers to main.o(.bss) for WthFor
[...]
    prvUnlockQueue                           0x08004d9f   Thumb Code   126  queue.o(i.prvUnlockQueue)
    i.pushPresDownArray                      0x08004e1c   Section        0  main.o(i.pushPresDownArray)
    i.pvPortMalloc                           0x08004e7c   Section        0  heap_2.o(i.pvPortMalloc)
    i.pxPortInitialiseStack                  0x08004f34   Section        0  port.o(i.pxPortInitialiseStack)
    i.resetLcd                               0x08004f54   Section        0  main.o(i.resetLcd)
    i.rightall                               0x0800516c   Section        0  fuzzy.o(i.rightall)
    i.setRF                                  0x080051b8   Section        0  nrf24l01.o(i.setRF)
    i.showDefaultLCD                         0x080051e0   Section        0  main.o(i.showDefaultLCD)
    i.triangle                               0x08005280   Section        0  fuzzy.o(i.triangle)
    i.uxListRemove                           0x080052f8   Section        0  list.o(i.uxListRemove)
    i.vDA2_Fuzzy                             0x08005320   Section        0  main.o(i.vDA2_Fuzzy)
    vDA2_Fuzzy                               0x08005321   Thumb Code   438  main.o(i.vDA2_Fuzzy)
    i.vDA2_readRTC                           0x08005538   Section        0  main.o(i.vDA2_readRTC)
    vDA2_readRTC                             0x08005539   Thumb Code    20  main.o(i.vDA2_readRTC)
    i.vDA2_readRf                            0x08005550   Section        0  main.o(i.vDA2_readRf)
    vDA2_readRf                              0x08005551   Thumb Code   150  main.o(i.vDA2_readRf)
    i.vListInitialise                        0x08005610   Section        0  list.o(i.vListInitialise)
    i.vListInitialiseItem                    0x0800562a   Section        0  list.o(i.vListInitialiseItem)
    i.vListInsert                            0x08005630   Section        0  list.o(i.vListInsert)
    i.vListInsertEnd                         0x08005664   Section        0  list.o(i.vListInsertEnd)
    i.vPortEnterCritical                     0x0800567c   Section        0  port.o(i.vPortEnterCritical)
    i.vPortExitCritical                      0x0800569c   Section        0  port.o(i.vPortExitCritical)
    i.vPortFree                              0x080056bc   Section        0  heap_2.o(i.vPortFree)
    i.vPortSetupTimerInterrupt               0x080056fc   Section        0  port.o(i.vPortSetupTimerInterrupt)
    i.vPortSuppressTicksAndSleep             0x08005758   Section        0  port.o(i.vPortSuppressTicksAndSleep)
    i.vPortValidateInterruptPriority         0x08005858   Section        0  port.o(i.vPortValidateInterruptPriority)
    i.vPortYield                             0x080058b4   Section        0  port.o(i.vPortYield)
    i.vQueueWaitForMessageRestricted         0x080058cc   Section        0  queue.o(i.vQueueWaitForMessageRestricted)
    i.vTaskDelay                             0x08005908   Section        0  tasks.o(i.vTaskDelay)
    i.vTaskMissedYield                       0x08005940   Section        0  tasks.o(i.vTaskMissedYield)
    i.vTaskPlaceOnEventList                  0x0800594c   Section        0  tasks.o(i.vTaskPlaceOnEventList)
    i.vTaskPlaceOnEventListRestricted        0x080059a0   Section        0  tasks.o(i.vTaskPlaceOnEventListRestricted)
    i.vTaskPriorityDisinherit                0x080059dc   Section        0  tasks.o(i.vTaskPriorityDisinherit)
    i.vTaskPriorityInherit                   0x08005a2c   Section        0  tasks.o(i.vTaskPriorityInherit)
    i.vTaskResume                            0x08005ab0   Section        0  tasks.o(i.vTaskResume)
    i.vTaskSetTimeOutState                   0x08005b24   Section        0  tasks.o(i.vTaskSetTimeOutState)
    i.vTaskStartScheduler                    0x08005b48   Section        0  tasks.o(i.vTaskStartScheduler)
    i.vTaskStepTick                          0x08005ba8   Section        0  tasks.o(i.vTaskStepTick)
    i.vTaskSuspend                           0x08005be0   Section        0  tasks.o(i.vTaskSuspend)
    i.vTaskSuspendAll                        0x08005c50   Section        0  tasks.o(i.vTaskSuspendAll)
    i.vTaskSwitchContext                     0x08005c60   Section        0  tasks.o(i.vTaskSwitchContext)
    i.xPortStartScheduler                    0x08005ce8   Section        0  port.o(i.xPortStartScheduler)
    i.xQueueGenericCreate                    0x08005d9c   Section        0  queue.o(i.xQueueGenericCreate)
    i.xQueueGenericReceive                   0x08005df2   Section        0  queue.o(i.xQueueGenericReceive)
    i.xQueueGenericReset                     0x08005f32   Section        0  queue.o(i.xQueueGenericReset)
    i.xQueueGenericSend                      0x08005faa   Section        0  queue.o(i.xQueueGenericSend)
    i.xQueueGenericSendFromISR               0x080060c4   Section        0  queue.o(i.xQueueGenericSendFromISR)
    i.xTaskCheckForTimeOut                   0x08006170   Section        0  tasks.o(i.xTaskCheckForTimeOut)
    i.xTaskGenericCreate                     0x080061e4   Section        0  tasks.o(i.xTaskGenericCreate)
    i.xTaskGetCurrentTaskHandle              0x08006314   Section        0  tasks.o(i.xTaskGetCurrentTaskHandle)
    i.xTaskGetSchedulerState                 0x08006320   Section        0  tasks.o(i.xTaskGetSchedulerState)
    i.xTaskGetTickCount                      0x08006340   Section        0  tasks.o(i.xTaskGetTickCount)
    i.xTaskIncrementTick                     0x08006358   Section        0  tasks.o(i.xTaskIncrementTick)
    i.xTaskIsTaskSuspended                   0x080064a8   Section        0  tasks.o(i.xTaskIsTaskSuspended)
    i.xTaskRemoveFromEventList               0x080064f4   Section        0  tasks.o(i.xTaskRemoveFromEventList)
    i.xTaskResumeAll                         0x08006574   Section        0  tasks.o(i.xTaskResumeAll)
    i.xTimerCreateTimerTask                  0x08006660   Section        0  timers.o(i.xTimerCreateTimerTask)
    i.xTimerGenericCommand                   0x080066ac   Section        0  timers.o(i.xTimerGenericCommand)
    .constdata                               0x08006714   Section    10260  asciilib.o(.constdata)
    ASCII8x16                                0x080078e4   Data        1520  asciilib.o(.constdata)
    ASCII8x12                                0x080087bc   Data        1140  asciilib.o(.constdata)
    ASCII8x8                                 0x08008c30   Data         760  asciilib.o(.constdata)
    .conststring                             0x08008f28   Section      201  main.o(.conststring)
    .data                                    0x20000000   Section      452  main.o(.data)
    LWF_Fuzzy                                0x20000000   Data         288  main.o(.data)
    pipe_check                               0x200001a0   Data           1  main.o(.data)
    .data                                    0x200001c4   Section       20  system_stm32f4xx_1.o(.data)
    .data                                    0x200001d8   Section       16  stm32f4xx_rcc.o(.data)
    APBAHBPrescTable                         0x200001d8   Data          16  stm32f4xx_rcc.o(.data)
    .data                                    0x200001e8   Section       16  ssd1289.o(.data)
    .data                                    0x200001f8   Section        4  tm_stm32f4_nrf24l01.o(.data)
    TM_NRF24L01_Struct                       0x200001f8   Data           4  tm_stm32f4_nrf24l01.o(.data)
    .data                                    0x200001fc   Section       16  tm_stm32f4_i2c.o(.data)
    TM_I2C_Timeout                           0x200001fc   Data           4  tm_stm32f4_i2c.o(.data)
    TM_I2C_INT_Clocks                        0x20000200   Data          12  tm_stm32f4_i2c.o(.data)
    .data                                    0x2000020c   Section       17  tm_stm32f4_delay.o(.data)
    .data                                    0x20000220   Section       96  tm_stm32f4_usart.o(.data)
    .data                                    0x20000280   Section      288  fuzzy.o(.data)
    LWF_Fuzzy                                0x20000280   Data         288  fuzzy.o(.data)
    .data                                    0x200003a0   Section       52  tasks.o(.data)
    pxDelayedTaskList                        0x200003a4   Data           4  tasks.o(.data)
    pxOverflowDelayedTaskList                0x200003a8   Data           4  tasks.o(.data)
    uxCurrentNumberOfTasks                   0x200003ac   Data           4  tasks.o(.data)
    xTickCount                               0x200003b0   Data           4  tasks.o(.data)
    uxTopReadyPriority                       0x200003b4   Data           4  tasks.o(.data)
    xSchedulerRunning                        0x200003b8   Data           4  tasks.o(.data)
    uxSchedulerSuspended                     0x200003bc   Data           4  tasks.o(.data)
    uxPendedTicks                            0x200003c0   Data           4  tasks.o(.data)
    xYieldPending                            0x200003c4   Data           4  tasks.o(.data)
    xNumOfOverflows                          0x200003c8   Data           4  tasks.o(.data)
    uxTaskNumber                             0x200003cc   Data           4  tasks.o(.data)
    xNextTaskUnblockTime                     0x200003d0   Data           4  tasks.o(.data)
    .data                                    0x200003d4   Section       24  port.o(.data)
    uxCriticalNesting                        0x200003d4   Data           4  port.o(.data)
    ulTimerCountsForOneTick                  0x200003d8   Data           4  port.o(.data)
    xMaximumPossibleSuppressedTicks          0x200003dc   Data           4  port.o(.data)
    ulStoppedTimerCompensation               0x200003e0   Data           4  port.o(.data)
    ucMaxSysCallPriority                     0x200003e4   Data           1  port.o(.data)
    ulMaxPRIGROUPValue                       0x200003e8   Data           4  port.o(.data)
    .data                                    0x200003ec   Section       24  heap_2.o(.data)
    xStart                                   0x200003ec   Data           8  heap_2.o(.data)
    xEnd                                     0x200003f4   Data           8  heap_2.o(.data)
    xFreeBytesRemaining                      0x200003fc   Data           4  heap_2.o(.data)
    xHeapHasBeenInitialised                  0x20000400   Data           4  heap_2.o(.data)
    .data                                    0x20000404   Section       16  timers.o(.data)
    pxCurrentTimerList                       0x20000404   Data           4  timers.o(.data)
    pxOverflowTimerList                      0x20000408   Data           4  timers.o(.data)
    xTimerQueue                              0x2000040c   Data           4  timers.o(.data)
    xLastTime                                0x20000410   Data           4  timers.o(.data)
    .data                                    0x20000414   Section       29  nrf24l01.o(.data)
    .data                                    0x20000434   Section        4  stdout.o(.data)
    .data                                    0x20000438   Section        4  mvars.o(.data)
    .data                                    0x2000043c   Section        4  mvars.o(.data)
    .bss                                     0x20000440   Section      552  main.o(.bss)
    .bss                                     0x20000668   Section       22  tm_stm32f4_gpio.o(.bss)
    GPIO_UsedPins                            0x20000668   Data          22  tm_stm32f4_gpio.o(.bss)
    .bss                                     0x20000680   Section       24  tm_stm32f4_delay.o(.bss)
    CustomTimers                             0x20000680   Data          24  tm_stm32f4_delay.o(.bss)
    .bss                                     0x20000698   Section      192  tm_stm32f4_usart.o(.bss)
    .bss                                     0x20000758   Section      180  tasks.o(.bss)
    pxReadyTasksLists                        0x20000758   Data         100  tasks.o(.bss)
    xDelayedTaskList1                        0x200007bc   Data          20  tasks.o(.bss)
    xDelayedTaskList2                        0x200007d0   Data          20  tasks.o(.bss)
    xPendingReadyList                        0x200007e4   Data          20  tasks.o(.bss)
    xSuspendedTaskList                       0x200007f8   Data          20  tasks.o(.bss)
    .bss                                     0x2000080c   Section    76800  heap_2.o(.bss)
    ucHeap                                   0x2000080c   Data       76800  heap_2.o(.bss)
    .bss                                     0x2001340c   Section       40  timers.o(.bss)
    xActiveTimerList1                        0x2001340c   Data          20  timers.o(.bss)
    xActiveTimerList2                        0x20013420   Data          20  timers.o(.bss)
    .bss                                     0x20013434   Section       64  nrf24l01.o(.bss)
    HEAP                                     0x20013478   Section      512  startup_stm32f40_41xxx.o(HEAP)
    STACK                                    0x20013678   Section     1024  startup_stm32f40_41xxx.o(STACK)

    Global Symbols

    Symbol Name                              Value     Ov Type        Size  Object(Section)

    BuildAttributes$$THM_ISAv4$E$P$D$K$B$S$7EM$VFPi3$EXTD16$VFPS$VFMA$PE$A:L22UL41UL21$X:L11$S22US41US21$IEEE1$IW$USESV6$~STKCKD$USESV7$~SHL$OTIME$ROPI$EBA8$MICROLIB$REQ8$PRES8$EABIv2 0x00000000   Number         0  anon$$obj.o ABSOLUTE
    __ARM_use_no_argv                        0x00000000   Number         0  main.o ABSOLUTE
    _printf_a                                0x00000000   Number         0  stubs.o ABSOLUTE
    _printf_c                                0x00000000   Number         0  stubs.o ABSOLUTE
    _printf_charcount                        0x00000000   Number         0  stubs.o ABSOLUTE
    _printf_d                                0x00000000   Number         0  stubs.o ABSOLUTE
    _printf_e                                0x00000000   Number         0  stubs.o ABSOLUTE
    _printf_f                                0x00000000   Number         0  stubs.o ABSOLUTE
    _printf_flags                            0x00000000   Number         0  stubs.o ABSOLUTE
    _printf_fp_dec                           0x00000000   Number         0  stubs.o ABSOLUTE
    _printf_fp_hex                           0x00000000   Number         0  stubs.o ABSOLUTE
    _printf_g                                0x00000000   Number         0  stubs.o ABSOLUTE
    _printf_i                                0x00000000   Number         0  stubs.o ABSOLUTE
    _printf_int_dec                          0x00000000   Number         0  stubs.o ABSOLUTE
    _printf_l                                0x00000000   Number         0  stubs.o ABSOLUTE
    _printf_lc                               0x00000000   Number         0  stubs.o ABSOLUTE
    _printf_ll                               0x00000000   Number         0  stubs.o ABSOLUTE
    _printf_lld                              0x00000000   Number         0  stubs.o ABSOLUTE
    _printf_lli                              0x00000000   Number         0  stubs.o ABSOLUTE
    _printf_llo                              0x00000000   Number         0  stubs.o ABSOLUTE
    _printf_llu                              0x00000000   Number         0  stubs.o ABSOLUTE
    _printf_llx                              0x00000000   Number         0  stubs.o ABSOLUTE
    _printf_longlong_dec                     0x00000000   Number         0  stubs.o ABSOLUTE
    _printf_longlong_hex                     0x00000000   Number         0  stubs.o ABSOLUTE
    _printf_longlong_oct                     0x00000000   Number         0  stubs.o ABSOLUTE
    _printf_ls                               0x00000000   Number         0  stubs.o ABSOLUTE
    _printf_mbtowc                           0x00000000   Number         0  stubs.o ABSOLUTE
    _printf_n                                0x00000000   Number         0  stubs.o ABSOLUTE
    _printf_o                                0x00000000   Number         0  stubs.o ABSOLUTE
    _printf_p                                0x00000000   Number         0  stubs.o ABSOLUTE
    _printf_percent                          0x00000000   Number         0  stubs.o ABSOLUTE
    _printf_pre_padding                      0x00000000   Number         0  stubs.o ABSOLUTE
    _printf_return_value                     0x00000000   Number         0  stubs.o ABSOLUTE
    _printf_s                                0x00000000   Number         0  stubs.o ABSOLUTE
    _printf_sizespec                         0x00000000   Number         0  stubs.o ABSOLUTE
    _printf_str                              0x00000000   Number         0  stubs.o ABSOLUTE
    _printf_truncate_signed                  0x00000000   Number         0  stubs.o ABSOLUTE
    _printf_truncate_unsigned                0x00000000   Number         0  stubs.o ABSOLUTE
    _printf_u                                0x00000000   Number         0  stubs.o ABSOLUTE
    _printf_wc                               0x00000000   Number         0  stubs.o ABSOLUTE
    _printf_wctomb                           0x00000000   Number         0  stubs.o ABSOLUTE
    _printf_widthprec                        0x00000000   Number         0  stubs.o ABSOLUTE
    _printf_x                                0x00000000   Number         0  stubs.o ABSOLUTE
    TM_DELAY_1msHandler                       - Undefined Weak Reference
    __cpp_initialize__aeabi_                  - Undefined Weak Reference
    __cxa_finalize                            - Undefined Weak Reference
    _clock_init                               - Undefined Weak Reference
    _microlib_exit                            - Undefined Weak Reference
    __Vectors_Size                           0x00000188   Number         0  startup_stm32f40_41xxx.o ABSOLUTE
    __Vectors                                0x08000000   Data           4  startup_stm32f40_41xxx.o(RESET)
    __Vectors_End                            0x08000188   Data           0  startup_stm32f40_41xxx.o(RESET)
    __main                                   0x08000189   Thumb Code     0  entry.o(.ARM.Collect$$$$00000000)
    _main_stk                                0x08000189   Thumb Code     0  entry2.o(.ARM.Collect$$$$00000001)
    _main_scatterload                        0x0800018d   Thumb Code     0  entry5.o(.ARM.Collect$$$$00000004)
    __main_after_scatterload                 0x08000191   Thumb Code     0  entry5.o(.ARM.Collect$$$$00000004)
    _main_clock                              0x08000191   Thumb Code     0  entry7b.o(.ARM.Collect$$$$00000008)
    _main_cpp_init                           0x08000191   Thumb Code     0  entry8b.o(.ARM.Collect$$$$0000000A)
    _main_init                               0x08000191   Thumb Code     0  entry9a.o(.ARM.Collect$$$$0000000B)
    __rt_final_cpp                           0x08000199   Thumb Code     0  entry10a.o(.ARM.Collect$$$$0000000D)
    __rt_final_exit                          0x08000199   Thumb Code     0  entry11a.o(.ARM.Collect$$$$0000000F)
    SVC_Handler                              0x0800019d   Thumb Code    24  port.o(.emb_text)
    __asm___6_port_c_39a90d8d__prvStartFirstTask 0x080001b9   Thumb Code    16  port.o(.emb_text)
    __asm___6_port_c_39a90d8d__prvEnableVFP  0x080001cd   Thumb Code    16  port.o(.emb_text)
    PendSV_Handler                           0x080001e1   Thumb Code    76  port.o(.emb_text)
    ulPortSetInterruptMask                   0x08000231   Thumb Code    14  port.o(.emb_text)
    vPortClearInterruptMask                  0x0800023f   Thumb Code     6  port.o(.emb_text)
    vPortGetIPSR                             0x08000245   Thumb Code     6  port.o(.emb_text)
    Reset_Handler                            0x0800024d   Thumb Code     8  startup_stm32f40_41xxx.o(.text)
    ADC_IRQHandler                           0x08000267   Thumb Code     0  startup_stm32f40_41xxx.o(.text)
    CAN1_RX0_IRQHandler                      0x08000267   Thumb Code     0  startup_stm32f40_41xxx.o(.text)
    CAN1_RX1_IRQHandler                      0x08000267   Thumb Code     0  startup_stm32f40_41xxx.o(.text)
    CAN1_SCE_IRQHandler                      0x08000267   Thumb Code     0  startup_stm32f40_41xxx.o(.text)
    CAN1_TX_IRQHandler                       0x08000267   Thumb Code     0  startup_stm32f40_41xxx.o(.text)
    CAN2_RX0_IRQHandler                      0x08000267   Thumb Code     0  startup_stm32f40_41xxx.o(.text)
    CAN2_RX1_IRQHandler                      0x08000267   Thumb Code     0  startup_stm32f40_41xxx.o(.text)
    CAN2_SCE_IRQHandler                      0x08000267   Thumb Code     0  startup_stm32f40_41xxx.o(.text)
    CAN2_TX_IRQHandler                       0x08000267   Thumb Code     0  startup_stm32f40_41xxx.o(.text)
    CRYP_IRQHandler                          0x08000267   Thumb Code     0  startup_stm32f40_41xxx.o(.text)
    DCMI_IRQHandler                          0x08000267   Thumb Code     0  startup_stm32f40_41xxx.o(.text)
    DMA1_Stream0_IRQHandler                  0x08000267   Thumb Code     0  startup_stm32f40_41xxx.o(.text)
    DMA1_Stream1_IRQHandler                  0x08000267   Thumb Code     0  startup_stm32f40_41xxx.o(.text)
    DMA1_Stream2_IRQHandler                  0x08000267   Thumb Code     0  startup_stm32f40_41xxx.o(.text)
    DMA1_Stream3_IRQHandler                  0x08000267   Thumb Code     0  startup_stm32f40_41xxx.o(.text)
    DMA1_Stream4_IRQHandler                  0x08000267   Thumb Code     0  startup_stm32f40_41xxx.o(.text)
    DMA1_Stream5_IRQHandler                  0x08000267   Thumb Code     0  startup_stm32f40_41xxx.o(.text)
    DMA1_Stream6_IRQHandler                  0x08000267   Thumb Code     0  startup_stm32f40_41xxx.o(.text)
    DMA1_Stream7_IRQHandler                  0x08000267   Thumb Code     0  startup_stm32f40_41xxx.o(.text)
    DMA2_Stream0_IRQHandler                  0x08000267   Thumb Code     0  startup_stm32f40_41xxx.o(.text)
    DMA2_Stream1_IRQHandler                  0x08000267   Thumb Code     0  startup_stm32f40_41xxx.o(.text)
    DMA2_Stream2_IRQHandler                  0x08000267   Thumb Code     0  startup_stm32f40_41xxx.o(.text)
    DMA2_Stream3_IRQHandler                  0x08000267   Thumb Code     0  startup_stm32f40_41xxx.o(.text)
    DMA2_Stream4_IRQHandler                  0x08000267   Thumb Code     0  startup_stm32f40_41xxx.o(.text)
    DMA2_Stream5_IRQHandler                  0x08000267   Thumb Code     0  startup_stm32f40_41xxx.o(.text)
    DMA2_Stream6_IRQHandler                  0x08000267   Thumb Code     0  startup_stm32f40_41xxx.o(.text)
    DMA2_Stream7_IRQHandler                  0x08000267   Thumb Code     0  startup_stm32f40_41xxx.o(.text)
    ETH_IRQHandler                           0x08000267   Thumb Code     0  startup_stm32f40_41xxx.o(.text)
    ETH_WKUP_IRQHandler                      0x08000267   Thumb Code     0  startup_stm32f40_41xxx.o(.text)
    EXTI0_IRQHandler                         0x08000267   Thumb Code     0  startup_stm32f40_41xxx.o(.text)
    EXTI15_10_IRQHandler                     0x08000267   Thumb Code     0  startup_stm32f40_41xxx.o(.text)
    EXTI1_IRQHandler                         0x08000267   Thumb Code     0  startup_stm32f40_41xxx.o(.text)
    EXTI2_IRQHandler                         0x08000267   Thumb Code     0  startup_stm32f40_41xxx.o(.text)
    EXTI3_IRQHandler                         0x08000267   Thumb Code     0  startup_stm32f40_41xxx.o(.text)
    EXTI4_IRQHandler                         0x08000267   Thumb Code     0  startup_stm32f40_41xxx.o(.text)
    EXTI9_5_IRQHandler                       0x08000267   Thumb Code     0  startup_stm32f40_41xxx.o(.text)
    FLASH_IRQHandler                         0x08000267   Thumb Code     0  startup_stm32f40_41xxx.o(.text)
    FPU_IRQHandler                           0x08000267   Thumb Code     0  startup_stm32f40_41xxx.o(.text)
    FSMC_IRQHandler                          0x08000267   Thumb Code     0  startup_stm32f40_41xxx.o(.text)
    HASH_RNG_IRQHandler                      0x08000267   Thumb Code     0  startup_stm32f40_41xxx.o(.text)
    I2C1_ER_IRQHandler                       0x08000267   Thumb Code     0  startup_stm32f40_41xxx.o(.text)
    I2C1_EV_IRQHandler                       0x08000267   Thumb Code     0  startup_stm32f40_41xxx.o(.text)
    I2C2_ER_IRQHandler                       0x08000267   Thumb Code     0  startup_stm32f40_41xxx.o(.text)
    I2C2_EV_IRQHandler                       0x08000267   Thumb Code     0  startup_stm32f40_41xxx.o(.text)
    I2C3_ER_IRQHandler                       0x08000267   Thumb Code     0  startup_stm32f40_41xxx.o(.text)
    I2C3_EV_IRQHandler                       0x08000267   Thumb Code     0  startup_stm32f40_41xxx.o(.text)
    OTG_FS_IRQHandler                        0x08000267   Thumb Code     0  startup_stm32f40_41xxx.o(.text)
    OTG_FS_WKUP_IRQHandler                   0x08000267   Thumb Code     0  startup_stm32f40_41xxx.o(.text)
    OTG_HS_EP1_IN_IRQHandler                 0x08000267   Thumb Code     0  startup_stm32f40_41xxx.o(.text)
    OTG_HS_EP1_OUT_IRQHandler                0x08000267   Thumb Code     0  startup_stm32f40_41xxx.o(.text)
    OTG_HS_IRQHandler                        0x08000267   Thumb Code     0  startup_stm32f40_41xxx.o(.text)
    OTG_HS_WKUP_IRQHandler                   0x08000267   Thumb Code     0  startup_stm32f40_41xxx.o(.text)
    PVD_IRQHandler                           0x08000267   Thumb Code     0  startup_stm32f40_41xxx.o(.text)
    RCC_IRQHandler                           0x08000267   Thumb Code     0  startup_stm32f40_41xxx.o(.text)
    SDIO_IRQHandler                          0x08000267   Thumb Code     0  startup_stm32f40_41xxx.o(.text)
    SPI1_IRQHandler                          0x08000267   Thumb Code     0  startup_stm32f40_41xxx.o(.text)
    SPI2_IRQHandler                          0x08000267   Thumb Code     0  startup_stm32f40_41xxx.o(.text)
    SPI3_IRQHandler                          0x08000267   Thumb Code     0  startup_stm32f40_41xxx.o(.text)
    TAMP_STAMP_IRQHandler                    0x08000267   Thumb Code     0  startup_stm32f40_41xxx.o(.text)
    TIM1_BRK_TIM9_IRQHandler                 0x08000267   Thumb Code     0  startup_stm32f40_41xxx.o(.text)
    TIM1_CC_IRQHandler                       0x08000267   Thumb Code     0  startup_stm32f40_41xxx.o(.text)
    TIM1_TRG_COM_TIM11_IRQHandler            0x08000267   Thumb Code     0  startup_stm32f40_41xxx.o(.text)
    TIM1_UP_TIM10_IRQHandler                 0x08000267   Thumb Code     0  startup_stm32f40_41xxx.o(.text)
    TIM3_IRQHandler                          0x08000267   Thumb Code     0  startup_stm32f40_41xxx.o(.text)
    TIM4_IRQHandler                          0x08000267   Thumb Code     0  startup_stm32f40_41xxx.o(.text)
    TIM5_IRQHandler                          0x08000267   Thumb Code     0  startup_stm32f40_41xxx.o(.text)
    TIM6_DAC_IRQHandler                      0x08000267   Thumb Code     0  startup_stm32f40_41xxx.o(.text)
    TIM7_IRQHandler                          0x08000267   Thumb Code     0  startup_stm32f40_41xxx.o(.text)
    TIM8_BRK_TIM12_IRQHandler                0x08000267   Thumb Code     0  startup_stm32f40_41xxx.o(.text)
    TIM8_CC_IRQHandler                       0x08000267   Thumb Code     0  startup_stm32f40_41xxx.o(.text)
    TIM8_TRG_COM_TIM14_IRQHandler            0x08000267   Thumb Code     0  startup_stm32f40_41xxx.o(.text)
    TIM8_UP_TIM13_IRQHandler                 0x08000267   Thumb Code     0  startup_stm32f40_41xxx.o(.text)
    WWDG_IRQHandler                          0x08000267   Thumb Code     0  startup_stm32f40_41xxx.o(.text)
    __aeabi_memcpy                           0x08000271   Thumb Code    36  memcpya.o(.text)
    __aeabi_memcpy4                          0x08000271   Thumb Code     0  memcpya.o(.text)
    __aeabi_memcpy8                          0x08000271   Thumb Code     0  memcpya.o(.text)
    __aeabi_memset                           0x08000295   Thumb Code    14  memseta.o(.text)
    __aeabi_memset4                          0x08000295   Thumb Code     0  memseta.o(.text)
    __aeabi_memset8                          0x08000295   Thumb Code     0  memseta.o(.text)
    __aeabi_memclr                           0x080002a3   Thumb Code     4  memseta.o(.text)
    __aeabi_memclr4                          0x080002a3   Thumb Code     0  memseta.o(.text)
    __aeabi_memclr8                          0x080002a3   Thumb Code     0  memseta.o(.text)
    _memset$wrapper                          0x080002a7   Thumb Code    18  memseta.o(.text)
    __aeabi_dadd                             0x080002b9   Thumb Code   322  dadd.o(.text)
    __aeabi_dsub                             0x080003fb   Thumb Code     6  dadd.o(.text)
    __aeabi_drsub                            0x08000401   Thumb Code     6  dadd.o(.text)
    __aeabi_dmul                             0x08000407   Thumb Code   228  dmul.o(.text)
    __aeabi_ddiv                             0x080004eb   Thumb Code   222  ddiv.o(.text)
    __aeabi_i2d                              0x080005c9   Thumb Code    34  dflti.o(.text)
    __aeabi_ui2d                             0x080005eb   Thumb Code    26  dfltui.o(.text)
    __aeabi_d2uiz                            0x08000605   Thumb Code    50  dfixui.o(.text)
    __aeabi_f2d                              0x08000637   Thumb Code    38  f2d.o(.text)
    __aeabi_cdcmpeq                          0x0800065d   Thumb Code     0  cdcmple.o(.text)
    __aeabi_cdcmple                          0x0800065d   Thumb Code    48  cdcmple.o(.text)
    __aeabi_cdrcmple                         0x0800068d   Thumb Code    48  cdrcmple.o(.text)
    __aeabi_d2f                              0x080006bd   Thumb Code    56  d2f.o(.text)
    __aeabi_uidiv                            0x080006f5   Thumb Code     0  uidiv.o(.text)
    __aeabi_uidivmod                         0x080006f5   Thumb Code    44  uidiv.o(.text)
    __aeabi_uldivmod                         0x08000721   Thumb Code    98  uldiv.o(.text)
    __aeabi_llsl                             0x08000783   Thumb Code    30  llshl.o(.text)
    _ll_shift_l                              0x08000783   Thumb Code     0  llshl.o(.text)
    __aeabi_llsr                             0x080007a1   Thumb Code    32  llushr.o(.text)
    _ll_ushift_r                             0x080007a1   Thumb Code     0  llushr.o(.text)
    __aeabi_lasr                             0x080007c1   Thumb Code    36  llsshr.o(.text)
    _ll_sshift_r                             0x080007c1   Thumb Code     0  llsshr.o(.text)
    __I$use$fp                               0x080007e5   Thumb Code     0  iusefp.o(.text)
    _float_round                             0x080007e5   Thumb Code    18  fepilogue.o(.text)
    _float_epilogue                          0x080007f7   Thumb Code    92  fepilogue.o(.text)
    _double_round                            0x08000853   Thumb Code    30  depilogue.o(.text)
    _double_epilogue                         0x08000871   Thumb Code   156  depilogue.o(.text)
    __aeabi_d2ulz                            0x0800090d   Thumb Code    48  dfixul.o(.text)
    __scatterload                            0x0800093d   Thumb Code    28  init.o(.text)
    __scatterload_rt2                        0x0800093d   Thumb Code     0  init.o(.text)
    __decompress                             0x08000961   Thumb Code     0  __dczerorl2.o(.text)
    __decompress1                            0x08000961   Thumb Code    86  __dczerorl2.o(.text)
    BusFault_Handler                         0x080009b7   Thumb Code     4  stm32f4xx_it.o(i.BusFault_Handler)
    DebugMon_Handler                         0x080009bb   Thumb Code     2  stm32f4xx_it.o(i.DebugMon_Handler)
    FSMC_NORSRAMCmd                          0x080009e9   Thumb Code    46  stm32f4xx_fsmc.o(i.FSMC_NORSRAMCmd)
    FSMC_NORSRAMInit                         0x08000a1d   Thumb Code   290  stm32f4xx_fsmc.o(i.FSMC_NORSRAMInit)
    GPIO_Init                                0x08000b45   Thumb Code   144  stm32f4xx_gpio.o(i.GPIO_Init)
    GPIO_PinAFConfig                         0x08000bd5   Thumb Code    70  stm32f4xx_gpio.o(i.GPIO_PinAFConfig)
    GetASCIICode1                            0x08000c1d   Thumb Code    20  asciilib.o(i.GetASCIICode1)
    GetASCIICode2                            0x08000c35   Thumb Code    28  asciilib.o(i.GetASCIICode2)
    GetASCIICode3                            0x08000c55   Thumb Code    30  asciilib.o(i.GetASCIICode3)
    GetASCIICode4                            0x08000c79   Thumb Code    26  asciilib.o(i.GetASCIICode4)
    GetASCIICode5                            0x08000c99   Thumb Code    30  asciilib.o(i.GetASCIICode5)
    HardFault_Handler                        0x08000cbd   Thumb Code     4  stm32f4xx_it.o(i.HardFault_Handler)
    I2C_CheckEvent                           0x08000cc1   Thumb Code    42  stm32f4xx_i2c.o(i.I2C_CheckEvent)
    I2C_Init                                 0x08000ced   Thumb Code   218  stm32f4xx_i2c.o(i.I2C_Init)
    LCD_CharSize                             0x08000dd5   Thumb Code    12  ssd1289.o(i.LCD_CharSize)
    LCD_Clear                                0x08000de5   Thumb Code    36  ssd1289.o(i.LCD_Clear)
    LCD_Clear_P                              0x08000e0d   Thumb Code    48  ssd1289.o(i.LCD_Clear_P)
    LCD_CtrlLinesConfig                      0x08000e41   Thumb Code   292  ssd1289.o(i.LCD_CtrlLinesConfig)
    LCD_FSMCConfig                           0x08000f6d   Thumb Code   124  ssd1289.o(i.LCD_FSMCConfig)
    LCD_Init                                 0x08000fe9   Thumb Code   706  ssd1289.o(i.LCD_Init)
    LCD_PutChar                              0x080012ad   Thumb Code   608  ssd1289.o(i.LCD_PutChar)
    LCD_SetBackColor                         0x08001519   Thumb Code    12  ssd1289.o(i.LCD_SetBackColor)
    LCD_SetCursor                            0x08001529   Thumb Code    24  ssd1289.o(i.LCD_SetCursor)
    LCD_SetTextColor                         0x08001541   Thumb Code    12  ssd1289.o(i.LCD_SetTextColor)
    LCD_StringLine                           0x08001551   Thumb Code   120  ssd1289.o(i.LCD_StringLine)
    LCD_WriteGRAM                            0x080015cd   Thumb Code    10  ssd1289.o(i.LCD_WriteGRAM)
    LCD_WriteRAM                             0x080015d9   Thumb Code     6  ssd1289.o(i.LCD_WriteRAM)
    LCD_WriteReg                             0x080015e5   Thumb Code    12  ssd1289.o(i.LCD_WriteReg)
    LCD_showDateTime                         0x080015f5   Thumb Code   146  main.o(i.LCD_showDateTime)
    LCD_showUpdate                           0x080016b5   Thumb Code   292  main.o(i.LCD_showUpdate)
    MIN5                                     0x0800184d   Thumb Code   278  fuzzy.o(i.MIN5)
    MemManage_Handler                        0x08001963   Thumb Code     4  stm32f4xx_it.o(i.MemManage_Handler)
    NMI_Handler                              0x08001967   Thumb Code     2  stm32f4xx_it.o(i.NMI_Handler)
    NVIC_Init                                0x08001969   Thumb Code   106  misc.o(i.NVIC_Init)
    Pixel                                    0x080019e1   Thumb Code    42  ssd1289.o(i.Pixel)
    RCC_AHB1PeriphClockCmd                   0x08001a0d   Thumb Code    26  stm32f4xx_rcc.o(i.RCC_AHB1PeriphClockCmd)
    RCC_AHB3PeriphClockCmd                   0x08001a2d   Thumb Code    26  stm32f4xx_rcc.o(i.RCC_AHB3PeriphClockCmd)
    RCC_GetClocksFreq                        0x08001a4d   Thumb Code   214  stm32f4xx_rcc.o(i.RCC_GetClocksFreq)
    RF_receive                               0x08001b35   Thumb Code    60  nrf24l01.o(i.RF_receive)
    RTC_Alarm_IRQHandler                     0x08001b75   Thumb Code    56  tm_stm32f4_rtc.o(i.RTC_Alarm_IRQHandler)
    RTC_ClearITPendingBit                    0x08001bb1   Thumb Code    28  stm32f4xx_rtc.o(i.RTC_ClearITPendingBit)
    RTC_GetITStatus                          0x08001bd1   Thumb Code    58  stm32f4xx_rtc.o(i.RTC_GetITStatus)
    RTC_WKUP_IRQHandler                      0x08001c11   Thumb Code    34  tm_stm32f4_rtc.o(i.RTC_WKUP_IRQHandler)
    ResetWeather                             0x08001c39   Thumb Code   130  main.o(i.ResetWeather)
    SPI_Init                                 0x08001cd5   Thumb Code    60  stm32f4xx_spi.o(i.SPI_Init)
    SPI_StructInit                           0x08001d11   Thumb Code    24  stm32f4xx_spi.o(i.SPI_StructInit)
    SysTick_Handler                          0x08001e15   Thumb Code    28  port.o(i.SysTick_Handler)
    SystemInit                               0x08001e35   Thumb Code    88  system_stm32f4xx_1.o(i.SystemInit)
    TIM2_IRQHandler                          0x08001e9d   Thumb Code   172  tm_stm32f4_delay.o(i.TIM2_IRQHandler)
    TIM_TimeBaseInit                         0x08001f55   Thumb Code   104  stm32f4xx_tim.o(i.TIM_TimeBaseInit)
    TM_DELAY_INT_InitTIM                     0x08001fd9   Thumb Code   158  tm_stm32f4_delay.o(i.TM_DELAY_INT_InitTIM)
    TM_DELAY_Init                            0x08002089   Thumb Code    14  tm_stm32f4_delay.o(i.TM_DELAY_Init)
    TM_DISCO_LedInit                         0x0800209d   Thumb Code    36  tm_stm32f4_disco.o(i.TM_DISCO_LedInit)
    TM_DS1307_Bcd2Bin                        0x080020c5   Thumb Code    20  tm_stm32f4_ds1307.o(i.TM_DS1307_Bcd2Bin)
    TM_DS1307_GetDateTime                    0x080020d9   Thumb Code    92  tm_stm32f4_ds1307.o(i.TM_DS1307_GetDateTime)
    TM_DS1307_Init                           0x08002139   Thumb Code    30  tm_stm32f4_ds1307.o(i.TM_DS1307_Init)
    TM_GPIO_GetPortSource                    0x08002161   Thumb Code    14  tm_stm32f4_gpio.o(i.TM_GPIO_GetPortSource)
    TM_GPIO_INT_EnableClock                  0x08002171   Thumb Code    28  tm_stm32f4_gpio.o(i.TM_GPIO_INT_EnableClock)
    TM_GPIO_INT_Init                         0x08002191   Thumb Code   170  tm_stm32f4_gpio.o(i.TM_GPIO_INT_Init)
    TM_GPIO_Init                             0x08002241   Thumb Code    48  tm_stm32f4_gpio.o(i.TM_GPIO_Init)
    TM_GPIO_InitAlternate                    0x08002271   Thumb Code   110  tm_stm32f4_gpio.o(i.TM_GPIO_InitAlternate)
    TM_I2C1_INT_InitPins                     0x080022e1   Thumb Code    92  tm_stm32f4_i2c.o(i.TM_I2C1_INT_InitPins)
    TM_I2C2_INT_InitPins                     0x08002345   Thumb Code    90  tm_stm32f4_i2c.o(i.TM_I2C2_INT_InitPins)
    TM_I2C3_INT_InitPins                     0x080023b1   Thumb Code    86  tm_stm32f4_i2c.o(i.TM_I2C3_INT_InitPins)
    TM_I2C_Init                              0x08002419   Thumb Code   254  tm_stm32f4_i2c.o(i.TM_I2C_Init)
    TM_I2C_InitCustomPinsCallback            0x0800252d   Thumb Code     2  tm_stm32f4_i2c.o(i.TM_I2C_InitCustomPinsCallback)
    TM_I2C_IsDeviceConnected                 0x0800252f   Thumb Code    34  tm_stm32f4_i2c.o(i.TM_I2C_IsDeviceConnected)
    TM_I2C_ReadAck                           0x08002551   Thumb Code    58  tm_stm32f4_i2c.o(i.TM_I2C_ReadAck)
    TM_I2C_ReadMulti                         0x08002595   Thumb Code    86  tm_stm32f4_i2c.o(i.TM_I2C_ReadMulti)
    TM_I2C_ReadNack                          0x080025ed   Thumb Code    66  tm_stm32f4_i2c.o(i.TM_I2C_ReadNack)
    TM_I2C_Start                             0x08002639   Thumb Code   166  tm_stm32f4_i2c.o(i.TM_I2C_Start)
    TM_I2C_Stop                              0x080026e9   Thumb Code    60  tm_stm32f4_i2c.o(i.TM_I2C_Stop)
    TM_I2C_WriteData                         0x08002729   Thumb Code    40  tm_stm32f4_i2c.o(i.TM_I2C_WriteData)
    TM_NRF24L01_DataReady                    0x08002755   Thumb Code    32  tm_stm32f4_nrf24l01.o(i.TM_NRF24L01_DataReady)
    TM_NRF24L01_GetData                      0x08002775   Thumb Code    54  tm_stm32f4_nrf24l01.o(i.TM_NRF24L01_GetData)
    TM_NRF24L01_GetStatus                    0x080027b9   Thumb Code    34  tm_stm32f4_nrf24l01.o(i.TM_NRF24L01_GetStatus)
    TM_NRF24L01_Init                         0x080027e5   Thumb Code   244  tm_stm32f4_nrf24l01.o(i.TM_NRF24L01_Init)
    TM_NRF24L01_InitPins                     0x080028e5   Thumb Code    60  tm_stm32f4_nrf24l01.o(i.TM_NRF24L01_InitPins)
    TM_NRF24L01_PowerUpRx                    0x08002925   Thumb Code    68  tm_stm32f4_nrf24l01.o(i.TM_NRF24L01_PowerUpRx)
    TM_NRF24L01_ReadRegister                 0x08002971   Thumb Code    46  tm_stm32f4_nrf24l01.o(i.TM_NRF24L01_ReadRegister)
    TM_NRF24L01_RxFifoEmpty                  0x080029a9   Thumb Code    16  tm_stm32f4_nrf24l01.o(i.TM_NRF24L01_RxFifoEmpty)
    TM_NRF24L01_SetChannel                   0x080029b9   Thumb Code    30  tm_stm32f4_nrf24l01.o(i.TM_NRF24L01_SetChannel)
    TM_NRF24L01_SetMyAddress                 0x080029dd   Thumb Code    34  tm_stm32f4_nrf24l01.o(i.TM_NRF24L01_SetMyAddress)
    TM_NRF24L01_SetRF                        0x08002a05   Thumb Code    68  tm_stm32f4_nrf24l01.o(i.TM_NRF24L01_SetRF)
    TM_NRF24L01_SetTxAddress                 0x08002a4d   Thumb Code    26  tm_stm32f4_nrf24l01.o(i.TM_NRF24L01_SetTxAddress)
    TM_NRF24L01_SoftwareReset                0x08002a67   Thumb Code   284  tm_stm32f4_nrf24l01.o(i.TM_NRF24L01_SoftwareReset)
    TM_NRF24L01_WriteRegister                0x08002b85   Thumb Code    48  tm_stm32f4_nrf24l01.o(i.TM_NRF24L01_WriteRegister)
    TM_NRF24L01_WriteRegisterMulti           0x08002bbd   Thumb Code    52  tm_stm32f4_nrf24l01.o(i.TM_NRF24L01_WriteRegisterMulti)
    TM_RTC_AlarmAHandler                     0x08002bf9   Thumb Code     2  tm_stm32f4_rtc.o(i.TM_RTC_AlarmAHandler)
    TM_RTC_AlarmBHandler                     0x08002bfb   Thumb Code     2  tm_stm32f4_rtc.o(i.TM_RTC_AlarmBHandler)
    TM_RTC_RequestHandler                    0x08002bfd   Thumb Code     2  tm_stm32f4_rtc.o(i.TM_RTC_RequestHandler)
    TM_SPI1_INT_InitPins                     0x08002c01   Thumb Code    64  tm_stm32f4_spi.o(i.TM_SPI1_INT_InitPins)
    TM_SPI2_INT_InitPins                     0x08002c4d   Thumb Code   112  tm_stm32f4_spi.o(i.TM_SPI2_INT_InitPins)
    TM_SPI3_INT_InitPins                     0x08002ccd   Thumb Code    66  tm_stm32f4_spi.o(i.TM_SPI3_INT_InitPins)
    TM_SPI4_INT_InitPins                     0x08002d1d   Thumb Code    66  tm_stm32f4_spi.o(i.TM_SPI4_INT_InitPins)
    TM_SPI5_INT_InitPins                     0x08002d69   Thumb Code    86  tm_stm32f4_spi.o(i.TM_SPI5_INT_InitPins)
    TM_SPI6_INT_InitPins                     0x08002dcd   Thumb Code    42  tm_stm32f4_spi.o(i.TM_SPI6_INT_InitPins)
    TM_SPI_Init                              0x08002e01   Thumb Code   176  tm_stm32f4_spi.o(i.TM_SPI_Init)
    TM_SPI_InitCustomPinsCallback            0x08002ec9   Thumb Code     2  tm_stm32f4_spi.o(i.TM_SPI_InitCustomPinsCallback)
    TM_SPI_SendMulti                         0x08002f0d   Thumb Code    80  tm_stm32f4_spi.o(i.TM_SPI_SendMulti)
    TM_SPI_WriteMulti                        0x08002f5d   Thumb Code    78  tm_stm32f4_spi.o(i.TM_SPI_WriteMulti)
    TM_TIMER_PROPERTIES_EnableClock          0x08003119   Thumb Code   294  tm_stm32f4_timer_properties.o(i.TM_TIMER_PROPERTIES_EnableClock)
    TM_TIMER_PROPERTIES_GenerateDataForWorkingFrequency 0x08003279   Thumb Code   202  tm_stm32f4_timer_properties.o(i.TM_TIMER_PROPERTIES_GenerateDataForWorkingFrequency)
    TM_TIMER_PROPERTIES_GetTimerProperties   0x0800334d   Thumb Code   150  tm_stm32f4_timer_properties.o(i.TM_TIMER_PROPERTIES_GetTimerProperties)
    TM_USART_INT_InsertToBuffer              0x08003419   Thumb Code    40  tm_stm32f4_usart.o(i.TM_USART_INT_InsertToBuffer)
    UART4_IRQHandler                         0x08003441   Thumb Code    28  tm_stm32f4_usart.o(i.UART4_IRQHandler)
    UART5_IRQHandler                         0x08003465   Thumb Code    26  tm_stm32f4_usart.o(i.UART5_IRQHandler)
    USART1_IRQHandler                        0x08003489   Thumb Code    26  tm_stm32f4_usart.o(i.USART1_IRQHandler)
    USART2_IRQHandler                        0x080034ad   Thumb Code    28  tm_stm32f4_usart.o(i.USART2_IRQHandler)
    USART3_IRQHandler                        0x080034d1   Thumb Code    28  tm_stm32f4_usart.o(i.USART3_IRQHandler)
    USART6_IRQHandler                        0x080034f5   Thumb Code    28  tm_stm32f4_usart.o(i.USART6_IRQHandler)
    USART_GetFlagStatus                      0x08003519   Thumb Code    26  stm32f4xx_usart.o(i.USART_GetFlagStatus)
    USART_SendData                           0x08003533   Thumb Code     8  stm32f4xx_usart.o(i.USART_SendData)
    UsageFault_Handler                       0x0800353b   Thumb Code     4  stm32f4xx_it.o(i.UsageFault_Handler)
    __0printf                                0x08003541   Thumb Code    22  printfa.o(i.__0printf)
    __1printf                                0x08003541   Thumb Code     0  printfa.o(i.__0printf)
    __2printf                                0x08003541   Thumb Code     0  printfa.o(i.__0printf)
    __c89printf                              0x08003541   Thumb Code     0  printfa.o(i.__0printf)
    printf                                   0x08003541   Thumb Code     0  printfa.o(i.__0printf)
    __0sprintf                               0x08003561   Thumb Code    34  printfa.o(i.__0sprintf)
    __1sprintf                               0x08003561   Thumb Code     0  printfa.o(i.__0sprintf)
    __2sprintf                               0x08003561   Thumb Code     0  printfa.o(i.__0sprintf)
    __c89sprintf                             0x08003561   Thumb Code     0  printfa.o(i.__0sprintf)
    sprintf                                  0x08003561   Thumb Code     0  printfa.o(i.__0sprintf)
    __scatterload_copy                       0x08003589   Thumb Code    14  handlers.o(i.__scatterload_copy)
    __scatterload_null                       0x08003597   Thumb Code     2  handlers.o(i.__scatterload_null)
    __scatterload_zeroinit                   0x08003599   Thumb Code    14  handlers.o(i.__scatterload_zeroinit)
    eTaskConfirmSleepModeStatus              0x08003e45   Thumb Code    22  tasks.o(i.eTaskConfirmSleepModeStatus)
    findMaxMin                               0x08003e65   Thumb Code   522  fuzzy.o(i.findMaxMin)
    fputc                                    0x08004081   Thumb Code    32  esp8266.o(i.fputc)
    fuzzy_control_lwf                        0x080040a5   Thumb Code   106  fuzzy.o(i.fuzzy_control_lwf)
    fuzzy_init_lwf                           0x08004111   Thumb Code   606  fuzzy.o(i.fuzzy_init_lwf)
    fuzzyify_three                           0x080043b5   Thumb Code   108  fuzzy.o(i.fuzzyify_three)
    fuzzyify_two                             0x08004421   Thumb Code    76  fuzzy.o(i.fuzzyify_two)
    inf_defuzz_lwf2                          0x0800446d   Thumb Code   160  fuzzy.o(i.inf_defuzz_lwf2)
    initMain                                 0x08004511   Thumb Code    88  main.o(i.initMain)
    initTask                                 0x08004575   Thumb Code    82  main.o(i.initTask)
    leftall                                  0x080045f9   Thumb Code    70  fuzzy.o(i.leftall)
    main                                     0x08004645   Thumb Code    22  main.o(i.main)
    malloc                                   0x0800465d   Thumb Code    92  malloc.o(i.malloc)
    percentDay                               0x080046c9   Thumb Code    84  fuzzy.o(i.percentDay)
    percentMonth                             0x08004725   Thumb Code   114  fuzzy.o(i.percentMonth)
    pushPresDownArray                        0x08004e1d   Thumb Code    88  main.o(i.pushPresDownArray)
    pvPortMalloc                             0x08004e7d   Thumb Code   164  heap_2.o(i.pvPortMalloc)
    pxPortInitialiseStack                    0x08004f35   Thumb Code    32  port.o(i.pxPortInitialiseStack)
    resetLcd                                 0x08004f55   Thumb Code   344  main.o(i.resetLcd)
    rightall                                 0x0800516d   Thumb Code    70  fuzzy.o(i.rightall)
    setRF                                    0x080051b9   Thumb Code    32  nrf24l01.o(i.setRF)
    showDefaultLCD                           0x080051e1   Thumb Code    66  main.o(i.showDefaultLCD)
    triangle                                 0x08005281   Thumb Code   114  fuzzy.o(i.triangle)
    uxListRemove                             0x080052f9   Thumb Code    40  list.o(i.uxListRemove)
    vListInitialise                          0x08005611   Thumb Code    26  list.o(i.vListInitialise)
    vListInitialiseItem                      0x0800562b   Thumb Code     6  list.o(i.vListInitialiseItem)
    vListInsert                              0x08005631   Thumb Code    52  list.o(i.vListInsert)
    vListInsertEnd                           0x08005665   Thumb Code    24  list.o(i.vListInsertEnd)
    vPortEnterCritical                       0x0800567d   Thumb Code    26  port.o(i.vPortEnterCritical)
    vPortExitCritical                        0x0800569d   Thumb Code    26  port.o(i.vPortExitCritical)
    vPortFree                                0x080056bd   Thumb Code    56  heap_2.o(i.vPortFree)
    vPortSetupTimerInterrupt                 0x080056fd   Thumb Code    76  port.o(i.vPortSetupTimerInterrupt)
    vPortSuppressTicksAndSleep               0x08005759   Thumb Code   242  port.o(i.vPortSuppressTicksAndSleep)
    vPortValidateInterruptPriority           0x08005859   Thumb Code    78  port.o(i.vPortValidateInterruptPriority)
    vPortYield                               0x080058b5   Thumb Code    18  port.o(i.vPortYield)
    vQueueWaitForMessageRestricted           0x080058cd   Thumb Code    58  queue.o(i.vQueueWaitForMessageRestricted)
    vTaskDelay                               0x08005909   Thumb Code    48  tasks.o(i.vTaskDelay)
    vTaskMissedYield                         0x08005941   Thumb Code     8  tasks.o(i.vTaskMissedYield)
    vTaskPlaceOnEventList                    0x0800594d   Thumb Code    70  tasks.o(i.vTaskPlaceOnEventList)
    vTaskPlaceOnEventListRestricted          0x080059a1   Thumb Code    52  tasks.o(i.vTaskPlaceOnEventListRestricted)
    vTaskPriorityDisinherit                  0x080059dd   Thumb Code    70  tasks.o(i.vTaskPriorityDisinherit)
    vTaskPriorityInherit                     0x08005a2d   Thumb Code   118  tasks.o(i.vTaskPriorityInherit)
    vTaskResume                              0x08005ab1   Thumb Code   102  tasks.o(i.vTaskResume)
    vTaskSetTimeOutState                     0x08005b25   Thumb Code    28  tasks.o(i.vTaskSetTimeOutState)
    vTaskStartScheduler                      0x08005b49   Thumb Code    74  tasks.o(i.vTaskStartScheduler)
    vTaskStepTick                            0x08005ba9   Thumb Code    46  tasks.o(i.vTaskStepTick)
    vTaskSuspend                             0x08005be1   Thumb Code    96  tasks.o(i.vTaskSuspend)
    vTaskSuspendAll                          0x08005c51   Thumb Code    12  tasks.o(i.vTaskSuspendAll)
    vTaskSwitchContext                       0x08005c61   Thumb Code   116  tasks.o(i.vTaskSwitchContext)
    xPortStartScheduler                      0x08005ce9   Thumb Code   156  port.o(i.xPortStartScheduler)
    xQueueGenericCreate                      0x08005d9d   Thumb Code    86  queue.o(i.xQueueGenericCreate)
    xQueueGenericReceive                     0x08005df3   Thumb Code   320  queue.o(i.xQueueGenericReceive)
    xQueueGenericReset                       0x08005f33   Thumb Code   120  queue.o(i.xQueueGenericReset)
    xQueueGenericSend                        0x08005fab   Thumb Code   282  queue.o(i.xQueueGenericSend)
    xQueueGenericSendFromISR                 0x080060c5   Thumb Code   172  queue.o(i.xQueueGenericSendFromISR)
    xTaskCheckForTimeOut                     0x08006171   Thumb Code   108  tasks.o(i.xTaskCheckForTimeOut)
    xTaskGenericCreate                       0x080061e5   Thumb Code   280  tasks.o(i.xTaskGenericCreate)
    xTaskGetCurrentTaskHandle                0x08006315   Thumb Code     6  tasks.o(i.xTaskGetCurrentTaskHandle)
    xTaskGetSchedulerState                   0x08006321   Thumb Code    24  tasks.o(i.xTaskGetSchedulerState)
    xTaskGetTickCount                        0x08006341   Thumb Code    18  tasks.o(i.xTaskGetTickCount)
    xTaskIncrementTick                       0x08006359   Thumb Code   296  tasks.o(i.xTaskIncrementTick)
    xTaskIsTaskSuspended                     0x080064a9   Thumb Code    68  tasks.o(i.xTaskIsTaskSuspended)
    xTaskRemoveFromEventList                 0x080064f5   Thumb Code   106  tasks.o(i.xTaskRemoveFromEventList)
    xTaskResumeAll                           0x08006575   Thumb Code   202  tasks.o(i.xTaskResumeAll)
    xTimerCreateTimerTask                    0x08006661   Thumb Code    58  timers.o(i.xTimerCreateTimerTask)
    xTimerGenericCommand                     0x080066ad   Thumb Code   100  timers.o(i.xTimerGenericCommand)
    ASCII16x24                               0x08006714   Data        4560  asciilib.o(.constdata)
    ASCII12x12                               0x08007ed4   Data        2280  asciilib.o(.constdata)
    Region$$Table$$Base                      0x08008ff4   Number         0  anon$$obj.o(Region$$Table)
    Region$$Table$$Limit                     0x08009014   Number         0  anon$$obj.o(Region$$Table)
    time                                     0x20000120   Data           7  main.o(.data)
    Time_Start                               0x20000127   Data           1  main.o(.data)
    Time_Write                               0x20000128   Data           4  main.o(.data)
    count24                                  0x2000012c   Data           1  main.o(.data)
    temp                                     0x20000130   Data           4  main.o(.data)
    date                                     0x20000134   Data          32  main.o(.data)
    Month                                    0x20000154   Data          52  main.o(.data)
    Mua                                      0x20000188   Data          12  main.o(.data)
    timeDelay_lwf                            0x20000194   Data           4  main.o(.data)
    prePresure                               0x20000198   Data           8  main.o(.data)
    multiplier                               0x200001a4   Data           4  main.o(.data)
    pipeflag                                 0x200001a8   Data           6  main.o(.data)
    ptr_readRf                               0x200001b0   Data           4  main.o(.data)
    ptr_Fuzzy                                0x200001b4   Data           4  main.o(.data)
    ptr_SendThgSpk                           0x200001b8   Data           4  main.o(.data)
    ptr_showLCD                              0x200001bc   Data           4  main.o(.data)
    ptr_readRTC                              0x200001c0   Data           4  main.o(.data)
    SystemCoreClock                          0x200001c4   Data           4  system_stm32f4xx_1.o(.data)
    AHBPrescTable                            0x200001c8   Data          16  system_stm32f4xx_1.o(.data)
    TextColor                                0x200001e8   Data           2  ssd1289.o(.data)
    BackColor                                0x200001ea   Data           2  ssd1289.o(.data)
    asciisize                                0x200001ec   Data           2  ssd1289.o(.data)
    X_ofs                                    0x200001f0   Data           4  ssd1289.o(.data)
    Y_ofs                                    0x200001f4   Data           4  ssd1289.o(.data)
    TM_TimingDelay                           0x2000020c   Data           4  tm_stm32f4_delay.o(.data)
    TM_Time                                  0x20000210   Data           4  tm_stm32f4_delay.o(.data)
    TM_Time2                                 0x20000214   Data           4  tm_stm32f4_delay.o(.data)
    mult                                     0x20000218   Data           4  tm_stm32f4_delay.o(.data)
    TM_DELAY_Initialized                     0x2000021c   Data           1  tm_stm32f4_delay.o(.data)
    TM_USART1                                0x20000220   Data          16  tm_stm32f4_usart.o(.data)
    TM_USART2                                0x20000230   Data          16  tm_stm32f4_usart.o(.data)
    TM_USART3                                0x20000240   Data          16  tm_stm32f4_usart.o(.data)
    TM_UART4                                 0x20000250   Data          16  tm_stm32f4_usart.o(.data)
    TM_UART5                                 0x20000260   Data          16  tm_stm32f4_usart.o(.data)
    TM_USART6                                0x20000270   Data          16  tm_stm32f4_usart.o(.data)
    pxCurrentTCB                             0x200003a0   Data           4  tasks.o(.data)
    TxAddress                                0x20000414   Data           5  nrf24l01.o(.data)
    MyAddress                                0x20000419   Data           5  nrf24l01.o(.data)
    MyAddress_RX_ADDR_P0                     0x2000041e   Data           5  nrf24l01.o(.data)
    MyAddress_RX_ADDR_P1                     0x20000423   Data           5  nrf24l01.o(.data)
    MyAddress_RX_ADDR_P2                     0x20000428   Data           5  nrf24l01.o(.data)
    MyAddress_RX_ADDR_P3                     0x2000042d   Data           1  nrf24l01.o(.data)
    MyAddress_RX_ADDR_P4                     0x2000042e   Data           1  nrf24l01.o(.data)
    MyAddress_RX_ADDR_P5                     0x2000042f   Data           1  nrf24l01.o(.data)
    transmissionStatus                       0x20000430   Data           1  nrf24l01.o(.data)
    __stdout                                 0x20000434   Data           4  stdout.o(.data)
    __microlib_freelist                      0x20000438   Data           4  mvars.o(.data)
    __microlib_freelist_initialised          0x2000043c   Data           4  mvars.o(.data)
    NRF                                      0x20000440   Data          12  main.o(.bss)
    sbuff                                    0x2000044c   Data         300  main.o(.bss)
    fuzzy_system_lwf                         0x20000578   Data          24  main.o(.bss)
    PresDownArray                            0x20000590   Data          96  main.o(.bss)
    WthFor                                   0x200005f0   Data         120  main.o(.bss)
    TM_USART1_Buffer                         0x20000698   Data          32  tm_stm32f4_usart.o(.bss)
    TM_USART2_Buffer                         0x200006b8   Data          32  tm_stm32f4_usart.o(.bss)
    TM_USART3_Buffer                         0x200006d8   Data          32  tm_stm32f4_usart.o(.bss)
    TM_UART4_Buffer                          0x200006f8   Data          32  tm_stm32f4_usart.o(.bss)
    TM_UART5_Buffer                          0x20000718   Data          32  tm_stm32f4_usart.o(.bss)
    TM_USART6_Buffer                         0x20000738   Data          32  tm_stm32f4_usart.o(.bss)
    dataOut                                  0x20013434   Data          32  nrf24l01.o(.bss)
    dataIn                                   0x20013454   Data          32  nrf24l01.o(.bss)
    __heap_base                              0x20013478   Data           0  startup_stm32f40_41xxx.o(HEAP)
    __heap_limit                             0x20013678   Data           0  startup_stm32f40_41xxx.o(HEAP)
    __initial_sp                             0x20013a78   Data           0  startup_stm32f40_41xxx.o(STACK)



==============================================================================

Memory Map of the image

  Image Entry point : 0x0800024d

  Load Region LR_1 (Base: 0x08000000, Size: 0x00009454, Max: 0xffffffff, ABSOLUTE, COMPRESSED[0x00009108])

    Execution Region ER_RO (Base: 0x08000000, Size: 0x00009014, Max: 0xffffffff, ABSOLUTE)

    Base Addr    Size         Type   Attr      Idx    E Section Name        Object

    0x08000000   0x00000188   Data   RO         5073    RESET               startup_stm32f40_41xxx.o
    0x08000188   0x00000000   Code   RO         8072  * .ARM.Collect$$$$00000000  mc_w.l(entry.o)
    0x08000188   0x00000004   Code   RO         8394    .ARM.Collect$$$$00000001  mc_w.l(entry2.o)
    0x0800018c   0x00000004   Code   RO         8397    .ARM.Collect$$$$00000004  mc_w.l(entry5.o)
    0x08000190   0x00000000   Code   RO         8399    .ARM.Collect$$$$00000008  mc_w.l(entry7b.o)
    0x08000190   0x00000000   Code   RO         8401    .ARM.Collect$$$$0000000A  mc_w.l(entry8b.o)
    0x08000190   0x00000008   Code   RO         8402    .ARM.Collect$$$$0000000B  mc_w.l(entry9a.o)
    0x08000198   0x00000000   Code   RO         8404    .ARM.Collect$$$$0000000D  mc_w.l(entry10a.o)
    0x08000198   0x00000000   Code   RO         8406    .ARM.Collect$$$$0000000F  mc_w.l(entry11a.o)
    0x08000198   0x00000004   Code   RO         8395    .ARM.Collect$$$$00002712  mc_w.l(entry2.o)
    0x0800019c   0x000000ae   Code   RO         7657    .emb_text           port.o
    0x0800024a   0x00000002   PAD
    0x0800024c   0x00000024   Code   RO         5074  * .text               startup_stm32f40_41xxx.o
    0x08000270   0x00000024   Code   RO         8075    .text               mc_w.l(memcpya.o)
    0x08000294   0x00000024   Code   RO         8077    .text               mc_w.l(memseta.o)
    0x080002b8   0x0000014e   Code   RO         8374    .text               mf_w.l(dadd.o)
    0x08000406   0x000000e4   Code   RO         8376    .text               mf_w.l(dmul.o)
    0x080004ea   0x000000de   Code   RO         8378    .text               mf_w.l(ddiv.o)
    0x080005c8   0x00000022   Code   RO         8380    .text               mf_w.l(dflti.o)
    0x080005ea   0x0000001a   Code   RO         8382    .text               mf_w.l(dfltui.o)
    0x08000604   0x00000032   Code   RO         8384    .text               mf_w.l(dfixui.o)
    0x08000636   0x00000026   Code   RO         8386    .text               mf_w.l(f2d.o)
    0x0800065c   0x00000030   Code   RO         8388    .text               mf_w.l(cdcmple.o)
    0x0800068c   0x00000030   Code   RO         8390    .text               mf_w.l(cdrcmple.o)
    0x080006bc   0x00000038   Code   RO         8392    .text               mf_w.l(d2f.o)
    0x080006f4   0x0000002c   Code   RO         8409    .text               mc_w.l(uidiv.o)
    0x08000720   0x00000062   Code   RO         8411    .text               mc_w.l(uldiv.o)
    0x08000782   0x0000001e   Code   RO         8413    .text               mc_w.l(llshl.o)
    0x080007a0   0x00000020   Code   RO         8415    .text               mc_w.l(llushr.o)
    0x080007c0   0x00000024   Code   RO         8417    .text               mc_w.l(llsshr.o)
    0x080007e4   0x00000000   Code   RO         8421    .text               mc_w.l(iusefp.o)
    0x080007e4   0x0000006e   Code   RO         8422    .text               mf_w.l(fepilogue.o)
    0x08000852   0x000000ba   Code   RO         8424    .text               mf_w.l(depilogue.o)
    0x0800090c   0x00000030   Code   RO         8426    .text               mf_w.l(dfixul.o)
    0x0800093c   0x00000024   Code   RO         8428    .text               mc_w.l(init.o)
    0x08000960   0x00000056   Code   RO         8438    .text               mc_w.l(__dczerorl2.o)
    0x080009b6   0x00000004   Code   RO          334    i.BusFault_Handler  stm32f4xx_it.o
    0x080009ba   0x00000002   Code   RO          335    i.DebugMon_Handler  stm32f4xx_it.o
    0x080009bc   0x0000002a   Code   RO         5120    i.Delay             ssd1289.o
    0x080009e6   0x00000002   PAD
    0x080009e8   0x00000034   Code   RO          995    i.FSMC_NORSRAMCmd   stm32f4xx_fsmc.o
    0x08000a1c   0x00000128   Code   RO          997    i.FSMC_NORSRAMInit  stm32f4xx_fsmc.o
    0x08000b44   0x00000090   Code   RO         1120    i.GPIO_Init         stm32f4xx_gpio.o
    0x08000bd4   0x00000046   Code   RO         1121    i.GPIO_PinAFConfig  stm32f4xx_gpio.o
    0x08000c1a   0x00000002   PAD
    0x08000c1c   0x00000018   Code   RO         5078    i.GetASCIICode1     asciilib.o
    0x08000c34   0x00000020   Code   RO         5079    i.GetASCIICode2     asciilib.o
    0x08000c54   0x00000024   Code   RO         5080    i.GetASCIICode3     asciilib.o
    0x08000c78   0x00000020   Code   RO         5081    i.GetASCIICode4     asciilib.o
    0x08000c98   0x00000024   Code   RO         5082    i.GetASCIICode5     asciilib.o
    0x08000cbc   0x00000004   Code   RO          336    i.HardFault_Handler  stm32f4xx_it.o
    0x08000cc0   0x0000002a   Code   RO         1351    i.I2C_CheckEvent    stm32f4xx_i2c.o
    0x08000cea   0x00000002   PAD
    0x08000cec   0x000000e8   Code   RO         1369    i.I2C_Init          stm32f4xx_i2c.o
    0x08000dd4   0x00000010   Code   RO         5121    i.LCD_CharSize      ssd1289.o
    0x08000de4   0x00000028   Code   RO         5122    i.LCD_Clear         ssd1289.o
    0x08000e0c   0x00000034   Code   RO         5123    i.LCD_Clear_P       ssd1289.o
    0x08000e40   0x0000012c   Code   RO         5126    i.LCD_CtrlLinesConfig  ssd1289.o
    0x08000f6c   0x0000007c   Code   RO         5137    i.LCD_FSMCConfig    ssd1289.o
    0x08000fe8   0x000002c2   Code   RO         5140    i.LCD_Init          ssd1289.o
    0x080012aa   0x00000002   PAD
    0x080012ac   0x0000026c   Code   RO         5145    i.LCD_PutChar       ssd1289.o
    0x08001518   0x00000010   Code   RO         5146    i.LCD_SetBackColor  ssd1289.o
    0x08001528   0x00000018   Code   RO         5148    i.LCD_SetCursor     ssd1289.o
    0x08001540   0x00000010   Code   RO         5150    i.LCD_SetTextColor  ssd1289.o
    0x08001550   0x0000007c   Code   RO         5151    i.LCD_StringLine    ssd1289.o
    0x080015cc   0x0000000a   Code   RO         5153    i.LCD_WriteGRAM     ssd1289.o
    0x080015d6   0x00000002   PAD
    0x080015d8   0x0000000c   Code   RO         5154    i.LCD_WriteRAM      ssd1289.o
    0x080015e4   0x00000010   Code   RO         5155    i.LCD_WriteReg      ssd1289.o
    0x080015f4   0x000000c0   Code   RO            4    i.LCD_showDateTime  main.o
    0x080016b4   0x00000198   Code   RO            5    i.LCD_showUpdate    main.o
    0x0800184c   0x00000116   Code   RO         7163    i.MIN5              fuzzy.o
    0x08001962   0x00000004   Code   RO          337    i.MemManage_Handler  stm32f4xx_it.o
    0x08001966   0x00000002   Code   RO          338    i.NMI_Handler       stm32f4xx_it.o
    0x08001968   0x00000078   Code   RO          438    i.NVIC_Init         misc.o
    0x080019e0   0x0000002a   Code   RO         5156    i.Pixel             ssd1289.o
    0x08001a0a   0x00000002   PAD
    0x08001a0c   0x00000020   Code   RO         1629    i.RCC_AHB1PeriphClockCmd  stm32f4xx_rcc.o
    0x08001a2c   0x00000020   Code   RO         1635    i.RCC_AHB3PeriphClockCmd  stm32f4xx_rcc.o
    0x08001a4c   0x000000e8   Code   RO         1650    i.RCC_GetClocksFreq  stm32f4xx_rcc.o
    0x08001b34   0x00000040   Code   RO         8024    i.RF_receive        nrf24l01.o
    0x08001b74   0x0000003c   Code   RO         5861    i.RTC_Alarm_IRQHandler  tm_stm32f4_rtc.o
    0x08001bb0   0x00000020   Code   RO         2042    i.RTC_ClearITPendingBit  stm32f4xx_rtc.o
    0x08001bd0   0x00000040   Code   RO         2054    i.RTC_GetITStatus   stm32f4xx_rtc.o
    0x08001c10   0x00000028   Code   RO         5862    i.RTC_WKUP_IRQHandler  tm_stm32f4_rtc.o
    0x08001c38   0x0000009c   Code   RO            6    i.ResetWeather      main.o
    0x08001cd4   0x0000003c   Code   RO         2608    i.SPI_Init          stm32f4xx_spi.o
    0x08001d10   0x00000018   Code   RO         2611    i.SPI_StructInit    stm32f4xx_spi.o
    0x08001d28   0x000000ec   Code   RO          397    i.SetSysClock       system_stm32f4xx_1.o
    0x08001e14   0x00000020   Code   RO         7658    i.SysTick_Handler   port.o
    0x08001e34   0x00000068   Code   RO          399    i.SystemInit        system_stm32f4xx_1.o
    0x08001e9c   0x000000b8   Code   RO         6756    i.TIM2_IRQHandler   tm_stm32f4_delay.o
    0x08001f54   0x00000084   Code   RO         2905    i.TIM_TimeBaseInit  stm32f4xx_tim.o
    0x08001fd8   0x000000b0   Code   RO         6759    i.TM_DELAY_INT_InitTIM  tm_stm32f4_delay.o
    0x08002088   0x00000014   Code   RO         6760    i.TM_DELAY_Init     tm_stm32f4_delay.o
    0x0800209c   0x00000028   Code   RO         6428    i.TM_DISCO_LedInit  tm_stm32f4_disco.o
    0x080020c4   0x00000014   Code   RO         6469    i.TM_DS1307_Bcd2Bin  tm_stm32f4_ds1307.o
    0x080020d8   0x00000060   Code   RO         6475    i.TM_DS1307_GetDateTime  tm_stm32f4_ds1307.o
    0x08002138   0x00000028   Code   RO         6482    i.TM_DS1307_Init    tm_stm32f4_ds1307.o
    0x08002160   0x0000000e   Code   RO         6312    i.TM_GPIO_GetPortSource  tm_stm32f4_gpio.o
    0x0800216e   0x00000002   PAD
    0x08002170   0x00000020   Code   RO         6315    i.TM_GPIO_INT_EnableClock  tm_stm32f4_gpio.o
    0x08002190   0x000000b0   Code   RO         6316    i.TM_GPIO_INT_Init  tm_stm32f4_gpio.o
    0x08002240   0x00000030   Code   RO         6317    i.TM_GPIO_Init      tm_stm32f4_gpio.o
    0x08002270   0x0000006e   Code   RO         6318    i.TM_GPIO_InitAlternate  tm_stm32f4_gpio.o
    0x080022de   0x00000002   PAD
    0x080022e0   0x00000064   Code   RO         6622    i.TM_I2C1_INT_InitPins  tm_stm32f4_i2c.o
    0x08002344   0x0000006c   Code   RO         6623    i.TM_I2C2_INT_InitPins  tm_stm32f4_i2c.o
    0x080023b0   0x00000068   Code   RO         6624    i.TM_I2C3_INT_InitPins  tm_stm32f4_i2c.o
    0x08002418   0x00000114   Code   RO         6625    i.TM_I2C_Init       tm_stm32f4_i2c.o
    0x0800252c   0x00000002   Code   RO         6626    i.TM_I2C_InitCustomPinsCallback  tm_stm32f4_i2c.o
    0x0800252e   0x00000022   Code   RO         6627    i.TM_I2C_IsDeviceConnected  tm_stm32f4_i2c.o
    0x08002550   0x00000044   Code   RO         6629    i.TM_I2C_ReadAck    tm_stm32f4_i2c.o
    0x08002594   0x00000056   Code   RO         6630    i.TM_I2C_ReadMulti  tm_stm32f4_i2c.o
    0x080025ea   0x00000002   PAD
    0x080025ec   0x0000004c   Code   RO         6632    i.TM_I2C_ReadNack   tm_stm32f4_i2c.o
    0x08002638   0x000000b0   Code   RO         6634    i.TM_I2C_Start      tm_stm32f4_i2c.o
    0x080026e8   0x00000040   Code   RO         6635    i.TM_I2C_Stop       tm_stm32f4_i2c.o
    0x08002728   0x0000002c   Code   RO         6637    i.TM_I2C_WriteData  tm_stm32f4_i2c.o
    0x08002754   0x00000020   Code   RO         6001    i.TM_NRF24L01_DataReady  tm_stm32f4_nrf24l01.o
    0x08002774   0x00000044   Code   RO         6002    i.TM_NRF24L01_GetData  tm_stm32f4_nrf24l01.o
    0x080027b8   0x0000002c   Code   RO         6004    i.TM_NRF24L01_GetStatus  tm_stm32f4_nrf24l01.o
    0x080027e4   0x00000100   Code   RO         6006    i.TM_NRF24L01_Init  tm_stm32f4_nrf24l01.o
    0x080028e4   0x00000040   Code   RO         6007    i.TM_NRF24L01_InitPins  tm_stm32f4_nrf24l01.o
    0x08002924   0x0000004c   Code   RO         6009    i.TM_NRF24L01_PowerUpRx  tm_stm32f4_nrf24l01.o
    0x08002970   0x00000038   Code   RO         6012    i.TM_NRF24L01_ReadRegister  tm_stm32f4_nrf24l01.o
    0x080029a8   0x00000010   Code   RO         6014    i.TM_NRF24L01_RxFifoEmpty  tm_stm32f4_nrf24l01.o
    0x080029b8   0x00000024   Code   RO         6015    i.TM_NRF24L01_SetChannel  tm_stm32f4_nrf24l01.o
    0x080029dc   0x00000028   Code   RO         6016    i.TM_NRF24L01_SetMyAddress  tm_stm32f4_nrf24l01.o
    0x08002a04   0x00000048   Code   RO         6018    i.TM_NRF24L01_SetRF  tm_stm32f4_nrf24l01.o
    0x08002a4c   0x0000001a   Code   RO         6019    i.TM_NRF24L01_SetTxAddress  tm_stm32f4_nrf24l01.o
    0x08002a66   0x0000011c   Code   RO         6020    i.TM_NRF24L01_SoftwareReset  tm_stm32f4_nrf24l01.o
    0x08002b82   0x00000002   PAD
    0x08002b84   0x00000038   Code   RO         6023    i.TM_NRF24L01_WriteRegister  tm_stm32f4_nrf24l01.o
    0x08002bbc   0x0000003c   Code   RO         6024    i.TM_NRF24L01_WriteRegisterMulti  tm_stm32f4_nrf24l01.o
    0x08002bf8   0x00000002   Code   RO         5863    i.TM_RTC_AlarmAHandler  tm_stm32f4_rtc.o
    0x08002bfa   0x00000002   Code   RO         5864    i.TM_RTC_AlarmBHandler  tm_stm32f4_rtc.o
    0x08002bfc   0x00000002   Code   RO         5875    i.TM_RTC_RequestHandler  tm_stm32f4_rtc.o
    0x08002bfe   0x00000002   PAD
    0x08002c00   0x0000004c   Code   RO         6178    i.TM_SPI1_INT_InitPins  tm_stm32f4_spi.o
    0x08002c4c   0x00000080   Code   RO         6179    i.TM_SPI2_INT_InitPins  tm_stm32f4_spi.o
    0x08002ccc   0x00000050   Code   RO         6180    i.TM_SPI3_INT_InitPins  tm_stm32f4_spi.o
    0x08002d1c   0x0000004c   Code   RO         6181    i.TM_SPI4_INT_InitPins  tm_stm32f4_spi.o
    0x08002d68   0x00000064   Code   RO         6182    i.TM_SPI5_INT_InitPins  tm_stm32f4_spi.o
    0x08002dcc   0x00000034   Code   RO         6183    i.TM_SPI6_INT_InitPins  tm_stm32f4_spi.o
    0x08002e00   0x000000c8   Code   RO         6185    i.TM_SPI_Init       tm_stm32f4_spi.o
    0x08002ec8   0x00000002   Code   RO         6186    i.TM_SPI_InitCustomPinsCallback  tm_stm32f4_spi.o
    0x08002eca   0x00000042   Code   RO         6025    i.TM_SPI_Send       tm_stm32f4_nrf24l01.o
    0x08002f0c   0x00000050   Code   RO         6191    i.TM_SPI_SendMulti  tm_stm32f4_spi.o
    0x08002f5c   0x0000004e   Code   RO         6194    i.TM_SPI_WriteMulti  tm_stm32f4_spi.o
    0x08002faa   0x00000002   PAD
    0x08002fac   0x0000016c   Code   RO         6196    i.TM_SPIx_Init      tm_stm32f4_spi.o
    0x08003118   0x00000160   Code   RO         7049    i.TM_TIMER_PROPERTIES_EnableClock  tm_stm32f4_timer_properties.o
    0x08003278   0x000000d4   Code   RO         7050    i.TM_TIMER_PROPERTIES_GenerateDataForWorkingFrequency  tm_stm32f4_timer_properties.o
    0x0800334c   0x000000cc   Code   RO         7051    i.TM_TIMER_PROPERTIES_GetTimerProperties  tm_stm32f4_timer_properties.o
    0x08003418   0x00000028   Code   RO         6874    i.TM_USART_INT_InsertToBuffer  tm_stm32f4_usart.o
    0x08003440   0x00000024   Code   RO         6881    i.UART4_IRQHandler  tm_stm32f4_usart.o
    0x08003464   0x00000024   Code   RO         6882    i.UART5_IRQHandler  tm_stm32f4_usart.o
    0x08003488   0x00000024   Code   RO         6883    i.USART1_IRQHandler  tm_stm32f4_usart.o
    0x080034ac   0x00000024   Code   RO         6884    i.USART2_IRQHandler  tm_stm32f4_usart.o
    0x080034d0   0x00000024   Code   RO         6885    i.USART3_IRQHandler  tm_stm32f4_usart.o
    0x080034f4   0x00000024   Code   RO         6886    i.USART6_IRQHandler  tm_stm32f4_usart.o
    0x08003518   0x0000001a   Code   RO         3390    i.USART_GetFlagStatus  stm32f4xx_usart.o
    0x08003532   0x00000008   Code   RO         3404    i.USART_SendData    stm32f4xx_usart.o
    0x0800353a   0x00000004   Code   RO          340    i.UsageFault_Handler  stm32f4xx_it.o
    0x0800353e   0x00000002   PAD
    0x08003540   0x00000020   Code   RO         8318    i.__0printf         mc_w.l(printfa.o)
    0x08003560   0x00000028   Code   RO         8320    i.__0sprintf        mc_w.l(printfa.o)
    0x08003588   0x0000000e   Code   RO         8432    i.__scatterload_copy  mc_w.l(handlers.o)
    0x08003596   0x00000002   Code   RO         8433    i.__scatterload_null  mc_w.l(handlers.o)
    0x08003598   0x0000000e   Code   RO         8434    i.__scatterload_zeroinit  mc_w.l(handlers.o)
    0x080035a6   0x00000002   PAD
    0x080035a8   0x00000164   Code   RO         8325    i._fp_digits        mc_w.l(printfa.o)
    0x0800370c   0x000006dc   Code   RO         8326    i._printf_core      mc_w.l(printfa.o)
    0x08003de8   0x00000024   Code   RO         8327    i._printf_post_padding  mc_w.l(printfa.o)
    0x08003e0c   0x0000002e   Code   RO         8328    i._printf_pre_padding  mc_w.l(printfa.o)
    0x08003e3a   0x0000000a   Code   RO         8330    i._sputc            mc_w.l(printfa.o)
    0x08003e44   0x00000020   Code   RO         7432    i.eTaskConfirmSleepModeStatus  tasks.o
    0x08003e64   0x0000021c   Code   RO         7164    i.findMaxMin        fuzzy.o
    0x08004080   0x00000024   Code   RO         7093    i.fputc             esp8266.o
    0x080040a4   0x0000006a   Code   RO         7165    i.fuzzy_control_lwf  fuzzy.o
    0x0800410e   0x00000002   PAD
    0x08004110   0x000002a4   Code   RO         7167    i.fuzzy_init_lwf    fuzzy.o
    0x080043b4   0x0000006c   Code   RO         7168    i.fuzzyify_three    fuzzy.o
    0x08004420   0x0000004c   Code   RO         7169    i.fuzzyify_two      fuzzy.o
    0x0800446c   0x000000a4   Code   RO         7170    i.inf_defuzz_lwf2   fuzzy.o
    0x08004510   0x00000064   Code   RO            8    i.initMain          main.o
    0x08004574   0x00000084   Code   RO            9    i.initTask          main.o
    0x080045f8   0x0000004c   Code   RO         7171    i.leftall           fuzzy.o
    0x08004644   0x00000016   Code   RO           10    i.main              main.o
    0x0800465a   0x00000002   PAD
    0x0800465c   0x0000006c   Code   RO         8347    i.malloc            mc_w.l(malloc.o)
    0x080046c8   0x0000005c   Code   RO         7172    i.percentDay        fuzzy.o
    0x08004724   0x00000078   Code   RO         7173    i.percentMonth      fuzzy.o
    0x0800479c   0x00000054   Code   RO         7433    i.prvAddCurrentTaskToDelayedList  tasks.o
    0x080047f0   0x0000003a   Code   RO         7434    i.prvAllocateTCBAndStack  tasks.o
    0x0800482a   0x00000002   PAD
    0x0800482c   0x0000004c   Code   RO         7903    i.prvCheckForValidListAndQueue  timers.o
    0x08004878   0x00000002   Code   RO         7435    i.prvCheckTasksWaitingTermination  tasks.o
    0x0800487a   0x0000002a   Code   RO         7266    i.prvCopyDataFromQueue  queue.o
    0x080048a4   0x00000076   Code   RO         7267    i.prvCopyDataToQueue  queue.o
    0x0800491a   0x00000002   PAD
    0x0800491c   0x00000034   Code   RO         7436    i.prvGetExpectedIdleTime  tasks.o
    0x08004950   0x00000028   Code   RO         7904    i.prvGetNextExpireTime  timers.o
    0x08004978   0x00000038   Code   RO         7744    i.prvHeapInit       heap_2.o
    0x080049b0   0x00000060   Code   RO         7437    i.prvIdleTask       tasks.o
    0x08004a10   0x00000056   Code   RO         7438    i.prvInitialiseTCBVariables  tasks.o
    0x08004a66   0x00000002   PAD
    0x08004a68   0x0000005c   Code   RO         7439    i.prvInitialiseTaskLists  tasks.o
    0x08004ac4   0x00000058   Code   RO         7905    i.prvInsertTimerInActiveList  timers.o
    0x08004b1c   0x0000001a   Code   RO         7268    i.prvIsQueueEmpty   queue.o
    0x08004b36   0x0000001e   Code   RO         7269    i.prvIsQueueFull    queue.o
    0x08004b54   0x00000058   Code   RO         7906    i.prvProcessExpiredTimer  timers.o
    0x08004bac   0x000000c8   Code   RO         7907    i.prvProcessReceivedCommands  timers.o
    0x08004c74   0x0000004c   Code   RO         7908    i.prvProcessTimerOrBlockTask  timers.o
    0x08004cc0   0x00000030   Code   RO         7909    i.prvSampleTimeNow  timers.o
    0x08004cf0   0x00000094   Code   RO         7910    i.prvSwitchTimerLists  timers.o
    0x08004d84   0x0000001a   Code   RO         7911    i.prvTimerTask      timers.o
    0x08004d9e   0x0000007e   Code   RO         7270    i.prvUnlockQueue    queue.o
    0x08004e1c   0x00000060   Code   RO           11    i.pushPresDownArray  main.o
    0x08004e7c   0x000000b8   Code   RO         7745    i.pvPortMalloc      heap_2.o
    0x08004f34   0x00000020   Code   RO         7659    i.pxPortInitialiseStack  port.o
    0x08004f54   0x00000218   Code   RO           12    i.resetLcd          main.o
    0x0800516c   0x0000004c   Code   RO         7174    i.rightall          fuzzy.o
    0x080051b8   0x00000028   Code   RO         8027    i.setRF             nrf24l01.o
    0x080051e0   0x000000a0   Code   RO           13    i.showDefaultLCD    main.o
    0x08005280   0x00000078   Code   RO         7175    i.triangle          fuzzy.o
    0x080052f8   0x00000028   Code   RO         7794    i.uxListRemove      list.o
    0x08005320   0x00000218   Code   RO           14    i.vDA2_Fuzzy        main.o
    0x08005538   0x00000018   Code   RO           15    i.vDA2_readRTC      main.o
    0x08005550   0x000000c0   Code   RO           16    i.vDA2_readRf       main.o
    0x08005610   0x0000001a   Code   RO         7795    i.vListInitialise   list.o
    0x0800562a   0x00000006   Code   RO         7796    i.vListInitialiseItem  list.o
    0x08005630   0x00000034   Code   RO         7797    i.vListInsert       list.o
    0x08005664   0x00000018   Code   RO         7798    i.vListInsertEnd    list.o
    0x0800567c   0x00000020   Code   RO         7661    i.vPortEnterCritical  port.o
    0x0800569c   0x00000020   Code   RO         7662    i.vPortExitCritical  port.o
    0x080056bc   0x00000040   Code   RO         7746    i.vPortFree         heap_2.o
    0x080056fc   0x0000005c   Code   RO         7663    i.vPortSetupTimerInterrupt  port.o
    0x08005758   0x00000100   Code   RO         7664    i.vPortSuppressTicksAndSleep  port.o
    0x08005858   0x0000005c   Code   RO         7665    i.vPortValidateInterruptPriority  port.o
    0x080058b4   0x00000018   Code   RO         7666    i.vPortYield        port.o
    0x080058cc   0x0000003a   Code   RO         7276    i.vQueueWaitForMessageRestricted  queue.o
    0x08005906   0x00000002   PAD
    0x08005908   0x00000038   Code   RO         7441    i.vTaskDelay        tasks.o
    0x08005940   0x0000000c   Code   RO         7443    i.vTaskMissedYield  tasks.o
    0x0800594c   0x00000054   Code   RO         7444    i.vTaskPlaceOnEventList  tasks.o
    0x080059a0   0x0000003c   Code   RO         7445    i.vTaskPlaceOnEventListRestricted  tasks.o
    0x080059dc   0x00000050   Code   RO         7446    i.vTaskPriorityDisinherit  tasks.o
    0x08005a2c   0x00000084   Code   RO         7447    i.vTaskPriorityInherit  tasks.o
    0x08005ab0   0x00000074   Code   RO         7448    i.vTaskResume       tasks.o
    0x08005b24   0x00000024   Code   RO         7449    i.vTaskSetTimeOutState  tasks.o
    0x08005b48   0x00000060   Code   RO         7450    i.vTaskStartScheduler  tasks.o
    0x08005ba8   0x00000038   Code   RO         7451    i.vTaskStepTick     tasks.o
    0x08005be0   0x00000070   Code   RO         7452    i.vTaskSuspend      tasks.o
    0x08005c50   0x00000010   Code   RO         7453    i.vTaskSuspendAll   tasks.o
    0x08005c60   0x00000088   Code   RO         7454    i.vTaskSwitchContext  tasks.o
    0x08005ce8   0x000000b4   Code   RO         7667    i.xPortStartScheduler  port.o
    0x08005d9c   0x00000056   Code   RO         7279    i.xQueueGenericCreate  queue.o
    0x08005df2   0x00000140   Code   RO         7280    i.xQueueGenericReceive  queue.o
    0x08005f32   0x00000078   Code   RO         7281    i.xQueueGenericReset  queue.o
    0x08005faa   0x0000011a   Code   RO         7282    i.xQueueGenericSend  queue.o
    0x080060c4   0x000000ac   Code   RO         7283    i.xQueueGenericSendFromISR  queue.o
    0x08006170   0x00000074   Code   RO         7455    i.xTaskCheckForTimeOut  tasks.o
    0x080061e4   0x00000130   Code   RO         7456    i.xTaskGenericCreate  tasks.o
    0x08006314   0x0000000c   Code   RO         7457    i.xTaskGetCurrentTaskHandle  tasks.o
    0x08006320   0x00000020   Code   RO         7458    i.xTaskGetSchedulerState  tasks.o
    0x08006340   0x00000018   Code   RO         7459    i.xTaskGetTickCount  tasks.o
    0x08006358   0x00000150   Code   RO         7461    i.xTaskIncrementTick  tasks.o
    0x080064a8   0x0000004c   Code   RO         7462    i.xTaskIsTaskSuspended  tasks.o
    0x080064f4   0x00000080   Code   RO         7463    i.xTaskRemoveFromEventList  tasks.o
    0x08006574   0x000000ec   Code   RO         7464    i.xTaskResumeAll    tasks.o
    0x08006660   0x0000004c   Code   RO         7914    i.xTimerCreateTimerTask  timers.o
    0x080066ac   0x00000068   Code   RO         7915    i.xTimerGenericCommand  timers.o
    0x08006714   0x00002814   Data   RO         5083    .constdata          asciilib.o
    0x08008f28   0x000000c9   Data   RO           20    .conststring        main.o
    0x08008ff1   0x00000003   PAD
    0x08008ff4   0x00000020   Data   RO         8430    Region$$Table       anon$$obj.o


    Execution Region ER_RW (Base: 0x20000000, Size: 0x00000440, Max: 0xffffffff, ABSOLUTE, COMPRESSED[0x000000f4])

    Base Addr    Size         Type   Attr      Idx    E Section Name        Object

    0x20000000   0x000001c4   Data   RW           21    .data               main.o
    0x200001c4   0x00000014   Data   RW          400    .data               system_stm32f4xx_1.o
    0x200001d8   0x00000010   Data   RW         1682    .data               stm32f4xx_rcc.o
    0x200001e8   0x00000010   Data   RW         5158    .data               ssd1289.o
    0x200001f8   0x00000004   Data   RW         6026    .data               tm_stm32f4_nrf24l01.o
    0x200001fc   0x00000010   Data   RW         6641    .data               tm_stm32f4_i2c.o
    0x2000020c   0x00000011   Data   RW         6769    .data               tm_stm32f4_delay.o
    0x2000021d   0x00000003   PAD
    0x20000220   0x00000060   Data   RW         6888    .data               tm_stm32f4_usart.o
    0x20000280   0x00000120   Data   RW         7176    .data               fuzzy.o
    0x200003a0   0x00000034   Data   RW         7467    .data               tasks.o
    0x200003d4   0x00000018   Data   RW         7668    .data               port.o
    0x200003ec   0x00000018   Data   RW         7750    .data               heap_2.o
    0x20000404   0x00000010   Data   RW         7918    .data               timers.o
    0x20000414   0x0000001d   Data   RW         8029    .data               nrf24l01.o
    0x20000431   0x00000003   PAD
    0x20000434   0x00000004   Data   RW         8408    .data               mc_w.l(stdout.o)
    0x20000438   0x00000004   Data   RW         8419    .data               mc_w.l(mvars.o)
    0x2000043c   0x00000004   Data   RW         8420    .data               mc_w.l(mvars.o)


    Execution Region ER_ZI (Base: 0x20000440, Size: 0x00013638, Max: 0xffffffff, ABSOLUTE)

    Base Addr    Size         Type   Attr      Idx    E Section Name        Object

    0x20000440   0x00000228   Zero   RW           19    .bss                main.o
    0x20000668   0x00000016   Zero   RW         6325    .bss                tm_stm32f4_gpio.o
    0x2000067e   0x00000002   PAD
    0x20000680   0x00000018   Zero   RW         6768    .bss                tm_stm32f4_delay.o
    0x20000698   0x000000c0   Zero   RW         6887    .bss                tm_stm32f4_usart.o
    0x20000758   0x000000b4   Zero   RW         7466    .bss                tasks.o
    0x2000080c   0x00012c00   Zero   RW         7749    .bss                heap_2.o
    0x2001340c   0x00000028   Zero   RW         7917    .bss                timers.o
    0x20013434   0x00000040   Zero   RW         8028    .bss                nrf24l01.o
    0x20013474   0x00000004   PAD
    0x20013478   0x00000200   Zero   RW         5072    HEAP                startup_stm32f40_41xxx.o
    0x20013678   0x00000400   Zero   RW         5071    STACK               startup_stm32f40_41xxx.o


==============================================================================

Image component sizes


      Code (inc. data)   RO Data    RW Data    ZI Data      Debug   Object Name

       160         26      10260          0          0       3440   asciilib.o
        36          4          0          0          0        548   esp8266.o
      2432        124          0        288          0       9155   fuzzy.o
       304         46          0         24      76800       3675   heap_2.o
       148          0          0          0          0       3130   list.o
      2554        688        201        452        552     339982   main.o
       120         14          0          0          0       1096   misc.o
       104         12          0         29         64       2107   nrf24l01.o
       946        106          0         24          0       7031   port.o
      1380          0          0          0          0       9770   queue.o
      2160         54          0         16          0      12258   ssd1289.o
        36          8        392          0       1536        912   startup_stm32f40_41xxx.o
       348         12          0          0          0       2125   stm32f4xx_fsmc.o
       214          0          0          0          0       1875   stm32f4xx_gpio.o
       274         14          0          0          0       2064   stm32f4xx_i2c.o
        20          0          0          0          0       2633   stm32f4xx_it.o
       296         30          0         16          0       4214   stm32f4xx_rcc.o
        96         10          0          0          0       1278   stm32f4xx_rtc.o
        84          0          0          0          0       1844   stm32f4xx_spi.o
       132         28          0          0          0       1347   stm32f4xx_tim.o
        34          0          0          0          0       1959   stm32f4xx_usart.o
       340         32          0         20          0       1729   system_stm32f4xx_1.o
      2758        398          0         52        180      23550   tasks.o
       970         84          0         16         40       8127   timers.o
       380         36          0         17         24       5013   tm_stm32f4_delay.o
        40          4          0          0          0        475   tm_stm32f4_disco.o
       156         14          0          0          0       1901   tm_stm32f4_ds1307.o
       380         10          0          0         22       3828   tm_stm32f4_gpio.o
      1138        104          0         16          0       7964   tm_stm32f4_i2c.o
      1252         90          0          4          0      16405   tm_stm32f4_nrf24l01.o
       106         10          0          0          0       2335   tm_stm32f4_rtc.o
      1236        130          0          0          0       6995   tm_stm32f4_spi.o
       768        122          0          0          0       2741   tm_stm32f4_timer_properties.o
       256         52          0         96        192       4620   tm_stm32f4_usart.o

    ----------------------------------------------------------------------
     21698       2262      10888       1076      79416     498126   Object Totals
         0          0         32          0          0          0   (incl. Generated)
        40          0          3          6          6          0   (incl. Padding)

    ----------------------------------------------------------------------

      Code (inc. data)   RO Data    RW Data    ZI Data      Debug   Library Member Name

        86          0          0          0          0          0   __dczerorl2.o
         0          0          0          0          0          0   entry.o
         0          0          0          0          0          0   entry10a.o
         0          0          0          0          0          0   entry11a.o
         8          4          0          0          0          0   entry2.o
         4          0          0          0          0          0   entry5.o
         0          0          0          0          0          0   entry7b.o
         0          0          0          0          0          0   entry8b.o
         8          4          0          0          0          0   entry9a.o
        30          0          0          0          0          0   handlers.o
        36          8          0          0          0         68   init.o
         0          0          0          0          0          0   iusefp.o
        30          0          0          0          0         68   llshl.o
        36          0          0          0          0         68   llsshr.o
        32          0          0          0          0         68   llushr.o
       108         16          0          0          0         84   malloc.o
        36          0          0          0          0         68   memcpya.o
        36          0          0          0          0        108   memseta.o
         0          0          0          8          0          0   mvars.o
      2276         96          0          0          0        596   printfa.o
         0          0          0          4          0          0   stdout.o
        44          0          0          0          0         80   uidiv.o
        98          0          0          0          0         92   uldiv.o
        48          0          0          0          0         68   cdcmple.o
        48          0          0          0          0         68   cdrcmple.o
        56          0          0          0          0         88   d2f.o
       334          0          0          0          0        148   dadd.o
       222          0          0          0          0        100   ddiv.o
       186          0          0          0          0        176   depilogue.o
        50          0          0          0          0         76   dfixui.o
        48          0          0          0          0         68   dfixul.o
        34          0          0          0          0         76   dflti.o
        26          0          0          0          0         76   dfltui.o
       228          0          0          0          0         96   dmul.o
        38          0          0          0          0         68   f2d.o
       110          0          0          0          0        168   fepilogue.o

    ----------------------------------------------------------------------
      4298        128          0         12          0       2576   Library Totals
         2          0          0          0          0          0   (incl. Padding)

    ----------------------------------------------------------------------

      Code (inc. data)   RO Data    RW Data    ZI Data      Debug   Library Name

      2868        128          0         12          0       1300   mc_w.l
      1428          0          0          0          0       1276   mf_w.l

    ----------------------------------------------------------------------
      4298        128          0         12          0       2576   Library Totals

    ----------------------------------------------------------------------

==============================================================================


      Code (inc. data)   RO Data    RW Data    ZI Data      Debug   

     25996       2390      10888       1088      79416     479834   Grand Totals
     25996       2390      10888        244      79416     479834   ELF Image Totals (compressed)
     25996       2390      10888        244          0          0   ROM Totals

==============================================================================

    Total RO  Size (Code + RO Data)                36884 (  36.02kB)
    Total RW  Size (RW Data + ZI Data)             80504 (  78.62kB)
    Total ROM Size (Code + RO Data + RW Data)      37128 (  36.26kB)

==============================================================================

