Component: ARM Compiler 5.06 update 3 (build 300) Tool: armlink [4d35c9]

==============================================================================

Section Cross References

    main.o(i.getDistance) refers to dfltui.o(.text) for __aeabi_ui2d
    main.o(i.getDistance) refers to dmul.o(.text) for __aeabi_dmul
    main.o(i.getDistance) refers to d2f.o(.text) for __aeabi_d2f
    main.o(i.getDistance) refers to f2d.o(.text) for __aeabi_f2d
    main.o(i.getDistance) refers to pow.o(i.__hardfp_pow) for __hardfp_pow
    main.o(i.initMain) refers to system_stm32f4xx_1.o(i.SystemInit) for SystemInit
    main.o(i.initMain) refers to tm_stm32f4_disco.o(i.TM_DISCO_LedInit) for TM_DISCO_LedInit
    main.o(i.initMain) refers to tm_stm32f4_disco.o(i.TM_DISCO_ButtonInit) for TM_DISCO_ButtonInit
    main.o(i.initMain) refers to tm_stm32f4_delay.o(i.TM_DELAY_Init) for TM_DELAY_Init
    main.o(i.initMain) refers to ssd1289.o(i.LCD_Init) for LCD_Init
    main.o(i.initMain) refers to i2c1.o(i.I2C1_Init) for I2C1_Init
    main.o(i.initMain) refers to dht11.o(i.DHT_GetTemHumi) for DHT_GetTemHumi
    main.o(i.initMain) refers to tm_stm32f4_adc.o(i.TM_ADC_Init) for TM_ADC_Init
    main.o(i.initMain) refers to main.o(i.mLCD_resetLcd) for mLCD_resetLcd
    main.o(i.initMain) refers to ssd1289.o(i.LCD_Clear) for LCD_Clear
    main.o(i.initMain) refers to main.o(i.mLCD_showTitle) for mLCD_showTitle
    main.o(i.initMain) refers to tm_stm32f4_ds1307.o(i.TM_DS1307_Init) for TM_DS1307_Init
    main.o(i.initMain) refers to tm_stm32f4_ds1307.o(i.TM_DS1307_GetDateTime) for TM_DS1307_GetDateTime
    main.o(i.initMain) refers to main.o(.data) for time
    main.o(i.initMain) refers to main.o(.bss) for InRoomEvn
    main.o(i.initTask) refers to tasks.o(i.xTaskGenericCreate) for xTaskGenericCreate
    main.o(i.initTask) refers to main.o(.data) for ptr_ReadSensor
    main.o(i.initTask) refers to main.o(i.vDA2_ReadSensor) for vDA2_ReadSensor
    main.o(i.initTask) refers to main.o(i.vDA2_ShowLCD) for vDA2_ShowLCD
    main.o(i.mLCD_resetLcd) refers to tm_stm32f4_ds1307.o(i.TM_DS1307_GetDateTime) for TM_DS1307_GetDateTime
    main.o(i.mLCD_resetLcd) refers to ssd1289.o(i.LCD_SetTextColor) for LCD_SetTextColor
    main.o(i.mLCD_resetLcd) refers to ssd1289.o(i.LCD_CharSize) for LCD_CharSize
    main.o(i.mLCD_resetLcd) refers to printfa.o(i.__0sprintf) for __2sprintf
    main.o(i.mLCD_resetLcd) refers to ssd1289.o(i.LCD_StringLine) for LCD_StringLine
    main.o(i.mLCD_resetLcd) refers to ssd1289.o(i.LCD_Clear_P) for LCD_Clear_P
    main.o(i.mLCD_resetLcd) refers to main.o(.data) for time
    main.o(i.mLCD_resetLcd) refers to main.o(.bss) for sbuff
    main.o(i.mLCD_showDateTime) refers to ssd1289.o(i.LCD_SetTextColor) for LCD_SetTextColor
    main.o(i.mLCD_showDateTime) refers to ssd1289.o(i.LCD_CharSize) for LCD_CharSize
    main.o(i.mLCD_showDateTime) refers to printfa.o(i.__0sprintf) for __2sprintf
    main.o(i.mLCD_showDateTime) refers to ssd1289.o(i.LCD_StringLine) for LCD_StringLine
    main.o(i.mLCD_showDateTime) refers to ssd1289.o(i.LCD_Clear_P) for LCD_Clear_P
    main.o(i.mLCD_showDateTime) refers to main.o(.data) for time
    main.o(i.mLCD_showDateTime) refers to main.o(.bss) for sbuff
    main.o(i.mLCD_showSensor) refers to ssd1289.o(i.LCD_CharSize) for LCD_CharSize
    main.o(i.mLCD_showSensor) refers to ssd1289.o(i.LCD_SetTextColor) for LCD_SetTextColor
    main.o(i.mLCD_showSensor) refers to printfa.o(i.__0sprintf) for __2sprintf
    main.o(i.mLCD_showSensor) refers to ssd1289.o(i.LCD_StringLine) for LCD_StringLine
    main.o(i.mLCD_showSensor) refers to f2d.o(.text) for __aeabi_f2d
    main.o(i.mLCD_showSensor) refers to main.o(.bss) for InRoomEvn
    main.o(i.mLCD_showSensor) refers to main.o(.data) for userData
    main.o(i.mLCD_showTitle) refers to ssd1289.o(i.LCD_Clear_P) for LCD_Clear_P
    main.o(i.mLCD_showTitle) refers to ssd1289.o(i.LCD_SetBackColor) for LCD_SetBackColor
    main.o(i.mLCD_showTitle) refers to ssd1289.o(i.LCD_SetTextColor) for LCD_SetTextColor
    main.o(i.mLCD_showTitle) refers to ssd1289.o(i.LCD_CharSize) for LCD_CharSize
    main.o(i.mLCD_showTitle) refers to ssd1289.o(i.LCD_StringLine) for LCD_StringLine
    main.o(i.main) refers to main.o(i.initMain) for initMain
    main.o(i.main) refers to main.o(i.initTask) for initTask
    main.o(i.main) refers to tasks.o(i.vTaskStartScheduler) for vTaskStartScheduler
    main.o(i.vDA2_ReadSensor) refers to tasks.o(i.vTaskDelay) for vTaskDelay
    main.o(i.vDA2_ReadSensor) refers to dht11.o(i.DHT_doam) for DHT_doam
    main.o(i.vDA2_ReadSensor) refers to dht11.o(i.DHT_nhietdo) for DHT_nhietdo
    main.o(i.vDA2_ReadSensor) refers to tm_stm32f4_adc.o(i.TM_ADC_Read) for TM_ADC_Read
    main.o(i.vDA2_ReadSensor) refers to main.o(i.getDistance) for getDistance
    main.o(i.vDA2_ReadSensor) refers to tm_stm32f4_ds1307.o(i.TM_DS1307_GetDateTime) for TM_DS1307_GetDateTime
    main.o(i.vDA2_ReadSensor) refers to main.o(.bss) for InRoomEvn
[...]
    prvIdleTask                              0x08004e71   Thumb Code    82  tasks.o(i.prvIdleTask)
    i.prvInitialiseTCBVariables              0x08004ed0   Section        0  tasks.o(i.prvInitialiseTCBVariables)
    prvInitialiseTCBVariables                0x08004ed1   Thumb Code    86  tasks.o(i.prvInitialiseTCBVariables)
    i.prvInitialiseTaskLists                 0x08004f28   Section        0  tasks.o(i.prvInitialiseTaskLists)
    prvInitialiseTaskLists                   0x08004f29   Thumb Code    64  tasks.o(i.prvInitialiseTaskLists)
    i.prvInsertTimerInActiveList             0x08004f84   Section        0  timers.o(i.prvInsertTimerInActiveList)
    prvInsertTimerInActiveList               0x08004f85   Thumb Code    80  timers.o(i.prvInsertTimerInActiveList)
    i.prvIsQueueEmpty                        0x08004fdc   Section        0  queue.o(i.prvIsQueueEmpty)
    prvIsQueueEmpty                          0x08004fdd   Thumb Code    26  queue.o(i.prvIsQueueEmpty)
    i.prvIsQueueFull                         0x08004ff6   Section        0  queue.o(i.prvIsQueueFull)
    prvIsQueueFull                           0x08004ff7   Thumb Code    30  queue.o(i.prvIsQueueFull)
    i.prvProcessExpiredTimer                 0x08005014   Section        0  timers.o(i.prvProcessExpiredTimer)
    prvProcessExpiredTimer                   0x08005015   Thumb Code    82  timers.o(i.prvProcessExpiredTimer)
    i.prvProcessReceivedCommands             0x0800506c   Section        0  timers.o(i.prvProcessReceivedCommands)
    prvProcessReceivedCommands               0x0800506d   Thumb Code   196  timers.o(i.prvProcessReceivedCommands)
    i.prvProcessTimerOrBlockTask             0x08005134   Section        0  timers.o(i.prvProcessTimerOrBlockTask)
    prvProcessTimerOrBlockTask               0x08005135   Thumb Code    70  timers.o(i.prvProcessTimerOrBlockTask)
    i.prvSampleTimeNow                       0x08005180   Section        0  timers.o(i.prvSampleTimeNow)
    prvSampleTimeNow                         0x08005181   Thumb Code    44  timers.o(i.prvSampleTimeNow)
    i.prvSwitchTimerLists                    0x080051b0   Section        0  timers.o(i.prvSwitchTimerLists)
    prvSwitchTimerLists                      0x080051b1   Thumb Code   138  timers.o(i.prvSwitchTimerLists)
    i.prvTimerTask                           0x08005244   Section        0  timers.o(i.prvTimerTask)
    prvTimerTask                             0x08005245   Thumb Code    26  timers.o(i.prvTimerTask)
    i.prvUnlockQueue                         0x0800525e   Section        0  queue.o(i.prvUnlockQueue)
    prvUnlockQueue                           0x0800525f   Thumb Code   126  queue.o(i.prvUnlockQueue)
    i.pvPortMalloc                           0x080052dc   Section        0  heap_2.o(i.pvPortMalloc)
    i.pxPortInitialiseStack                  0x08005394   Section        0  port.o(i.pxPortInitialiseStack)
    i.sqrt                                   0x080053b4   Section        0  sqrt.o(i.sqrt)
    i.uxListRemove                           0x08005422   Section        0  list.o(i.uxListRemove)
    i.vDA2_ReadSensor                        0x0800544c   Section        0  main.o(i.vDA2_ReadSensor)
    vDA2_ReadSensor                          0x0800544d   Thumb Code    66  main.o(i.vDA2_ReadSensor)
    i.vDA2_ShowLCD                           0x080054a4   Section        0  main.o(i.vDA2_ShowLCD)
    vDA2_ShowLCD                             0x080054a5   Thumb Code    20  main.o(i.vDA2_ShowLCD)
    i.vListInitialise                        0x080054b8   Section        0  list.o(i.vListInitialise)
    i.vListInitialiseItem                    0x080054d2   Section        0  list.o(i.vListInitialiseItem)
    i.vListInsert                            0x080054d8   Section        0  list.o(i.vListInsert)
    i.vListInsertEnd                         0x0800550c   Section        0  list.o(i.vListInsertEnd)
    i.vPortEnterCritical                     0x08005524   Section        0  port.o(i.vPortEnterCritical)
    i.vPortExitCritical                      0x08005544   Section        0  port.o(i.vPortExitCritical)
    i.vPortFree                              0x08005564   Section        0  heap_2.o(i.vPortFree)
    i.vPortSetupTimerInterrupt               0x080055a4   Section        0  port.o(i.vPortSetupTimerInterrupt)
    i.vPortSuppressTicksAndSleep             0x08005600   Section        0  port.o(i.vPortSuppressTicksAndSleep)
    i.vPortValidateInterruptPriority         0x08005700   Section        0  port.o(i.vPortValidateInterruptPriority)
    i.vPortYield                             0x0800575c   Section        0  port.o(i.vPortYield)
    i.vQueueWaitForMessageRestricted         0x08005774   Section        0  queue.o(i.vQueueWaitForMessageRestricted)
    i.vTaskDelay                             0x080057b0   Section        0  tasks.o(i.vTaskDelay)
    i.vTaskMissedYield                       0x080057e8   Section        0  tasks.o(i.vTaskMissedYield)
    i.vTaskPlaceOnEventList                  0x080057f4   Section        0  tasks.o(i.vTaskPlaceOnEventList)
    i.vTaskPlaceOnEventListRestricted        0x08005848   Section        0  tasks.o(i.vTaskPlaceOnEventListRestricted)
    i.vTaskPriorityDisinherit                0x08005884   Section        0  tasks.o(i.vTaskPriorityDisinherit)
    i.vTaskPriorityInherit                   0x080058d4   Section        0  tasks.o(i.vTaskPriorityInherit)
    i.vTaskSetTimeOutState                   0x08005958   Section        0  tasks.o(i.vTaskSetTimeOutState)
    i.vTaskStartScheduler                    0x0800597c   Section        0  tasks.o(i.vTaskStartScheduler)
    i.vTaskStepTick                          0x080059dc   Section        0  tasks.o(i.vTaskStepTick)
    i.vTaskSuspendAll                        0x08005a14   Section        0  tasks.o(i.vTaskSuspendAll)
    i.vTaskSwitchContext                     0x08005a24   Section        0  tasks.o(i.vTaskSwitchContext)
    i.xPortStartScheduler                    0x08005aac   Section        0  port.o(i.xPortStartScheduler)
    i.xQueueGenericCreate                    0x08005b60   Section        0  queue.o(i.xQueueGenericCreate)
    i.xQueueGenericReceive                   0x08005bb6   Section        0  queue.o(i.xQueueGenericReceive)
    i.xQueueGenericReset                     0x08005cf6   Section        0  queue.o(i.xQueueGenericReset)
    i.xQueueGenericSend                      0x08005d6e   Section        0  queue.o(i.xQueueGenericSend)
    i.xQueueGenericSendFromISR               0x08005e88   Section        0  queue.o(i.xQueueGenericSendFromISR)
    i.xTaskCheckForTimeOut                   0x08005f34   Section        0  tasks.o(i.xTaskCheckForTimeOut)
    i.xTaskGenericCreate                     0x08005fa8   Section        0  tasks.o(i.xTaskGenericCreate)
    i.xTaskGetCurrentTaskHandle              0x080060d8   Section        0  tasks.o(i.xTaskGetCurrentTaskHandle)
    i.xTaskGetSchedulerState                 0x080060e4   Section        0  tasks.o(i.xTaskGetSchedulerState)
    i.xTaskGetTickCount                      0x08006104   Section        0  tasks.o(i.xTaskGetTickCount)
    i.xTaskIncrementTick                     0x0800611c   Section        0  tasks.o(i.xTaskIncrementTick)
    i.xTaskRemoveFromEventList               0x0800626c   Section        0  tasks.o(i.xTaskRemoveFromEventList)
    i.xTaskResumeAll                         0x080062ec   Section        0  tasks.o(i.xTaskResumeAll)
    i.xTimerCreateTimerTask                  0x080063d8   Section        0  timers.o(i.xTimerCreateTimerTask)
    i.xTimerGenericCommand                   0x08006424   Section        0  timers.o(i.xTimerGenericCommand)
    .constdata                               0x0800648c   Section    10260  asciilib.o(.constdata)
    ASCII8x16                                0x0800765c   Data        1520  asciilib.o(.constdata)
    ASCII8x12                                0x08008534   Data        1140  asciilib.o(.constdata)
    ASCII8x8                                 0x080089a8   Data         760  asciilib.o(.constdata)
    .constdata                               0x08008ca0   Section      136  pow.o(.constdata)
    bp                                       0x08008ca0   Data          16  pow.o(.constdata)
    dp_h                                     0x08008cb0   Data          16  pow.o(.constdata)
    dp_l                                     0x08008cc0   Data          16  pow.o(.constdata)
    L                                        0x08008cd0   Data          48  pow.o(.constdata)
    P                                        0x08008d00   Data          40  pow.o(.constdata)
    .constdata                               0x08008d28   Section        8  qnan.o(.constdata)
    .conststring                             0x08008d30   Section      201  main.o(.conststring)
    .data                                    0x20000000   Section      464  main.o(.data)
    LWF_Fuzzy                                0x20000000   Data         288  main.o(.data)
    .data                                    0x200001d0   Section       20  system_stm32f4xx_1.o(.data)
    .data                                    0x200001e4   Section       16  stm32f4xx_rcc.o(.data)
    APBAHBPrescTable                         0x200001e4   Data          16  stm32f4xx_rcc.o(.data)
    .data                                    0x200001f4   Section       16  ssd1289.o(.data)
    .data                                    0x20000204   Section       10  dht11.o(.data)
    .data                                    0x20000210   Section       16  tm_stm32f4_i2c.o(.data)
    TM_I2C_Timeout                           0x20000210   Data           4  tm_stm32f4_i2c.o(.data)
    TM_I2C_INT_Clocks                        0x20000214   Data          12  tm_stm32f4_i2c.o(.data)
    .data                                    0x20000220   Section       17  tm_stm32f4_delay.o(.data)
    .data                                    0x20000234   Section       96  tm_stm32f4_usart.o(.data)
    .data                                    0x20000294   Section       52  tasks.o(.data)
    pxDelayedTaskList                        0x20000298   Data           4  tasks.o(.data)
    pxOverflowDelayedTaskList                0x2000029c   Data           4  tasks.o(.data)
    uxCurrentNumberOfTasks                   0x200002a0   Data           4  tasks.o(.data)
    xTickCount                               0x200002a4   Data           4  tasks.o(.data)
    uxTopReadyPriority                       0x200002a8   Data           4  tasks.o(.data)
    xSchedulerRunning                        0x200002ac   Data           4  tasks.o(.data)
    uxSchedulerSuspended                     0x200002b0   Data           4  tasks.o(.data)
    uxPendedTicks                            0x200002b4   Data           4  tasks.o(.data)
    xYieldPending                            0x200002b8   Data           4  tasks.o(.data)
    xNumOfOverflows                          0x200002bc   Data           4  tasks.o(.data)
    uxTaskNumber                             0x200002c0   Data           4  tasks.o(.data)
    xNextTaskUnblockTime                     0x200002c4   Data           4  tasks.o(.data)
    .data                                    0x200002c8   Section       24  port.o(.data)
    uxCriticalNesting                        0x200002c8   Data           4  port.o(.data)
    ulTimerCountsForOneTick                  0x200002cc   Data           4  port.o(.data)
    xMaximumPossibleSuppressedTicks          0x200002d0   Data           4  port.o(.data)
    ulStoppedTimerCompensation               0x200002d4   Data           4  port.o(.data)
    ucMaxSysCallPriority                     0x200002d8   Data           1  port.o(.data)
    ulMaxPRIGROUPValue                       0x200002dc   Data           4  port.o(.data)
    .data                                    0x200002e0   Section       24  heap_2.o(.data)
    xStart                                   0x200002e0   Data           8  heap_2.o(.data)
    xEnd                                     0x200002e8   Data           8  heap_2.o(.data)
    xFreeBytesRemaining                      0x200002f0   Data           4  heap_2.o(.data)
    xHeapHasBeenInitialised                  0x200002f4   Data           4  heap_2.o(.data)
    .data                                    0x200002f8   Section       16  timers.o(.data)
    pxCurrentTimerList                       0x200002f8   Data           4  timers.o(.data)
    pxOverflowTimerList                      0x200002fc   Data           4  timers.o(.data)
    xTimerQueue                              0x20000300   Data           4  timers.o(.data)
    xLastTime                                0x20000304   Data           4  timers.o(.data)
    .data                                    0x20000308   Section        4  errno.o(.data)
    _errno                                   0x20000308   Data           4  errno.o(.data)
    .bss                                     0x2000030c   Section     2724  main.o(.bss)
    .bss                                     0x20000db0   Section       22  tm_stm32f4_gpio.o(.bss)
    GPIO_UsedPins                            0x20000db0   Data          22  tm_stm32f4_gpio.o(.bss)
    .bss                                     0x20000dc8   Section       24  tm_stm32f4_delay.o(.bss)
    CustomTimers                             0x20000dc8   Data          24  tm_stm32f4_delay.o(.bss)
    .bss                                     0x20000de0   Section      192  tm_stm32f4_usart.o(.bss)
    .bss                                     0x20000ea0   Section      180  tasks.o(.bss)
    pxReadyTasksLists                        0x20000ea0   Data         100  tasks.o(.bss)
    xDelayedTaskList1                        0x20000f04   Data          20  tasks.o(.bss)
    xDelayedTaskList2                        0x20000f18   Data          20  tasks.o(.bss)
    xPendingReadyList                        0x20000f2c   Data          20  tasks.o(.bss)
    xSuspendedTaskList                       0x20000f40   Data          20  tasks.o(.bss)
    .bss                                     0x20000f54   Section    76800  heap_2.o(.bss)
    ucHeap                                   0x20000f54   Data       76800  heap_2.o(.bss)
    .bss                                     0x20013b54   Section       40  timers.o(.bss)
    xActiveTimerList1                        0x20013b54   Data          20  timers.o(.bss)
    xActiveTimerList2                        0x20013b68   Data          20  timers.o(.bss)
    STACK                                    0x20013b80   Section     1024  startup_stm32f40_41xxx.o(STACK)

    Global Symbols

    Symbol Name                              Value     Ov Type        Size  Object(Section)

    BuildAttributes$$THM_ISAv4$E$P$D$K$B$S$7EM$VFPi3$EXTD16$VFPS$VFMA$PE$A:L22UL41UL21$X:L11$S22US41US21$IEEE1$IW$USESV6$~STKCKD$USESV7$~SHL$OTIME$ROPI$IEEEX$EBA8$MICROLIB$REQ8$PRES8$EABIv2 0x00000000   Number         0  anon$$obj.o ABSOLUTE
    __ARM_use_no_argv                        0x00000000   Number         0  main.o ABSOLUTE
    _printf_a                                0x00000000   Number         0  stubs.o ABSOLUTE
    _printf_c                                0x00000000   Number         0  stubs.o ABSOLUTE
    _printf_charcount                        0x00000000   Number         0  stubs.o ABSOLUTE
    _printf_d                                0x00000000   Number         0  stubs.o ABSOLUTE
    _printf_e                                0x00000000   Number         0  stubs.o ABSOLUTE
    _printf_f                                0x00000000   Number         0  stubs.o ABSOLUTE
    _printf_flags                            0x00000000   Number         0  stubs.o ABSOLUTE
    _printf_fp_dec                           0x00000000   Number         0  stubs.o ABSOLUTE
    _printf_fp_hex                           0x00000000   Number         0  stubs.o ABSOLUTE
    _printf_g                                0x00000000   Number         0  stubs.o ABSOLUTE
    _printf_i                                0x00000000   Number         0  stubs.o ABSOLUTE
    _printf_int_dec                          0x00000000   Number         0  stubs.o ABSOLUTE
    _printf_l                                0x00000000   Number         0  stubs.o ABSOLUTE
    _printf_lc                               0x00000000   Number         0  stubs.o ABSOLUTE
    _printf_ll                               0x00000000   Number         0  stubs.o ABSOLUTE
    _printf_lld                              0x00000000   Number         0  stubs.o ABSOLUTE
    _printf_lli                              0x00000000   Number         0  stubs.o ABSOLUTE
    _printf_llo                              0x00000000   Number         0  stubs.o ABSOLUTE
    _printf_llu                              0x00000000   Number         0  stubs.o ABSOLUTE
    _printf_llx                              0x00000000   Number         0  stubs.o ABSOLUTE
    _printf_longlong_dec                     0x00000000   Number         0  stubs.o ABSOLUTE
    _printf_longlong_hex                     0x00000000   Number         0  stubs.o ABSOLUTE
    _printf_longlong_oct                     0x00000000   Number         0  stubs.o ABSOLUTE
    _printf_ls                               0x00000000   Number         0  stubs.o ABSOLUTE
    _printf_mbtowc                           0x00000000   Number         0  stubs.o ABSOLUTE
    _printf_n                                0x00000000   Number         0  stubs.o ABSOLUTE
    _printf_o                                0x00000000   Number         0  stubs.o ABSOLUTE
    _printf_p                                0x00000000   Number         0  stubs.o ABSOLUTE
    _printf_percent                          0x00000000   Number         0  stubs.o ABSOLUTE
    _printf_pre_padding                      0x00000000   Number         0  stubs.o ABSOLUTE
    _printf_return_value                     0x00000000   Number         0  stubs.o ABSOLUTE
    _printf_s                                0x00000000   Number         0  stubs.o ABSOLUTE
    _printf_sizespec                         0x00000000   Number         0  stubs.o ABSOLUTE
    _printf_str                              0x00000000   Number         0  stubs.o ABSOLUTE
    _printf_truncate_signed                  0x00000000   Number         0  stubs.o ABSOLUTE
    _printf_truncate_unsigned                0x00000000   Number         0  stubs.o ABSOLUTE
    _printf_u                                0x00000000   Number         0  stubs.o ABSOLUTE
    _printf_wc                               0x00000000   Number         0  stubs.o ABSOLUTE
    _printf_wctomb                           0x00000000   Number         0  stubs.o ABSOLUTE
    _printf_widthprec                        0x00000000   Number         0  stubs.o ABSOLUTE
    _printf_x                                0x00000000   Number         0  stubs.o ABSOLUTE
    TM_DELAY_1msHandler                       - Undefined Weak Reference
    __cpp_initialize__aeabi_                  - Undefined Weak Reference
    __cxa_finalize                            - Undefined Weak Reference
    _clock_init                               - Undefined Weak Reference
    _microlib_exit                            - Undefined Weak Reference
    __Vectors_Size                           0x00000188   Number         0  startup_stm32f40_41xxx.o ABSOLUTE
    __Vectors                                0x08000000   Data           4  startup_stm32f40_41xxx.o(RESET)
    __Vectors_End                            0x08000188   Data           0  startup_stm32f40_41xxx.o(RESET)
    __main                                   0x08000189   Thumb Code     0  entry.o(.ARM.Collect$$$$00000000)
    _main_stk                                0x08000189   Thumb Code     0  entry2.o(.ARM.Collect$$$$00000001)
    _main_scatterload                        0x0800018d   Thumb Code     0  entry5.o(.ARM.Collect$$$$00000004)
    __main_after_scatterload                 0x08000191   Thumb Code     0  entry5.o(.ARM.Collect$$$$00000004)
    _main_clock                              0x08000191   Thumb Code     0  entry7b.o(.ARM.Collect$$$$00000008)
    _main_cpp_init                           0x08000191   Thumb Code     0  entry8b.o(.ARM.Collect$$$$0000000A)
    _main_init                               0x08000191   Thumb Code     0  entry9a.o(.ARM.Collect$$$$0000000B)
    __rt_final_cpp                           0x08000199   Thumb Code     0  entry10a.o(.ARM.Collect$$$$0000000D)
    __rt_final_exit                          0x08000199   Thumb Code     0  entry11a.o(.ARM.Collect$$$$0000000F)
    SVC_Handler                              0x0800019d   Thumb Code    24  port.o(.emb_text)
    __asm___6_port_c_39a90d8d__prvStartFirstTask 0x080001b9   Thumb Code    16  port.o(.emb_text)
    __asm___6_port_c_39a90d8d__prvEnableVFP  0x080001cd   Thumb Code    16  port.o(.emb_text)
    PendSV_Handler                           0x080001e1   Thumb Code    76  port.o(.emb_text)
    ulPortSetInterruptMask                   0x08000231   Thumb Code    14  port.o(.emb_text)
    vPortClearInterruptMask                  0x0800023f   Thumb Code     6  port.o(.emb_text)
    vPortGetIPSR                             0x08000245   Thumb Code     6  port.o(.emb_text)
    Reset_Handler                            0x0800024d   Thumb Code     8  startup_stm32f40_41xxx.o(.text)
    ADC_IRQHandler                           0x08000267   Thumb Code     0  startup_stm32f40_41xxx.o(.text)
    CAN1_RX0_IRQHandler                      0x08000267   Thumb Code     0  startup_stm32f40_41xxx.o(.text)
    CAN1_RX1_IRQHandler                      0x08000267   Thumb Code     0  startup_stm32f40_41xxx.o(.text)
    CAN1_SCE_IRQHandler                      0x08000267   Thumb Code     0  startup_stm32f40_41xxx.o(.text)
    CAN1_TX_IRQHandler                       0x08000267   Thumb Code     0  startup_stm32f40_41xxx.o(.text)
    CAN2_RX0_IRQHandler                      0x08000267   Thumb Code     0  startup_stm32f40_41xxx.o(.text)
    CAN2_RX1_IRQHandler                      0x08000267   Thumb Code     0  startup_stm32f40_41xxx.o(.text)
    CAN2_SCE_IRQHandler                      0x08000267   Thumb Code     0  startup_stm32f40_41xxx.o(.text)
    CAN2_TX_IRQHandler                       0x08000267   Thumb Code     0  startup_stm32f40_41xxx.o(.text)
    CRYP_IRQHandler                          0x08000267   Thumb Code     0  startup_stm32f40_41xxx.o(.text)
    DCMI_IRQHandler                          0x08000267   Thumb Code     0  startup_stm32f40_41xxx.o(.text)
    DMA1_Stream0_IRQHandler                  0x08000267   Thumb Code     0  startup_stm32f40_41xxx.o(.text)
    DMA1_Stream1_IRQHandler                  0x08000267   Thumb Code     0  startup_stm32f40_41xxx.o(.text)
    DMA1_Stream2_IRQHandler                  0x08000267   Thumb Code     0  startup_stm32f40_41xxx.o(.text)
    DMA1_Stream3_IRQHandler                  0x08000267   Thumb Code     0  startup_stm32f40_41xxx.o(.text)
    DMA1_Stream4_IRQHandler                  0x08000267   Thumb Code     0  startup_stm32f40_41xxx.o(.text)
    DMA1_Stream5_IRQHandler                  0x08000267   Thumb Code     0  startup_stm32f40_41xxx.o(.text)
    DMA1_Stream6_IRQHandler                  0x08000267   Thumb Code     0  startup_stm32f40_41xxx.o(.text)
    DMA1_Stream7_IRQHandler                  0x08000267   Thumb Code     0  startup_stm32f40_41xxx.o(.text)
    DMA2_Stream0_IRQHandler                  0x08000267   Thumb Code     0  startup_stm32f40_41xxx.o(.text)
    DMA2_Stream1_IRQHandler                  0x08000267   Thumb Code     0  startup_stm32f40_41xxx.o(.text)
    DMA2_Stream2_IRQHandler                  0x08000267   Thumb Code     0  startup_stm32f40_41xxx.o(.text)
    DMA2_Stream3_IRQHandler                  0x08000267   Thumb Code     0  startup_stm32f40_41xxx.o(.text)
    DMA2_Stream4_IRQHandler                  0x08000267   Thumb Code     0  startup_stm32f40_41xxx.o(.text)
    DMA2_Stream5_IRQHandler                  0x08000267   Thumb Code     0  startup_stm32f40_41xxx.o(.text)
    DMA2_Stream6_IRQHandler                  0x08000267   Thumb Code     0  startup_stm32f40_41xxx.o(.text)
    DMA2_Stream7_IRQHandler                  0x08000267   Thumb Code     0  startup_stm32f40_41xxx.o(.text)
    ETH_IRQHandler                           0x08000267   Thumb Code     0  startup_stm32f40_41xxx.o(.text)
    ETH_WKUP_IRQHandler                      0x08000267   Thumb Code     0  startup_stm32f40_41xxx.o(.text)
    EXTI0_IRQHandler                         0x08000267   Thumb Code     0  startup_stm32f40_41xxx.o(.text)
    EXTI15_10_IRQHandler                     0x08000267   Thumb Code     0  startup_stm32f40_41xxx.o(.text)
    EXTI1_IRQHandler                         0x08000267   Thumb Code     0  startup_stm32f40_41xxx.o(.text)
    EXTI2_IRQHandler                         0x08000267   Thumb Code     0  startup_stm32f40_41xxx.o(.text)
    EXTI3_IRQHandler                         0x08000267   Thumb Code     0  startup_stm32f40_41xxx.o(.text)
    EXTI4_IRQHandler                         0x08000267   Thumb Code     0  startup_stm32f40_41xxx.o(.text)
    EXTI9_5_IRQHandler                       0x08000267   Thumb Code     0  startup_stm32f40_41xxx.o(.text)
    FLASH_IRQHandler                         0x08000267   Thumb Code     0  startup_stm32f40_41xxx.o(.text)
    FPU_IRQHandler                           0x08000267   Thumb Code     0  startup_stm32f40_41xxx.o(.text)
    FSMC_IRQHandler                          0x08000267   Thumb Code     0  startup_stm32f40_41xxx.o(.text)
    HASH_RNG_IRQHandler                      0x08000267   Thumb Code     0  startup_stm32f40_41xxx.o(.text)
    I2C1_ER_IRQHandler                       0x08000267   Thumb Code     0  startup_stm32f40_41xxx.o(.text)
    I2C1_EV_IRQHandler                       0x08000267   Thumb Code     0  startup_stm32f40_41xxx.o(.text)
    I2C2_ER_IRQHandler                       0x08000267   Thumb Code     0  startup_stm32f40_41xxx.o(.text)
    I2C2_EV_IRQHandler                       0x08000267   Thumb Code     0  startup_stm32f40_41xxx.o(.text)
    I2C3_ER_IRQHandler                       0x08000267   Thumb Code     0  startup_stm32f40_41xxx.o(.text)
    I2C3_EV_IRQHandler                       0x08000267   Thumb Code     0  startup_stm32f40_41xxx.o(.text)
    OTG_FS_IRQHandler                        0x08000267   Thumb Code     0  startup_stm32f40_41xxx.o(.text)
    OTG_FS_WKUP_IRQHandler                   0x08000267   Thumb Code     0  startup_stm32f40_41xxx.o(.text)
    OTG_HS_EP1_IN_IRQHandler                 0x08000267   Thumb Code     0  startup_stm32f40_41xxx.o(.text)
    OTG_HS_EP1_OUT_IRQHandler                0x08000267   Thumb Code     0  startup_stm32f40_41xxx.o(.text)
    OTG_HS_IRQHandler                        0x08000267   Thumb Code     0  startup_stm32f40_41xxx.o(.text)
    OTG_HS_WKUP_IRQHandler                   0x08000267   Thumb Code     0  startup_stm32f40_41xxx.o(.text)
    PVD_IRQHandler                           0x08000267   Thumb Code     0  startup_stm32f40_41xxx.o(.text)
    RCC_IRQHandler                           0x08000267   Thumb Code     0  startup_stm32f40_41xxx.o(.text)
    SDIO_IRQHandler                          0x08000267   Thumb Code     0  startup_stm32f40_41xxx.o(.text)
    SPI1_IRQHandler                          0x08000267   Thumb Code     0  startup_stm32f40_41xxx.o(.text)
    SPI2_IRQHandler                          0x08000267   Thumb Code     0  startup_stm32f40_41xxx.o(.text)
    SPI3_IRQHandler                          0x08000267   Thumb Code     0  startup_stm32f40_41xxx.o(.text)
    TAMP_STAMP_IRQHandler                    0x08000267   Thumb Code     0  startup_stm32f40_41xxx.o(.text)
    TIM1_BRK_TIM9_IRQHandler                 0x08000267   Thumb Code     0  startup_stm32f40_41xxx.o(.text)
    TIM1_CC_IRQHandler                       0x08000267   Thumb Code     0  startup_stm32f40_41xxx.o(.text)
    TIM1_TRG_COM_TIM11_IRQHandler            0x08000267   Thumb Code     0  startup_stm32f40_41xxx.o(.text)
    TIM1_UP_TIM10_IRQHandler                 0x08000267   Thumb Code     0  startup_stm32f40_41xxx.o(.text)
    TIM3_IRQHandler                          0x08000267   Thumb Code     0  startup_stm32f40_41xxx.o(.text)
    TIM4_IRQHandler                          0x08000267   Thumb Code     0  startup_stm32f40_41xxx.o(.text)
    TIM5_IRQHandler                          0x08000267   Thumb Code     0  startup_stm32f40_41xxx.o(.text)
    TIM6_DAC_IRQHandler                      0x08000267   Thumb Code     0  startup_stm32f40_41xxx.o(.text)
    TIM7_IRQHandler                          0x08000267   Thumb Code     0  startup_stm32f40_41xxx.o(.text)
    TIM8_BRK_TIM12_IRQHandler                0x08000267   Thumb Code     0  startup_stm32f40_41xxx.o(.text)
    TIM8_CC_IRQHandler                       0x08000267   Thumb Code     0  startup_stm32f40_41xxx.o(.text)
    TIM8_TRG_COM_TIM14_IRQHandler            0x08000267   Thumb Code     0  startup_stm32f40_41xxx.o(.text)
    TIM8_UP_TIM13_IRQHandler                 0x08000267   Thumb Code     0  startup_stm32f40_41xxx.o(.text)
    WWDG_IRQHandler                          0x08000267   Thumb Code     0  startup_stm32f40_41xxx.o(.text)
    __aeabi_memcpy                           0x08000271   Thumb Code    36  memcpya.o(.text)
    __aeabi_memcpy4                          0x08000271   Thumb Code     0  memcpya.o(.text)
    __aeabi_memcpy8                          0x08000271   Thumb Code     0  memcpya.o(.text)
    __aeabi_memset                           0x08000295   Thumb Code    14  memseta.o(.text)
    __aeabi_memset4                          0x08000295   Thumb Code     0  memseta.o(.text)
    __aeabi_memset8                          0x08000295   Thumb Code     0  memseta.o(.text)
    __aeabi_memclr                           0x080002a3   Thumb Code     4  memseta.o(.text)
    __aeabi_memclr4                          0x080002a3   Thumb Code     0  memseta.o(.text)
    __aeabi_memclr8                          0x080002a3   Thumb Code     0  memseta.o(.text)
    _memset$wrapper                          0x080002a7   Thumb Code    18  memseta.o(.text)
    __aeabi_dmul                             0x080002b9   Thumb Code   228  dmul.o(.text)
    __aeabi_ddiv                             0x0800039d   Thumb Code   222  ddiv.o(.text)
    __aeabi_i2d                              0x0800047b   Thumb Code    34  dflti.o(.text)
    __aeabi_ui2d                             0x0800049d   Thumb Code    26  dfltui.o(.text)
    __aeabi_d2uiz                            0x080004b7   Thumb Code    50  dfixui.o(.text)
    __aeabi_f2d                              0x080004e9   Thumb Code    38  f2d.o(.text)
    __aeabi_cdcmpeq                          0x08000511   Thumb Code     0  cdcmple.o(.text)
    __aeabi_cdcmple                          0x08000511   Thumb Code    48  cdcmple.o(.text)
    __aeabi_cdrcmple                         0x08000541   Thumb Code    48  cdrcmple.o(.text)
    __aeabi_d2f                              0x08000571   Thumb Code    56  d2f.o(.text)
    __aeabi_uidiv                            0x080005a9   Thumb Code     0  uidiv.o(.text)
    __aeabi_uidivmod                         0x080005a9   Thumb Code    44  uidiv.o(.text)
    __aeabi_uldivmod                         0x080005d5   Thumb Code    98  uldiv.o(.text)
    __aeabi_llsr                             0x08000637   Thumb Code    32  llushr.o(.text)
    _ll_ushift_r                             0x08000637   Thumb Code     0  llushr.o(.text)
    __I$use$fp                               0x08000657   Thumb Code     0  iusefp.o(.text)
    _float_round                             0x08000657   Thumb Code    18  fepilogue.o(.text)
    _float_epilogue                          0x08000669   Thumb Code    92  fepilogue.o(.text)
    _double_round                            0x080006c5   Thumb Code    30  depilogue.o(.text)
    _double_epilogue                         0x080006e3   Thumb Code   156  depilogue.o(.text)
    __aeabi_dadd                             0x0800077f   Thumb Code   322  dadd.o(.text)
    __aeabi_dsub                             0x080008c1   Thumb Code     6  dadd.o(.text)
    __aeabi_drsub                            0x080008c7   Thumb Code     6  dadd.o(.text)
    __ARM_scalbn                             0x080008cd   Thumb Code    46  dscalb.o(.text)
    scalbn                                   0x080008cd   Thumb Code     0  dscalb.o(.text)
    __aeabi_d2ulz                            0x080008fb   Thumb Code    48  dfixul.o(.text)
    __scatterload                            0x0800092d   Thumb Code    28  init.o(.text)
    __scatterload_rt2                        0x0800092d   Thumb Code     0  init.o(.text)
    __aeabi_llsl                             0x08000951   Thumb Code    30  llshl.o(.text)
    _ll_shift_l                              0x08000951   Thumb Code     0  llshl.o(.text)
    __aeabi_lasr                             0x0800096f   Thumb Code    36  llsshr.o(.text)
    _ll_sshift_r                             0x0800096f   Thumb Code     0  llsshr.o(.text)
    _dsqrt                                   0x08000993   Thumb Code   162  dsqrt.o(.text)
    __decompress                             0x08000a35   Thumb Code     0  __dczerorl2.o(.text)
    __decompress1                            0x08000a35   Thumb Code    86  __dczerorl2.o(.text)
    ADC_CommonInit                           0x08000a8d   Thumb Code    34  stm32f4xx_adc.o(i.ADC_CommonInit)
    ADC_Init                                 0x08000abd   Thumb Code    74  stm32f4xx_adc.o(i.ADC_Init)
    ADC_RegularChannelConfig                 0x08000b11   Thumb Code   184  stm32f4xx_adc.o(i.ADC_RegularChannelConfig)
    BusFault_Handler                         0x08000bc9   Thumb Code     4  stm32f4xx_it.o(i.BusFault_Handler)
    DHT_GetTemHumi                           0x08000bcd   Thumb Code   390  dht11.o(i.DHT_GetTemHumi)
    DHT_doam                                 0x08000d69   Thumb Code     6  dht11.o(i.DHT_doam)
    DHT_nhietdo                              0x08000d75   Thumb Code     6  dht11.o(i.DHT_nhietdo)
    DebugMon_Handler                         0x08000d81   Thumb Code     2  stm32f4xx_it.o(i.DebugMon_Handler)
    FSMC_NORSRAMCmd                          0x08000dd9   Thumb Code    46  stm32f4xx_fsmc.o(i.FSMC_NORSRAMCmd)
    FSMC_NORSRAMInit                         0x08000e0d   Thumb Code   290  stm32f4xx_fsmc.o(i.FSMC_NORSRAMInit)
    GPIO_Init                                0x08000f35   Thumb Code   144  stm32f4xx_gpio.o(i.GPIO_Init)
    GPIO_PinAFConfig                         0x08000fc5   Thumb Code    70  stm32f4xx_gpio.o(i.GPIO_PinAFConfig)
    GPIO_ReadInputDataBit                    0x0800100b   Thumb Code    18  stm32f4xx_gpio.o(i.GPIO_ReadInputDataBit)
    GPIO_ResetBits                           0x0800101d   Thumb Code     4  stm32f4xx_gpio.o(i.GPIO_ResetBits)
    GPIO_SetBits                             0x08001021   Thumb Code     4  stm32f4xx_gpio.o(i.GPIO_SetBits)
    GetASCIICode1                            0x08001025   Thumb Code    20  asciilib.o(i.GetASCIICode1)
    GetASCIICode2                            0x0800103d   Thumb Code    28  asciilib.o(i.GetASCIICode2)
    GetASCIICode3                            0x0800105d   Thumb Code    30  asciilib.o(i.GetASCIICode3)
    GetASCIICode4                            0x08001081   Thumb Code    26  asciilib.o(i.GetASCIICode4)
    GetASCIICode5                            0x080010a1   Thumb Code    30  asciilib.o(i.GetASCIICode5)
    HardFault_Handler                        0x080010c5   Thumb Code     4  stm32f4xx_it.o(i.HardFault_Handler)
    I2C1_Init                                0x080010c9   Thumb Code   140  i2c1.o(i.I2C1_Init)
    I2C_CheckEvent                           0x08001161   Thumb Code    42  stm32f4xx_i2c.o(i.I2C_CheckEvent)
    I2C_Cmd                                  0x0800118b   Thumb Code    24  stm32f4xx_i2c.o(i.I2C_Cmd)
    I2C_DeInit                               0x080011a5   Thumb Code    82  stm32f4xx_i2c.o(i.I2C_DeInit)
    I2C_Init                                 0x08001205   Thumb Code   218  stm32f4xx_i2c.o(i.I2C_Init)
    LCD_CharSize                             0x080012ed   Thumb Code    12  ssd1289.o(i.LCD_CharSize)
    LCD_Clear                                0x080012fd   Thumb Code    36  ssd1289.o(i.LCD_Clear)
    LCD_Clear_P                              0x08001325   Thumb Code    74  ssd1289.o(i.LCD_Clear_P)
    LCD_CtrlLinesConfig                      0x08001371   Thumb Code   292  ssd1289.o(i.LCD_CtrlLinesConfig)
    LCD_FSMCConfig                           0x0800149d   Thumb Code   124  ssd1289.o(i.LCD_FSMCConfig)
    LCD_Init                                 0x08001519   Thumb Code   706  ssd1289.o(i.LCD_Init)
    LCD_PutChar                              0x080017dd   Thumb Code   608  ssd1289.o(i.LCD_PutChar)
    LCD_SetBackColor                         0x08001a49   Thumb Code    12  ssd1289.o(i.LCD_SetBackColor)
    LCD_SetCursor                            0x08001a59   Thumb Code    24  ssd1289.o(i.LCD_SetCursor)
    LCD_SetTextColor                         0x08001a71   Thumb Code    12  ssd1289.o(i.LCD_SetTextColor)
    LCD_StringLine                           0x08001a81   Thumb Code   120  ssd1289.o(i.LCD_StringLine)
    LCD_WriteGRAM                            0x08001afd   Thumb Code    10  ssd1289.o(i.LCD_WriteGRAM)
    LCD_WriteRAM                             0x08001b09   Thumb Code     6  ssd1289.o(i.LCD_WriteRAM)
    LCD_WriteReg                             0x08001b15   Thumb Code    12  ssd1289.o(i.LCD_WriteReg)
    MemManage_Handler                        0x08001b25   Thumb Code     4  stm32f4xx_it.o(i.MemManage_Handler)
    NMI_Handler                              0x08001b29   Thumb Code     2  stm32f4xx_it.o(i.NMI_Handler)
    NVIC_Init                                0x08001b2d   Thumb Code   106  misc.o(i.NVIC_Init)
    Pixel                                    0x08001ba5   Thumb Code    42  ssd1289.o(i.Pixel)
    RCC_AHB1PeriphClockCmd                   0x08001bd1   Thumb Code    26  stm32f4xx_rcc.o(i.RCC_AHB1PeriphClockCmd)
    RCC_AHB3PeriphClockCmd                   0x08001bf1   Thumb Code    26  stm32f4xx_rcc.o(i.RCC_AHB3PeriphClockCmd)
    RCC_APB1PeriphClockCmd                   0x08001c11   Thumb Code    26  stm32f4xx_rcc.o(i.RCC_APB1PeriphClockCmd)
    RCC_APB1PeriphResetCmd                   0x08001c31   Thumb Code    26  stm32f4xx_rcc.o(i.RCC_APB1PeriphResetCmd)
    RCC_GetClocksFreq                        0x08001c51   Thumb Code   214  stm32f4xx_rcc.o(i.RCC_GetClocksFreq)
    RTC_Alarm_IRQHandler                     0x08001d39   Thumb Code    56  tm_stm32f4_rtc.o(i.RTC_Alarm_IRQHandler)
    RTC_ClearITPendingBit                    0x08001d75   Thumb Code    28  stm32f4xx_rtc.o(i.RTC_ClearITPendingBit)
    RTC_GetITStatus                          0x08001d95   Thumb Code    58  stm32f4xx_rtc.o(i.RTC_GetITStatus)
    RTC_WKUP_IRQHandler                      0x08001dd5   Thumb Code    34  tm_stm32f4_rtc.o(i.RTC_WKUP_IRQHandler)
    SysTick_Handler                          0x08001ee9   Thumb Code    28  port.o(i.SysTick_Handler)
    SystemInit                               0x08001f09   Thumb Code    88  system_stm32f4xx_1.o(i.SystemInit)
    TIM2_IRQHandler                          0x08001f71   Thumb Code   172  tm_stm32f4_delay.o(i.TIM2_IRQHandler)
    TIM_TimeBaseInit                         0x08002029   Thumb Code   104  stm32f4xx_tim.o(i.TIM_TimeBaseInit)
    TM_ADC_INT_Channel_0_Init                0x080020ad   Thumb Code    14  tm_stm32f4_adc.o(i.TM_ADC_INT_Channel_0_Init)
    TM_ADC_INT_Channel_10_Init               0x080020c1   Thumb Code    14  tm_stm32f4_adc.o(i.TM_ADC_INT_Channel_10_Init)
    TM_ADC_INT_Channel_11_Init               0x080020d5   Thumb Code    14  tm_stm32f4_adc.o(i.TM_ADC_INT_Channel_11_Init)
    TM_ADC_INT_Channel_12_Init               0x080020e9   Thumb Code    14  tm_stm32f4_adc.o(i.TM_ADC_INT_Channel_12_Init)
    TM_ADC_INT_Channel_13_Init               0x080020fd   Thumb Code    14  tm_stm32f4_adc.o(i.TM_ADC_INT_Channel_13_Init)
    TM_ADC_INT_Channel_14_Init               0x08002111   Thumb Code    40  tm_stm32f4_adc.o(i.TM_ADC_INT_Channel_14_Init)
    TM_ADC_INT_Channel_15_Init               0x0800214d   Thumb Code    42  tm_stm32f4_adc.o(i.TM_ADC_INT_Channel_15_Init)
    TM_ADC_INT_Channel_1_Init                0x0800218d   Thumb Code    14  tm_stm32f4_adc.o(i.TM_ADC_INT_Channel_1_Init)
    TM_ADC_INT_Channel_2_Init                0x080021a1   Thumb Code    14  tm_stm32f4_adc.o(i.TM_ADC_INT_Channel_2_Init)
    TM_ADC_INT_Channel_3_Init                0x080021b5   Thumb Code    14  tm_stm32f4_adc.o(i.TM_ADC_INT_Channel_3_Init)
    TM_ADC_INT_Channel_4_Init                0x080021c9   Thumb Code    40  tm_stm32f4_adc.o(i.TM_ADC_INT_Channel_4_Init)
    TM_ADC_INT_Channel_5_Init                0x08002205   Thumb Code    40  tm_stm32f4_adc.o(i.TM_ADC_INT_Channel_5_Init)
    TM_ADC_INT_Channel_6_Init                0x08002241   Thumb Code    40  tm_stm32f4_adc.o(i.TM_ADC_INT_Channel_6_Init)
    TM_ADC_INT_Channel_7_Init                0x0800227d   Thumb Code    40  tm_stm32f4_adc.o(i.TM_ADC_INT_Channel_7_Init)
    TM_ADC_INT_Channel_8_Init                0x080022b9   Thumb Code    40  tm_stm32f4_adc.o(i.TM_ADC_INT_Channel_8_Init)
    TM_ADC_INT_Channel_9_Init                0x080022f5   Thumb Code    40  tm_stm32f4_adc.o(i.TM_ADC_INT_Channel_9_Init)
    TM_ADC_INT_InitPin                       0x08002331   Thumb Code    28  tm_stm32f4_adc.o(i.TM_ADC_INT_InitPin)
    TM_ADC_Init                              0x0800234d   Thumb Code   204  tm_stm32f4_adc.o(i.TM_ADC_Init)
    TM_ADC_InitADC                           0x08002419   Thumb Code   144  tm_stm32f4_adc.o(i.TM_ADC_InitADC)
    TM_ADC_Read                              0x080024b9   Thumb Code    58  tm_stm32f4_adc.o(i.TM_ADC_Read)
    TM_DELAY_INT_InitTIM                     0x080024f5   Thumb Code   158  tm_stm32f4_delay.o(i.TM_DELAY_INT_InitTIM)
    TM_DELAY_Init                            0x080025a5   Thumb Code    14  tm_stm32f4_delay.o(i.TM_DELAY_Init)
    TM_DISCO_ButtonInit                      0x080025b9   Thumb Code    24  tm_stm32f4_disco.o(i.TM_DISCO_ButtonInit)
    TM_DISCO_LedInit                         0x080025d5   Thumb Code    36  tm_stm32f4_disco.o(i.TM_DISCO_LedInit)
    TM_DS1307_Bcd2Bin                        0x080025fd   Thumb Code    20  tm_stm32f4_ds1307.o(i.TM_DS1307_Bcd2Bin)
    TM_DS1307_GetDateTime                    0x08002611   Thumb Code    92  tm_stm32f4_ds1307.o(i.TM_DS1307_GetDateTime)
    TM_DS1307_Init                           0x08002671   Thumb Code    30  tm_stm32f4_ds1307.o(i.TM_DS1307_Init)
    TM_GPIO_GetPortSource                    0x08002699   Thumb Code    14  tm_stm32f4_gpio.o(i.TM_GPIO_GetPortSource)
    TM_GPIO_INT_EnableClock                  0x080026a9   Thumb Code    28  tm_stm32f4_gpio.o(i.TM_GPIO_INT_EnableClock)
    TM_GPIO_INT_Init                         0x080026c9   Thumb Code   170  tm_stm32f4_gpio.o(i.TM_GPIO_INT_Init)
    TM_GPIO_Init                             0x08002779   Thumb Code    48  tm_stm32f4_gpio.o(i.TM_GPIO_Init)
    TM_GPIO_InitAlternate                    0x080027a9   Thumb Code   110  tm_stm32f4_gpio.o(i.TM_GPIO_InitAlternate)
    TM_I2C1_INT_InitPins                     0x08002819   Thumb Code    92  tm_stm32f4_i2c.o(i.TM_I2C1_INT_InitPins)
    TM_I2C2_INT_InitPins                     0x0800287d   Thumb Code    90  tm_stm32f4_i2c.o(i.TM_I2C2_INT_InitPins)
    TM_I2C3_INT_InitPins                     0x080028e9   Thumb Code    86  tm_stm32f4_i2c.o(i.TM_I2C3_INT_InitPins)
    TM_I2C_Init                              0x08002951   Thumb Code   254  tm_stm32f4_i2c.o(i.TM_I2C_Init)
    TM_I2C_InitCustomPinsCallback            0x08002a65   Thumb Code     2  tm_stm32f4_i2c.o(i.TM_I2C_InitCustomPinsCallback)
    TM_I2C_IsDeviceConnected                 0x08002a67   Thumb Code    34  tm_stm32f4_i2c.o(i.TM_I2C_IsDeviceConnected)
    TM_I2C_ReadAck                           0x08002a89   Thumb Code    58  tm_stm32f4_i2c.o(i.TM_I2C_ReadAck)
    TM_I2C_ReadMulti                         0x08002acd   Thumb Code    86  tm_stm32f4_i2c.o(i.TM_I2C_ReadMulti)
    TM_I2C_ReadNack                          0x08002b25   Thumb Code    66  tm_stm32f4_i2c.o(i.TM_I2C_ReadNack)
    TM_I2C_Start                             0x08002b71   Thumb Code   166  tm_stm32f4_i2c.o(i.TM_I2C_Start)
    TM_I2C_Stop                              0x08002c21   Thumb Code    60  tm_stm32f4_i2c.o(i.TM_I2C_Stop)
    TM_I2C_WriteData                         0x08002c61   Thumb Code    40  tm_stm32f4_i2c.o(i.TM_I2C_WriteData)
    TM_RTC_AlarmAHandler                     0x08002c8d   Thumb Code     2  tm_stm32f4_rtc.o(i.TM_RTC_AlarmAHandler)
    TM_RTC_AlarmBHandler                     0x08002c8f   Thumb Code     2  tm_stm32f4_rtc.o(i.TM_RTC_AlarmBHandler)
    TM_RTC_RequestHandler                    0x08002c91   Thumb Code     2  tm_stm32f4_rtc.o(i.TM_RTC_RequestHandler)
    TM_TIMER_PROPERTIES_EnableClock          0x08002c95   Thumb Code   294  tm_stm32f4_timer_properties.o(i.TM_TIMER_PROPERTIES_EnableClock)
    TM_TIMER_PROPERTIES_GenerateDataForWorkingFrequency 0x08002df5   Thumb Code   202  tm_stm32f4_timer_properties.o(i.TM_TIMER_PROPERTIES_GenerateDataForWorkingFrequency)
    TM_TIMER_PROPERTIES_GetTimerProperties   0x08002ec9   Thumb Code   150  tm_stm32f4_timer_properties.o(i.TM_TIMER_PROPERTIES_GetTimerProperties)
    TM_USART_INT_InsertToBuffer              0x08002f95   Thumb Code    40  tm_stm32f4_usart.o(i.TM_USART_INT_InsertToBuffer)
    UART4_IRQHandler                         0x08002fbd   Thumb Code    28  tm_stm32f4_usart.o(i.UART4_IRQHandler)
    UART5_IRQHandler                         0x08002fe1   Thumb Code    26  tm_stm32f4_usart.o(i.UART5_IRQHandler)
    USART1_IRQHandler                        0x08003005   Thumb Code    26  tm_stm32f4_usart.o(i.USART1_IRQHandler)
    USART2_IRQHandler                        0x08003029   Thumb Code    28  tm_stm32f4_usart.o(i.USART2_IRQHandler)
    USART3_IRQHandler                        0x0800304d   Thumb Code    28  tm_stm32f4_usart.o(i.USART3_IRQHandler)
    USART6_IRQHandler                        0x08003071   Thumb Code    28  tm_stm32f4_usart.o(i.USART6_IRQHandler)
    UsageFault_Handler                       0x08003095   Thumb Code     4  stm32f4xx_it.o(i.UsageFault_Handler)
    __0sprintf                               0x08003099   Thumb Code    34  printfa.o(i.__0sprintf)
    __1sprintf                               0x08003099   Thumb Code     0  printfa.o(i.__0sprintf)
    __2sprintf                               0x08003099   Thumb Code     0  printfa.o(i.__0sprintf)
    __c89sprintf                             0x08003099   Thumb Code     0  printfa.o(i.__0sprintf)
    sprintf                                  0x08003099   Thumb Code     0  printfa.o(i.__0sprintf)
    __ARM_fpclassify                         0x080030c1   Thumb Code    48  fpclassify.o(i.__ARM_fpclassify)
    __hardfp_pow                             0x080030f1   Thumb Code  3072  pow.o(i.__hardfp_pow)
    __kernel_poly                            0x08003d41   Thumb Code   248  poly.o(i.__kernel_poly)
    __mathlib_dbl_divzero                    0x08003e39   Thumb Code    28  dunder.o(i.__mathlib_dbl_divzero)
    __mathlib_dbl_infnan2                    0x08003e69   Thumb Code    20  dunder.o(i.__mathlib_dbl_infnan2)
    __mathlib_dbl_invalid                    0x08003e81   Thumb Code    24  dunder.o(i.__mathlib_dbl_invalid)
    __mathlib_dbl_overflow                   0x08003ea1   Thumb Code    24  dunder.o(i.__mathlib_dbl_overflow)
    __mathlib_dbl_underflow                  0x08003ec1   Thumb Code    24  dunder.o(i.__mathlib_dbl_underflow)
    __scatterload_copy                       0x08003ee1   Thumb Code    14  handlers.o(i.__scatterload_copy)
    __scatterload_null                       0x08003eef   Thumb Code     2  handlers.o(i.__scatterload_null)
    __scatterload_zeroinit                   0x08003ef1   Thumb Code    14  handlers.o(i.__scatterload_zeroinit)
    __set_errno                              0x08003f01   Thumb Code     6  errno.o(i.__set_errno)
    eTaskConfirmSleepModeStatus              0x080047c9   Thumb Code    22  tasks.o(i.eTaskConfirmSleepModeStatus)
    fabs                                     0x080047e9   Thumb Code    24  fabs.o(i.fabs)
    getDistance                              0x08004801   Thumb Code   112  main.o(i.getDistance)
    initMain                                 0x08004889   Thumb Code    94  main.o(i.initMain)
    initTask                                 0x080048f9   Thumb Code    60  main.o(i.initTask)
    mLCD_resetLcd                            0x08004965   Thumb Code   180  main.o(i.mLCD_resetLcd)
    mLCD_showDateTime                        0x08004a65   Thumb Code   140  main.o(i.mLCD_showDateTime)
    mLCD_showSensor                          0x08004b1d   Thumb Code   104  main.o(i.mLCD_showSensor)
    mLCD_showTitle                           0x08004bc5   Thumb Code    64  main.o(i.mLCD_showTitle)
    main                                     0x08004c49   Thumb Code    20  main.o(i.main)
    pvPortMalloc                             0x080052dd   Thumb Code   164  heap_2.o(i.pvPortMalloc)
    pxPortInitialiseStack                    0x08005395   Thumb Code    32  port.o(i.pxPortInitialiseStack)
    sqrt                                     0x080053b5   Thumb Code   110  sqrt.o(i.sqrt)
    uxListRemove                             0x08005423   Thumb Code    40  list.o(i.uxListRemove)
    vListInitialise                          0x080054b9   Thumb Code    26  list.o(i.vListInitialise)
    vListInitialiseItem                      0x080054d3   Thumb Code     6  list.o(i.vListInitialiseItem)
    vListInsert                              0x080054d9   Thumb Code    52  list.o(i.vListInsert)
    vListInsertEnd                           0x0800550d   Thumb Code    24  list.o(i.vListInsertEnd)
    vPortEnterCritical                       0x08005525   Thumb Code    26  port.o(i.vPortEnterCritical)
    vPortExitCritical                        0x08005545   Thumb Code    26  port.o(i.vPortExitCritical)
    vPortFree                                0x08005565   Thumb Code    56  heap_2.o(i.vPortFree)
    vPortSetupTimerInterrupt                 0x080055a5   Thumb Code    76  port.o(i.vPortSetupTimerInterrupt)
    vPortSuppressTicksAndSleep               0x08005601   Thumb Code   242  port.o(i.vPortSuppressTicksAndSleep)
    vPortValidateInterruptPriority           0x08005701   Thumb Code    78  port.o(i.vPortValidateInterruptPriority)
    vPortYield                               0x0800575d   Thumb Code    18  port.o(i.vPortYield)
    vQueueWaitForMessageRestricted           0x08005775   Thumb Code    58  queue.o(i.vQueueWaitForMessageRestricted)
    vTaskDelay                               0x080057b1   Thumb Code    48  tasks.o(i.vTaskDelay)
    vTaskMissedYield                         0x080057e9   Thumb Code     8  tasks.o(i.vTaskMissedYield)
    vTaskPlaceOnEventList                    0x080057f5   Thumb Code    70  tasks.o(i.vTaskPlaceOnEventList)
    vTaskPlaceOnEventListRestricted          0x08005849   Thumb Code    52  tasks.o(i.vTaskPlaceOnEventListRestricted)
    vTaskPriorityDisinherit                  0x08005885   Thumb Code    70  tasks.o(i.vTaskPriorityDisinherit)
    vTaskPriorityInherit                     0x080058d5   Thumb Code   118  tasks.o(i.vTaskPriorityInherit)
    vTaskSetTimeOutState                     0x08005959   Thumb Code    28  tasks.o(i.vTaskSetTimeOutState)
    vTaskStartScheduler                      0x0800597d   Thumb Code    74  tasks.o(i.vTaskStartScheduler)
    vTaskStepTick                            0x080059dd   Thumb Code    46  tasks.o(i.vTaskStepTick)
    vTaskSuspendAll                          0x08005a15   Thumb Code    12  tasks.o(i.vTaskSuspendAll)
    vTaskSwitchContext                       0x08005a25   Thumb Code   116  tasks.o(i.vTaskSwitchContext)
    xPortStartScheduler                      0x08005aad   Thumb Code   156  port.o(i.xPortStartScheduler)
    xQueueGenericCreate                      0x08005b61   Thumb Code    86  queue.o(i.xQueueGenericCreate)
    xQueueGenericReceive                     0x08005bb7   Thumb Code   320  queue.o(i.xQueueGenericReceive)
    xQueueGenericReset                       0x08005cf7   Thumb Code   120  queue.o(i.xQueueGenericReset)
    xQueueGenericSend                        0x08005d6f   Thumb Code   282  queue.o(i.xQueueGenericSend)
    xQueueGenericSendFromISR                 0x08005e89   Thumb Code   172  queue.o(i.xQueueGenericSendFromISR)
    xTaskCheckForTimeOut                     0x08005f35   Thumb Code   108  tasks.o(i.xTaskCheckForTimeOut)
    xTaskGenericCreate                       0x08005fa9   Thumb Code   280  tasks.o(i.xTaskGenericCreate)
    xTaskGetCurrentTaskHandle                0x080060d9   Thumb Code     6  tasks.o(i.xTaskGetCurrentTaskHandle)
    xTaskGetSchedulerState                   0x080060e5   Thumb Code    24  tasks.o(i.xTaskGetSchedulerState)
    xTaskGetTickCount                        0x08006105   Thumb Code    18  tasks.o(i.xTaskGetTickCount)
    xTaskIncrementTick                       0x0800611d   Thumb Code   296  tasks.o(i.xTaskIncrementTick)
    xTaskRemoveFromEventList                 0x0800626d   Thumb Code   106  tasks.o(i.xTaskRemoveFromEventList)
    xTaskResumeAll                           0x080062ed   Thumb Code   202  tasks.o(i.xTaskResumeAll)
    xTimerCreateTimerTask                    0x080063d9   Thumb Code    58  timers.o(i.xTimerCreateTimerTask)
    xTimerGenericCommand                     0x08006425   Thumb Code   100  timers.o(i.xTimerGenericCommand)
    ASCII16x24                               0x0800648c   Data        4560  asciilib.o(.constdata)
    ASCII12x12                               0x08007c4c   Data        2280  asciilib.o(.constdata)
    __mathlib_zero                           0x08008d28   Data           8  qnan.o(.constdata)
    Region$$Table$$Base                      0x08008dfc   Number         0  anon$$obj.o(Region$$Table)
    Region$$Table$$Limit                     0x08008e1c   Number         0  anon$$obj.o(Region$$Table)
    time                                     0x20000120   Data           7  main.o(.data)
    Time_Start                               0x20000127   Data           1  main.o(.data)
    Time_Write                               0x20000128   Data           4  main.o(.data)
    count24                                  0x2000012c   Data           1  main.o(.data)
    temp                                     0x20000130   Data           4  main.o(.data)
    date                                     0x20000134   Data          32  main.o(.data)
    Month                                    0x20000154   Data          52  main.o(.data)
    Mua                                      0x20000188   Data          12  main.o(.data)
    chuoi                                    0x20000194   Data          32  main.o(.data)
    change                                   0x200001b4   Data           4  main.o(.data)
    dem                                      0x200001b8   Data           4  main.o(.data)
    mLCD_LcdMode                             0x200001bc   Data           1  main.o(.data)
    light                                    0x200001bd   Data           1  main.o(.data)
    ptr_ReadSensor                           0x200001c0   Data           4  main.o(.data)
    ptr_showLCD                              0x200001c4   Data           4  main.o(.data)
    userData                                 0x200001c8   Data           8  main.o(.data)
    SystemCoreClock                          0x200001d0   Data           4  system_stm32f4xx_1.o(.data)
    AHBPrescTable                            0x200001d4   Data          16  system_stm32f4xx_1.o(.data)
    TextColor                                0x200001f4   Data           2  ssd1289.o(.data)
    BackColor                                0x200001f6   Data           2  ssd1289.o(.data)
    asciisize                                0x200001f8   Data           2  ssd1289.o(.data)
    X_ofs                                    0x200001fc   Data           4  ssd1289.o(.data)
    Y_ofs                                    0x20000200   Data           4  ssd1289.o(.data)
    GPIO_InitStructure                       0x20000204   Data           8  dht11.o(.data)
    dh_nhiet_do                              0x2000020c   Data           1  dht11.o(.data)
    dh_do_am                                 0x2000020d   Data           1  dht11.o(.data)
    TM_TimingDelay                           0x20000220   Data           4  tm_stm32f4_delay.o(.data)
    TM_Time                                  0x20000224   Data           4  tm_stm32f4_delay.o(.data)
    TM_Time2                                 0x20000228   Data           4  tm_stm32f4_delay.o(.data)
    mult                                     0x2000022c   Data           4  tm_stm32f4_delay.o(.data)
    TM_DELAY_Initialized                     0x20000230   Data           1  tm_stm32f4_delay.o(.data)
    TM_USART1                                0x20000234   Data          16  tm_stm32f4_usart.o(.data)
    TM_USART2                                0x20000244   Data          16  tm_stm32f4_usart.o(.data)
    TM_USART3                                0x20000254   Data          16  tm_stm32f4_usart.o(.data)
    TM_UART4                                 0x20000264   Data          16  tm_stm32f4_usart.o(.data)
    TM_UART5                                 0x20000274   Data          16  tm_stm32f4_usart.o(.data)
    TM_USART6                                0x20000284   Data          16  tm_stm32f4_usart.o(.data)
    pxCurrentTCB                             0x20000294   Data           4  tasks.o(.data)
    NRF                                      0x2000030c   Data          12  main.o(.bss)
    s01                                      0x20000318   Data         300  main.o(.bss)
    s02                                      0x20000444   Data         300  main.o(.bss)
    s03                                      0x20000570   Data         300  main.o(.bss)
    s04                                      0x2000069c   Data         300  main.o(.bss)
    s05                                      0x200007c8   Data         300  main.o(.bss)
    s06                                      0x200008f4   Data         300  main.o(.bss)
    s07                                      0x20000a20   Data         300  main.o(.bss)
    s08                                      0x20000b4c   Data         300  main.o(.bss)
    sbuff                                    0x20000c78   Data         300  main.o(.bss)
    InRoomEvn                                0x20000da4   Data          12  main.o(.bss)
    TM_USART1_Buffer                         0x20000de0   Data          32  tm_stm32f4_usart.o(.bss)
    TM_USART2_Buffer                         0x20000e00   Data          32  tm_stm32f4_usart.o(.bss)
    TM_USART3_Buffer                         0x20000e20   Data          32  tm_stm32f4_usart.o(.bss)
    TM_UART4_Buffer                          0x20000e40   Data          32  tm_stm32f4_usart.o(.bss)
    TM_UART5_Buffer                          0x20000e60   Data          32  tm_stm32f4_usart.o(.bss)
    TM_USART6_Buffer                         0x20000e80   Data          32  tm_stm32f4_usart.o(.bss)
    __initial_sp                             0x20013f80   Data           0  startup_stm32f40_41xxx.o(STACK)



==============================================================================

Memory Map of the image

  Image Entry point : 0x0800024d

  Load Region LR_1 (Base: 0x08000000, Size: 0x00009128, Max: 0xffffffff, ABSOLUTE, COMPRESSED[0x00008ef8])

    Execution Region ER_RO (Base: 0x08000000, Size: 0x00008e1c, Max: 0xffffffff, ABSOLUTE)

    Base Addr    Size         Type   Attr      Idx    E Section Name        Object

    0x08000000   0x00000188   Data   RO         5074    RESET               startup_stm32f40_41xxx.o
    0x08000188   0x00000000   Code   RO         8393  * .ARM.Collect$$$$00000000  mc_w.l(entry.o)
    0x08000188   0x00000004   Code   RO         8750    .ARM.Collect$$$$00000001  mc_w.l(entry2.o)
    0x0800018c   0x00000004   Code   RO         8753    .ARM.Collect$$$$00000004  mc_w.l(entry5.o)
    0x08000190   0x00000000   Code   RO         8755    .ARM.Collect$$$$00000008  mc_w.l(entry7b.o)
    0x08000190   0x00000000   Code   RO         8757    .ARM.Collect$$$$0000000A  mc_w.l(entry8b.o)
    0x08000190   0x00000008   Code   RO         8758    .ARM.Collect$$$$0000000B  mc_w.l(entry9a.o)
    0x08000198   0x00000000   Code   RO         8760    .ARM.Collect$$$$0000000D  mc_w.l(entry10a.o)
    0x08000198   0x00000000   Code   RO         8762    .ARM.Collect$$$$0000000F  mc_w.l(entry11a.o)
    0x08000198   0x00000004   Code   RO         8751    .ARM.Collect$$$$00002712  mc_w.l(entry2.o)
    0x0800019c   0x000000ae   Code   RO         7964    .emb_text           port.o
    0x0800024a   0x00000002   PAD
    0x0800024c   0x00000024   Code   RO         5075  * .text               startup_stm32f40_41xxx.o
    0x08000270   0x00000024   Code   RO         8396    .text               mc_w.l(memcpya.o)
    0x08000294   0x00000024   Code   RO         8398    .text               mc_w.l(memseta.o)
    0x080002b8   0x000000e4   Code   RO         8695    .text               mf_w.l(dmul.o)
    0x0800039c   0x000000de   Code   RO         8697    .text               mf_w.l(ddiv.o)
    0x0800047a   0x00000022   Code   RO         8699    .text               mf_w.l(dflti.o)
    0x0800049c   0x0000001a   Code   RO         8701    .text               mf_w.l(dfltui.o)
    0x080004b6   0x00000032   Code   RO         8703    .text               mf_w.l(dfixui.o)
    0x080004e8   0x00000026   Code   RO         8705    .text               mf_w.l(f2d.o)
    0x0800050e   0x00000002   PAD
    0x08000510   0x00000030   Code   RO         8707    .text               mf_w.l(cdcmple.o)
    0x08000540   0x00000030   Code   RO         8709    .text               mf_w.l(cdrcmple.o)
    0x08000570   0x00000038   Code   RO         8711    .text               mf_w.l(d2f.o)
    0x080005a8   0x0000002c   Code   RO         8765    .text               mc_w.l(uidiv.o)
    0x080005d4   0x00000062   Code   RO         8767    .text               mc_w.l(uldiv.o)
    0x08000636   0x00000020   Code   RO         8769    .text               mc_w.l(llushr.o)
    0x08000656   0x00000000   Code   RO         8780    .text               mc_w.l(iusefp.o)
    0x08000656   0x0000006e   Code   RO         8781    .text               mf_w.l(fepilogue.o)
    0x080006c4   0x000000ba   Code   RO         8783    .text               mf_w.l(depilogue.o)
    0x0800077e   0x0000014e   Code   RO         8785    .text               mf_w.l(dadd.o)
    0x080008cc   0x0000002e   Code   RO         8789    .text               mf_w.l(dscalb.o)
    0x080008fa   0x00000030   Code   RO         8791    .text               mf_w.l(dfixul.o)
    0x0800092a   0x00000002   PAD
    0x0800092c   0x00000024   Code   RO         8793    .text               mc_w.l(init.o)
    0x08000950   0x0000001e   Code   RO         8795    .text               mc_w.l(llshl.o)
    0x0800096e   0x00000024   Code   RO         8797    .text               mc_w.l(llsshr.o)
    0x08000992   0x000000a2   Code   RO         8799    .text               mf_w.l(dsqrt.o)
    0x08000a34   0x00000056   Code   RO         8809    .text               mc_w.l(__dczerorl2.o)
    0x08000a8a   0x00000002   PAD
    0x08000a8c   0x00000030   Code   RO         3583    i.ADC_CommonInit    stm32f4xx_adc.o
    0x08000abc   0x00000054   Code   RO         3602    i.ADC_Init          stm32f4xx_adc.o
    0x08000b10   0x000000b8   Code   RO         3607    i.ADC_RegularChannelConfig  stm32f4xx_adc.o
    0x08000bc8   0x00000004   Code   RO          309    i.BusFault_Handler  stm32f4xx_it.o
    0x08000bcc   0x0000019c   Code   RO         5411    i.DHT_GetTemHumi    dht11.o
    0x08000d68   0x0000000c   Code   RO         5412    i.DHT_doam          dht11.o
    0x08000d74   0x0000000c   Code   RO         5413    i.DHT_nhietdo       dht11.o
    0x08000d80   0x00000002   Code   RO          310    i.DebugMon_Handler  stm32f4xx_it.o
    0x08000d82   0x0000002a   Code   RO         5121    i.Delay             ssd1289.o
    0x08000dac   0x0000002a   Code   RO         5414    i.Delay             dht11.o
    0x08000dd6   0x00000002   PAD
    0x08000dd8   0x00000034   Code   RO          996    i.FSMC_NORSRAMCmd   stm32f4xx_fsmc.o
    0x08000e0c   0x00000128   Code   RO          998    i.FSMC_NORSRAMInit  stm32f4xx_fsmc.o
    0x08000f34   0x00000090   Code   RO         1121    i.GPIO_Init         stm32f4xx_gpio.o
    0x08000fc4   0x00000046   Code   RO         1122    i.GPIO_PinAFConfig  stm32f4xx_gpio.o
    0x0800100a   0x00000012   Code   RO         1125    i.GPIO_ReadInputDataBit  stm32f4xx_gpio.o
    0x0800101c   0x00000004   Code   RO         1128    i.GPIO_ResetBits    stm32f4xx_gpio.o
    0x08001020   0x00000004   Code   RO         1129    i.GPIO_SetBits      stm32f4xx_gpio.o
    0x08001024   0x00000018   Code   RO         5079    i.GetASCIICode1     asciilib.o
    0x0800103c   0x00000020   Code   RO         5080    i.GetASCIICode2     asciilib.o
    0x0800105c   0x00000024   Code   RO         5081    i.GetASCIICode3     asciilib.o
    0x08001080   0x00000020   Code   RO         5082    i.GetASCIICode4     asciilib.o
    0x080010a0   0x00000024   Code   RO         5083    i.GetASCIICode5     asciilib.o
    0x080010c4   0x00000004   Code   RO          311    i.HardFault_Handler  stm32f4xx_it.o
    0x080010c8   0x00000098   Code   RO         5465    i.I2C1_Init         i2c1.o
    0x08001160   0x0000002a   Code   RO         1352    i.I2C_CheckEvent    stm32f4xx_i2c.o
    0x0800118a   0x00000018   Code   RO         1355    i.I2C_Cmd           stm32f4xx_i2c.o
    0x080011a2   0x00000002   PAD
    0x080011a4   0x00000060   Code   RO         1358    i.I2C_DeInit        stm32f4xx_i2c.o
    0x08001204   0x000000e8   Code   RO         1370    i.I2C_Init          stm32f4xx_i2c.o
    0x080012ec   0x00000010   Code   RO         5122    i.LCD_CharSize      ssd1289.o
    0x080012fc   0x00000028   Code   RO         5123    i.LCD_Clear         ssd1289.o
    0x08001324   0x0000004a   Code   RO         5124    i.LCD_Clear_P       ssd1289.o
    0x0800136e   0x00000002   PAD
    0x08001370   0x0000012c   Code   RO         5127    i.LCD_CtrlLinesConfig  ssd1289.o
    0x0800149c   0x0000007c   Code   RO         5138    i.LCD_FSMCConfig    ssd1289.o
    0x08001518   0x000002c2   Code   RO         5141    i.LCD_Init          ssd1289.o
    0x080017da   0x00000002   PAD
    0x080017dc   0x0000026c   Code   RO         5146    i.LCD_PutChar       ssd1289.o
    0x08001a48   0x00000010   Code   RO         5147    i.LCD_SetBackColor  ssd1289.o
    0x08001a58   0x00000018   Code   RO         5149    i.LCD_SetCursor     ssd1289.o
    0x08001a70   0x00000010   Code   RO         5151    i.LCD_SetTextColor  ssd1289.o
    0x08001a80   0x0000007c   Code   RO         5152    i.LCD_StringLine    ssd1289.o
    0x08001afc   0x0000000a   Code   RO         5154    i.LCD_WriteGRAM     ssd1289.o
    0x08001b06   0x00000002   PAD
    0x08001b08   0x0000000c   Code   RO         5155    i.LCD_WriteRAM      ssd1289.o
    0x08001b14   0x00000010   Code   RO         5156    i.LCD_WriteReg      ssd1289.o
    0x08001b24   0x00000004   Code   RO          312    i.MemManage_Handler  stm32f4xx_it.o
    0x08001b28   0x00000002   Code   RO          313    i.NMI_Handler       stm32f4xx_it.o
    0x08001b2a   0x00000002   PAD
    0x08001b2c   0x00000078   Code   RO          439    i.NVIC_Init         misc.o
    0x08001ba4   0x0000002a   Code   RO         5157    i.Pixel             ssd1289.o
    0x08001bce   0x00000002   PAD
    0x08001bd0   0x00000020   Code   RO         1630    i.RCC_AHB1PeriphClockCmd  stm32f4xx_rcc.o
    0x08001bf0   0x00000020   Code   RO         1636    i.RCC_AHB3PeriphClockCmd  stm32f4xx_rcc.o
    0x08001c10   0x00000020   Code   RO         1639    i.RCC_APB1PeriphClockCmd  stm32f4xx_rcc.o
    0x08001c30   0x00000020   Code   RO         1641    i.RCC_APB1PeriphResetCmd  stm32f4xx_rcc.o
    0x08001c50   0x000000e8   Code   RO         1651    i.RCC_GetClocksFreq  stm32f4xx_rcc.o
    0x08001d38   0x0000003c   Code   RO         6015    i.RTC_Alarm_IRQHandler  tm_stm32f4_rtc.o
    0x08001d74   0x00000020   Code   RO         2043    i.RTC_ClearITPendingBit  stm32f4xx_rtc.o
    0x08001d94   0x00000040   Code   RO         2055    i.RTC_GetITStatus   stm32f4xx_rtc.o
    0x08001dd4   0x00000028   Code   RO         6016    i.RTC_WKUP_IRQHandler  tm_stm32f4_rtc.o
    0x08001dfc   0x000000ec   Code   RO          372    i.SetSysClock       system_stm32f4xx_1.o
    0x08001ee8   0x00000020   Code   RO         7965    i.SysTick_Handler   port.o
    0x08001f08   0x00000068   Code   RO          374    i.SystemInit        system_stm32f4xx_1.o
    0x08001f70   0x000000b8   Code   RO         6910    i.TIM2_IRQHandler   tm_stm32f4_delay.o
    0x08002028   0x00000084   Code   RO         2906    i.TIM_TimeBaseInit  stm32f4xx_tim.o
    0x080020ac   0x00000014   Code   RO         7243    i.TM_ADC_INT_Channel_0_Init  tm_stm32f4_adc.o
    0x080020c0   0x00000014   Code   RO         7244    i.TM_ADC_INT_Channel_10_Init  tm_stm32f4_adc.o
    0x080020d4   0x00000014   Code   RO         7245    i.TM_ADC_INT_Channel_11_Init  tm_stm32f4_adc.o
    0x080020e8   0x00000014   Code   RO         7246    i.TM_ADC_INT_Channel_12_Init  tm_stm32f4_adc.o
    0x080020fc   0x00000014   Code   RO         7247    i.TM_ADC_INT_Channel_13_Init  tm_stm32f4_adc.o
    0x08002110   0x0000003c   Code   RO         7248    i.TM_ADC_INT_Channel_14_Init  tm_stm32f4_adc.o
    0x0800214c   0x00000040   Code   RO         7249    i.TM_ADC_INT_Channel_15_Init  tm_stm32f4_adc.o
    0x0800218c   0x00000014   Code   RO         7250    i.TM_ADC_INT_Channel_1_Init  tm_stm32f4_adc.o
    0x080021a0   0x00000014   Code   RO         7251    i.TM_ADC_INT_Channel_2_Init  tm_stm32f4_adc.o
    0x080021b4   0x00000014   Code   RO         7252    i.TM_ADC_INT_Channel_3_Init  tm_stm32f4_adc.o
    0x080021c8   0x0000003c   Code   RO         7253    i.TM_ADC_INT_Channel_4_Init  tm_stm32f4_adc.o
    0x08002204   0x0000003c   Code   RO         7254    i.TM_ADC_INT_Channel_5_Init  tm_stm32f4_adc.o
    0x08002240   0x0000003c   Code   RO         7255    i.TM_ADC_INT_Channel_6_Init  tm_stm32f4_adc.o
    0x0800227c   0x0000003c   Code   RO         7256    i.TM_ADC_INT_Channel_7_Init  tm_stm32f4_adc.o
    0x080022b8   0x0000003c   Code   RO         7257    i.TM_ADC_INT_Channel_8_Init  tm_stm32f4_adc.o
    0x080022f4   0x0000003c   Code   RO         7258    i.TM_ADC_INT_Channel_9_Init  tm_stm32f4_adc.o
    0x08002330   0x0000001c   Code   RO         7259    i.TM_ADC_INT_InitPin  tm_stm32f4_adc.o
    0x0800234c   0x000000cc   Code   RO         7260    i.TM_ADC_Init       tm_stm32f4_adc.o
    0x08002418   0x000000a0   Code   RO         7261    i.TM_ADC_InitADC    tm_stm32f4_adc.o
    0x080024b8   0x0000003a   Code   RO         7262    i.TM_ADC_Read       tm_stm32f4_adc.o
    0x080024f2   0x00000002   PAD
    0x080024f4   0x000000b0   Code   RO         6913    i.TM_DELAY_INT_InitTIM  tm_stm32f4_delay.o
    0x080025a4   0x00000014   Code   RO         6914    i.TM_DELAY_Init     tm_stm32f4_delay.o
    0x080025b8   0x0000001c   Code   RO         6579    i.TM_DISCO_ButtonInit  tm_stm32f4_disco.o
    0x080025d4   0x00000028   Code   RO         6582    i.TM_DISCO_LedInit  tm_stm32f4_disco.o
    0x080025fc   0x00000014   Code   RO         6623    i.TM_DS1307_Bcd2Bin  tm_stm32f4_ds1307.o
    0x08002610   0x00000060   Code   RO         6629    i.TM_DS1307_GetDateTime  tm_stm32f4_ds1307.o
    0x08002670   0x00000028   Code   RO         6636    i.TM_DS1307_Init    tm_stm32f4_ds1307.o
    0x08002698   0x0000000e   Code   RO         6466    i.TM_GPIO_GetPortSource  tm_stm32f4_gpio.o
    0x080026a6   0x00000002   PAD
    0x080026a8   0x00000020   Code   RO         6469    i.TM_GPIO_INT_EnableClock  tm_stm32f4_gpio.o
    0x080026c8   0x000000b0   Code   RO         6470    i.TM_GPIO_INT_Init  tm_stm32f4_gpio.o
    0x08002778   0x00000030   Code   RO         6471    i.TM_GPIO_Init      tm_stm32f4_gpio.o
    0x080027a8   0x0000006e   Code   RO         6472    i.TM_GPIO_InitAlternate  tm_stm32f4_gpio.o
    0x08002816   0x00000002   PAD
    0x08002818   0x00000064   Code   RO         6776    i.TM_I2C1_INT_InitPins  tm_stm32f4_i2c.o
    0x0800287c   0x0000006c   Code   RO         6777    i.TM_I2C2_INT_InitPins  tm_stm32f4_i2c.o
    0x080028e8   0x00000068   Code   RO         6778    i.TM_I2C3_INT_InitPins  tm_stm32f4_i2c.o
    0x08002950   0x00000114   Code   RO         6779    i.TM_I2C_Init       tm_stm32f4_i2c.o
    0x08002a64   0x00000002   Code   RO         6780    i.TM_I2C_InitCustomPinsCallback  tm_stm32f4_i2c.o
    0x08002a66   0x00000022   Code   RO         6781    i.TM_I2C_IsDeviceConnected  tm_stm32f4_i2c.o
    0x08002a88   0x00000044   Code   RO         6783    i.TM_I2C_ReadAck    tm_stm32f4_i2c.o
    0x08002acc   0x00000056   Code   RO         6784    i.TM_I2C_ReadMulti  tm_stm32f4_i2c.o
    0x08002b22   0x00000002   PAD
    0x08002b24   0x0000004c   Code   RO         6786    i.TM_I2C_ReadNack   tm_stm32f4_i2c.o
    0x08002b70   0x000000b0   Code   RO         6788    i.TM_I2C_Start      tm_stm32f4_i2c.o
    0x08002c20   0x00000040   Code   RO         6789    i.TM_I2C_Stop       tm_stm32f4_i2c.o
    0x08002c60   0x0000002c   Code   RO         6791    i.TM_I2C_WriteData  tm_stm32f4_i2c.o
    0x08002c8c   0x00000002   Code   RO         6017    i.TM_RTC_AlarmAHandler  tm_stm32f4_rtc.o
    0x08002c8e   0x00000002   Code   RO         6018    i.TM_RTC_AlarmBHandler  tm_stm32f4_rtc.o
    0x08002c90   0x00000002   Code   RO         6029    i.TM_RTC_RequestHandler  tm_stm32f4_rtc.o
    0x08002c92   0x00000002   PAD
    0x08002c94   0x00000160   Code   RO         7200    i.TM_TIMER_PROPERTIES_EnableClock  tm_stm32f4_timer_properties.o
    0x08002df4   0x000000d4   Code   RO         7201    i.TM_TIMER_PROPERTIES_GenerateDataForWorkingFrequency  tm_stm32f4_timer_properties.o
    0x08002ec8   0x000000cc   Code   RO         7202    i.TM_TIMER_PROPERTIES_GetTimerProperties  tm_stm32f4_timer_properties.o
    0x08002f94   0x00000028   Code   RO         7025    i.TM_USART_INT_InsertToBuffer  tm_stm32f4_usart.o
    0x08002fbc   0x00000024   Code   RO         7032    i.UART4_IRQHandler  tm_stm32f4_usart.o
    0x08002fe0   0x00000024   Code   RO         7033    i.UART5_IRQHandler  tm_stm32f4_usart.o
    0x08003004   0x00000024   Code   RO         7034    i.USART1_IRQHandler  tm_stm32f4_usart.o
    0x08003028   0x00000024   Code   RO         7035    i.USART2_IRQHandler  tm_stm32f4_usart.o
    0x0800304c   0x00000024   Code   RO         7036    i.USART3_IRQHandler  tm_stm32f4_usart.o
    0x08003070   0x00000024   Code   RO         7037    i.USART6_IRQHandler  tm_stm32f4_usart.o
    0x08003094   0x00000004   Code   RO          315    i.UsageFault_Handler  stm32f4xx_it.o
    0x08003098   0x00000028   Code   RO         8641    i.__0sprintf        mc_w.l(printfa.o)
    0x080030c0   0x00000030   Code   RO         8733    i.__ARM_fpclassify  m_wm.l(fpclassify.o)
    0x080030f0   0x00000c50   Code   RO         8379    i.__hardfp_pow      m_wm.l(pow.o)
    0x08003d40   0x000000f8   Code   RO         8735    i.__kernel_poly     m_wm.l(poly.o)
    0x08003e38   0x00000030   Code   RO         8713    i.__mathlib_dbl_divzero  m_wm.l(dunder.o)
    0x08003e68   0x00000014   Code   RO         8715    i.__mathlib_dbl_infnan2  m_wm.l(dunder.o)
    0x08003e7c   0x00000004   PAD
    0x08003e80   0x00000020   Code   RO         8716    i.__mathlib_dbl_invalid  m_wm.l(dunder.o)
    0x08003ea0   0x00000020   Code   RO         8717    i.__mathlib_dbl_overflow  m_wm.l(dunder.o)
    0x08003ec0   0x00000020   Code   RO         8719    i.__mathlib_dbl_underflow  m_wm.l(dunder.o)
    0x08003ee0   0x0000000e   Code   RO         8803    i.__scatterload_copy  mc_w.l(handlers.o)
    0x08003eee   0x00000002   Code   RO         8804    i.__scatterload_null  mc_w.l(handlers.o)
    0x08003ef0   0x0000000e   Code   RO         8805    i.__scatterload_zeroinit  mc_w.l(handlers.o)
    0x08003efe   0x00000002   PAD
    0x08003f00   0x0000000c   Code   RO         8775    i.__set_errno       mc_w.l(errno.o)
    0x08003f0c   0x00000184   Code   RO         8646    i._fp_digits        mc_w.l(printfa.o)
    0x08004090   0x000006dc   Code   RO         8647    i._printf_core      mc_w.l(printfa.o)
    0x0800476c   0x00000024   Code   RO         8648    i._printf_post_padding  mc_w.l(printfa.o)
    0x08004790   0x0000002e   Code   RO         8649    i._printf_pre_padding  mc_w.l(printfa.o)
    0x080047be   0x0000000a   Code   RO         8651    i._sputc            mc_w.l(printfa.o)
    0x080047c8   0x00000020   Code   RO         7733    i.eTaskConfirmSleepModeStatus  tasks.o
    0x080047e8   0x00000018   Code   RO         8729    i.fabs              m_wm.l(fabs.o)
    0x08004800   0x00000088   Code   RO            4    i.getDistance       main.o
    0x08004888   0x00000070   Code   RO            5    i.initMain          main.o
    0x080048f8   0x0000006c   Code   RO            6    i.initTask          main.o
    0x08004964   0x00000100   Code   RO            7    i.mLCD_resetLcd     main.o
    0x08004a64   0x000000b8   Code   RO            8    i.mLCD_showDateTime  main.o
    0x08004b1c   0x000000a8   Code   RO            9    i.mLCD_showSensor   main.o
    0x08004bc4   0x00000084   Code   RO           10    i.mLCD_showTitle    main.o
    0x08004c48   0x00000014   Code   RO           11    i.main              main.o
    0x08004c5c   0x00000054   Code   RO         7734    i.prvAddCurrentTaskToDelayedList  tasks.o
    0x08004cb0   0x0000003a   Code   RO         7735    i.prvAllocateTCBAndStack  tasks.o
    0x08004cea   0x00000002   PAD
    0x08004cec   0x0000004c   Code   RO         8210    i.prvCheckForValidListAndQueue  timers.o
    0x08004d38   0x00000002   Code   RO         7736    i.prvCheckTasksWaitingTermination  tasks.o
    0x08004d3a   0x0000002a   Code   RO         7567    i.prvCopyDataFromQueue  queue.o
    0x08004d64   0x00000076   Code   RO         7568    i.prvCopyDataToQueue  queue.o
    0x08004dda   0x00000002   PAD
    0x08004ddc   0x00000034   Code   RO         7737    i.prvGetExpectedIdleTime  tasks.o
    0x08004e10   0x00000028   Code   RO         8211    i.prvGetNextExpireTime  timers.o
    0x08004e38   0x00000038   Code   RO         8051    i.prvHeapInit       heap_2.o
    0x08004e70   0x00000060   Code   RO         7738    i.prvIdleTask       tasks.o
    0x08004ed0   0x00000056   Code   RO         7739    i.prvInitialiseTCBVariables  tasks.o
    0x08004f26   0x00000002   PAD
    0x08004f28   0x0000005c   Code   RO         7740    i.prvInitialiseTaskLists  tasks.o
    0x08004f84   0x00000058   Code   RO         8212    i.prvInsertTimerInActiveList  timers.o
    0x08004fdc   0x0000001a   Code   RO         7569    i.prvIsQueueEmpty   queue.o
    0x08004ff6   0x0000001e   Code   RO         7570    i.prvIsQueueFull    queue.o
    0x08005014   0x00000058   Code   RO         8213    i.prvProcessExpiredTimer  timers.o
    0x0800506c   0x000000c8   Code   RO         8214    i.prvProcessReceivedCommands  timers.o
    0x08005134   0x0000004c   Code   RO         8215    i.prvProcessTimerOrBlockTask  timers.o
    0x08005180   0x00000030   Code   RO         8216    i.prvSampleTimeNow  timers.o
    0x080051b0   0x00000094   Code   RO         8217    i.prvSwitchTimerLists  timers.o
    0x08005244   0x0000001a   Code   RO         8218    i.prvTimerTask      timers.o
    0x0800525e   0x0000007e   Code   RO         7571    i.prvUnlockQueue    queue.o
    0x080052dc   0x000000b8   Code   RO         8052    i.pvPortMalloc      heap_2.o
    0x08005394   0x00000020   Code   RO         7966    i.pxPortInitialiseStack  port.o
    0x080053b4   0x0000006e   Code   RO         8740    i.sqrt              m_wm.l(sqrt.o)
    0x08005422   0x00000028   Code   RO         8101    i.uxListRemove      list.o
    0x0800544a   0x00000002   PAD
    0x0800544c   0x00000058   Code   RO           12    i.vDA2_ReadSensor   main.o
    0x080054a4   0x00000014   Code   RO           13    i.vDA2_ShowLCD      main.o
    0x080054b8   0x0000001a   Code   RO         8102    i.vListInitialise   list.o
    0x080054d2   0x00000006   Code   RO         8103    i.vListInitialiseItem  list.o
    0x080054d8   0x00000034   Code   RO         8104    i.vListInsert       list.o
    0x0800550c   0x00000018   Code   RO         8105    i.vListInsertEnd    list.o
    0x08005524   0x00000020   Code   RO         7968    i.vPortEnterCritical  port.o
    0x08005544   0x00000020   Code   RO         7969    i.vPortExitCritical  port.o
    0x08005564   0x00000040   Code   RO         8053    i.vPortFree         heap_2.o
    0x080055a4   0x0000005c   Code   RO         7970    i.vPortSetupTimerInterrupt  port.o
    0x08005600   0x00000100   Code   RO         7971    i.vPortSuppressTicksAndSleep  port.o
    0x08005700   0x0000005c   Code   RO         7972    i.vPortValidateInterruptPriority  port.o
    0x0800575c   0x00000018   Code   RO         7973    i.vPortYield        port.o
    0x08005774   0x0000003a   Code   RO         7577    i.vQueueWaitForMessageRestricted  queue.o
    0x080057ae   0x00000002   PAD
    0x080057b0   0x00000038   Code   RO         7742    i.vTaskDelay        tasks.o
    0x080057e8   0x0000000c   Code   RO         7744    i.vTaskMissedYield  tasks.o
    0x080057f4   0x00000054   Code   RO         7745    i.vTaskPlaceOnEventList  tasks.o
    0x08005848   0x0000003c   Code   RO         7746    i.vTaskPlaceOnEventListRestricted  tasks.o
    0x08005884   0x00000050   Code   RO         7747    i.vTaskPriorityDisinherit  tasks.o
    0x080058d4   0x00000084   Code   RO         7748    i.vTaskPriorityInherit  tasks.o
    0x08005958   0x00000024   Code   RO         7751    i.vTaskSetTimeOutState  tasks.o
    0x0800597c   0x00000060   Code   RO         7752    i.vTaskStartScheduler  tasks.o
    0x080059dc   0x00000038   Code   RO         7753    i.vTaskStepTick     tasks.o
    0x08005a14   0x00000010   Code   RO         7755    i.vTaskSuspendAll   tasks.o
    0x08005a24   0x00000088   Code   RO         7756    i.vTaskSwitchContext  tasks.o
    0x08005aac   0x000000b4   Code   RO         7974    i.xPortStartScheduler  port.o
    0x08005b60   0x00000056   Code   RO         7580    i.xQueueGenericCreate  queue.o
    0x08005bb6   0x00000140   Code   RO         7581    i.xQueueGenericReceive  queue.o
    0x08005cf6   0x00000078   Code   RO         7582    i.xQueueGenericReset  queue.o
    0x08005d6e   0x0000011a   Code   RO         7583    i.xQueueGenericSend  queue.o
    0x08005e88   0x000000ac   Code   RO         7584    i.xQueueGenericSendFromISR  queue.o
    0x08005f34   0x00000074   Code   RO         7757    i.xTaskCheckForTimeOut  tasks.o
    0x08005fa8   0x00000130   Code   RO         7758    i.xTaskGenericCreate  tasks.o
    0x080060d8   0x0000000c   Code   RO         7759    i.xTaskGetCurrentTaskHandle  tasks.o
    0x080060e4   0x00000020   Code   RO         7760    i.xTaskGetSchedulerState  tasks.o
    0x08006104   0x00000018   Code   RO         7761    i.xTaskGetTickCount  tasks.o
    0x0800611c   0x00000150   Code   RO         7763    i.xTaskIncrementTick  tasks.o
    0x0800626c   0x00000080   Code   RO         7765    i.xTaskRemoveFromEventList  tasks.o
    0x080062ec   0x000000ec   Code   RO         7766    i.xTaskResumeAll    tasks.o
    0x080063d8   0x0000004c   Code   RO         8221    i.xTimerCreateTimerTask  timers.o
    0x08006424   0x00000068   Code   RO         8222    i.xTimerGenericCommand  timers.o
    0x0800648c   0x00002814   Data   RO         5084    .constdata          asciilib.o
    0x08008ca0   0x00000088   Data   RO         8382    .constdata          m_wm.l(pow.o)
    0x08008d28   0x00000008   Data   RO         8737    .constdata          m_wm.l(qnan.o)
    0x08008d30   0x000000c9   Data   RO           15    .conststring        main.o
    0x08008df9   0x00000003   PAD
    0x08008dfc   0x00000020   Data   RO         8801    Region$$Table       anon$$obj.o


    Execution Region ER_RW (Base: 0x20000000, Size: 0x0000030c, Max: 0xffffffff, ABSOLUTE, COMPRESSED[0x000000dc])

    Base Addr    Size         Type   Attr      Idx    E Section Name        Object

    0x20000000   0x000001d0   Data   RW           16    .data               main.o
    0x200001d0   0x00000014   Data   RW          375    .data               system_stm32f4xx_1.o
    0x200001e4   0x00000010   Data   RW         1683    .data               stm32f4xx_rcc.o
    0x200001f4   0x00000010   Data   RW         5159    .data               ssd1289.o
    0x20000204   0x0000000a   Data   RW         5415    .data               dht11.o
    0x2000020e   0x00000002   PAD
    0x20000210   0x00000010   Data   RW         6795    .data               tm_stm32f4_i2c.o
    0x20000220   0x00000011   Data   RW         6923    .data               tm_stm32f4_delay.o
    0x20000231   0x00000003   PAD
    0x20000234   0x00000060   Data   RW         7039    .data               tm_stm32f4_usart.o
    0x20000294   0x00000034   Data   RW         7769    .data               tasks.o
    0x200002c8   0x00000018   Data   RW         7975    .data               port.o
    0x200002e0   0x00000018   Data   RW         8057    .data               heap_2.o
    0x200002f8   0x00000010   Data   RW         8225    .data               timers.o
    0x20000308   0x00000004   Data   RW         8776    .data               mc_w.l(errno.o)


    Execution Region ER_ZI (Base: 0x2000030c, Size: 0x00013c74, Max: 0xffffffff, ABSOLUTE)

    Base Addr    Size         Type   Attr      Idx    E Section Name        Object

    0x2000030c   0x00000aa4   Zero   RW           14    .bss                main.o
    0x20000db0   0x00000016   Zero   RW         6479    .bss                tm_stm32f4_gpio.o
    0x20000dc6   0x00000002   PAD
    0x20000dc8   0x00000018   Zero   RW         6922    .bss                tm_stm32f4_delay.o
    0x20000de0   0x000000c0   Zero   RW         7038    .bss                tm_stm32f4_usart.o
    0x20000ea0   0x000000b4   Zero   RW         7768    .bss                tasks.o
    0x20000f54   0x00012c00   Zero   RW         8056    .bss                heap_2.o
    0x20013b54   0x00000028   Zero   RW         8224    .bss                timers.o
    0x20013b7c   0x00000004   PAD
    0x20013b80   0x00000400   Zero   RW         5072    STACK               startup_stm32f40_41xxx.o


==============================================================================

Image component sizes


      Code (inc. data)   RO Data    RW Data    ZI Data      Debug   Object Name

       160         26      10260          0          0       3668   asciilib.o
       478         34          0         10          0       6984   dht11.o
       304         46          0         24      76800       3807   heap_2.o
       152         12          0          0          0        620   i2c1.o
       148          0          0          0          0       3286   list.o
      1224        364        201        464       2724     334299   main.o
       120         14          0          0          0       1148   misc.o
       946        106          0         24          0       7319   port.o
      1380          0          0          0          0      10322   queue.o
      2182         50          0         16          0      12938   ssd1289.o
        36          8        392          0       1024        936   startup_stm32f40_41xxx.o
       316         24          0          0          0       3515   stm32f4xx_adc.o
       348         12          0          0          0       2197   stm32f4xx_fsmc.o
       240          0          0          0          0       3883   stm32f4xx_gpio.o
       394         28          0          0          0       3419   stm32f4xx_i2c.o
        20          0          0          0          0       2785   stm32f4xx_it.o
       360         42          0         16          0       5632   stm32f4xx_rcc.o
        96         10          0          0          0       1342   stm32f4xx_rtc.o
       132         28          0          0          0       1395   stm32f4xx_tim.o
       340         32          0         20          0       1829   system_stm32f4xx_1.o
      2454        360          0         52        180      22674   tasks.o
       970         84          0         16         40       8619   timers.o
      1094        226          0          0          0      12220   tm_stm32f4_adc.o
       380         36          0         17         24       3665   tm_stm32f4_delay.o
        68          8          0          0          0       1001   tm_stm32f4_disco.o
       156         14          0          0          0       2025   tm_stm32f4_ds1307.o
       380         10          0          0         22       4148   tm_stm32f4_gpio.o
      1138        104          0         16          0       8524   tm_stm32f4_i2c.o
       106         10          0          0          0       2459   tm_stm32f4_rtc.o
       768        122          0          0          0       2893   tm_stm32f4_timer_properties.o
       256         52          0         96        192       4856   tm_stm32f4_usart.o

    ----------------------------------------------------------------------
     17182       1862      10888        776      81012     484408   Object Totals
         0          0         32          0          0          0   (incl. Generated)
        36          0          3          5          6          0   (incl. Padding)

    ----------------------------------------------------------------------

      Code (inc. data)   RO Data    RW Data    ZI Data      Debug   Library Member Name

       164         44          0          0          0        620   dunder.o
        24          0          0          0          0        124   fabs.o
        48          0          0          0          0        124   fpclassify.o
       248          0          0          0          0        152   poly.o
      3152        296        136          0          0        352   pow.o
         0          0          8          0          0          0   qnan.o
       110          0          0          0          0        148   sqrt.o
        86          0          0          0          0          0   __dczerorl2.o
         0          0          0          0          0          0   entry.o
         0          0          0          0          0          0   entry10a.o
         0          0          0          0          0          0   entry11a.o
         8          4          0          0          0          0   entry2.o
         4          0          0          0          0          0   entry5.o
         0          0          0          0          0          0   entry7b.o
         0          0          0          0          0          0   entry8b.o
         8          4          0          0          0          0   entry9a.o
        12          6          0          4          0         68   errno.o
        30          0          0          0          0          0   handlers.o
        36          8          0          0          0         68   init.o
         0          0          0          0          0          0   iusefp.o
        30          0          0          0          0         68   llshl.o
        36          0          0          0          0         68   llsshr.o
        32          0          0          0          0         68   llushr.o
        36          0          0          0          0         68   memcpya.o
        36          0          0          0          0        108   memseta.o
      2276         86          0          0          0        520   printfa.o
        44          0          0          0          0         80   uidiv.o
        98          0          0          0          0         92   uldiv.o
        48          0          0          0          0         68   cdcmple.o
        48          0          0          0          0         68   cdrcmple.o
        56          0          0          0          0         88   d2f.o
       334          0          0          0          0        148   dadd.o
       222          0          0          0          0        100   ddiv.o
       186          0          0          0          0        176   depilogue.o
        50          0          0          0          0         76   dfixui.o
        48          0          0          0          0         68   dfixul.o
        34          0          0          0          0         76   dflti.o
        26          0          0          0          0         76   dfltui.o
       228          0          0          0          0         96   dmul.o
        46          0          0          0          0         80   dscalb.o
       162          0          0          0          0        100   dsqrt.o
        38          0          0          0          0         68   f2d.o
       110          0          0          0          0        168   fepilogue.o

    ----------------------------------------------------------------------
      8166        448        144          4          0       4184   Library Totals
        12          0          0          0          0          0   (incl. Padding)

    ----------------------------------------------------------------------

      Code (inc. data)   RO Data    RW Data    ZI Data      Debug   Library Name

      3746        340        144          0          0       1520   m_wm.l
      2772        108          0          4          0       1208   mc_w.l
      1636          0          0          0          0       1456   mf_w.l

    ----------------------------------------------------------------------
      8166        448        144          4          0       4184   Library Totals

    ----------------------------------------------------------------------

==============================================================================


      Code (inc. data)   RO Data    RW Data    ZI Data      Debug   

     25348       2310      11032        780      81012     467772   Grand Totals
     25348       2310      11032        220      81012     467772   ELF Image Totals (compressed)
     25348       2310      11032        220          0          0   ROM Totals

==============================================================================

    Total RO  Size (Code + RO Data)                36380 (  35.53kB)
    Total RW  Size (RW Data + ZI Data)             81792 (  79.88kB)
    Total ROM Size (Code + RO Data + RW Data)      36600 (  35.74kB)

==============================================================================

