<html>
<body>
<pre>
<h1>µVision Build Log</h1>
<h2>Tool Versions:</h2>
IDE-Version: µVision V5.13.0.0
Copyright (C) 2014 ARM Ltd and ARM Germany GmbH. All rights reserved.
License Information: Tien Dat Nguyen Tran, TIENDAT, LIC=D0D56-D6Q83-007N9-4SYBN-HLE2L-TZCCU
 
Tool Versions:
Toolchain:       MDK-ARM Standard  Version: 5.13.0.0
Toolchain Path:  C:\Program Files\Keil_v5\ARM\ARMCC\Bin
C Compiler:      Armcc.exe V5.05 update 1 (build 106)
Assembler:       Armasm.exe V5.05 update 1 (build 106)
Linker/Locator:  ArmLink.exe V5.05 update 1 (build 106)
Library Manager: ArmAr.exe V5.05 update 1 (build 106)
Hex Converter:   FromElf.exe V5.05 update 1 (build 106)
CPU DLL:         SARMCM3.DLL V5.13.0.0
Dialog DLL:      DCM.DLL V1.13.1.0
Target DLL:      STLink\ST-LINKIII-KEIL_SWO.dll V2.0.14.0_KEIL
Dialog DLL:      TCM.DLL V1.14.4.0
 
<h2>Project:</h2>
E:\BitBucketCode\MDK-ARM\MAIN_BOARD.uvprojx
Project File Date:  06/05/2016

<h2>Output:</h2>
Build target 'STM32F407'
compiling main.c...
..\User\main.c(116): warning:  #111-D: statement is unreachable
      if(initTask())
..\User\main.c(52): warning:  #177-D: variable "i" was declared but never referenced
      int i =0;
..\User\main.c(185): warning:  #550-D: parameter "weatherForecast" was set but never used
  int ResetWeather(WeatherForecast weatherForecast)
..\User\main.c(213): warning:  #177-D: variable "i" was declared but never referenced
      int i =0;
..\User\main.c(372): warning:  #1035-D: single-precision operand implicitly converted to double-precision
          if (WthFor.output <= 0.575)
..\User\main.c(376): warning:  #1035-D: single-precision operand implicitly converted to double-precision
          else if(WthFor.output <=0.605)
..\User\main.c(433): warning:  #940-D: missing return statement at end of non-void function "averageWth"
  }
..\User\main.c(28): warning:  #177-D: variable "pipe_check" was declared but never referenced
  static uint8_t pipe_check=0xff;
..\User\main.c(288): warning:  #177-D: function "vDA2_readRTC" was declared but never referenced
  static void vDA2_readRTC(void *pvParameters)
..\User\main.c: 9 warnings, 0 errors
compiling system_stm32f4xx.c...
linking...
.\Objects\MAIN_BOARD.axf: Warning: L6304W: Duplicate input file .\objects\system_stm32f4xx_1.o ignored.
Program Size: Code=16864 RO-data=10888 RW-data=736 ZI-data=2568  
Finished: 0 information, 1 warning and 0 error messages.
FromELF: creating hex file...
".\Objects\MAIN_BOARD.axf" - 0 Error(s), 10 Warning(s).

<h2>Collection of Component include folders:</h2>
  E:\BitBucketCode\MDK-ARM\RTE
  C:\Keil_v5\ARM\PACK\Keil\STM32F4xx_DFP\2.7.0

<h2>Collection of Component Files used:</h2>
</pre>
</body>
</html>
